Running 229 test files...

=== tests/ci-smoke.mjs ===
[CI] Smoke test passed. Core entrypoint files are present.
[CI] Verified: 11 required files.

=== tests/accessibility-test.mjs ===
TAP version 13
# Subtest: applyReducedMotion toggles class on documentElement
ok 1 - applyReducedMotion toggles class on documentElement
  ---
  duration_ms: 2.495101
  type: 'test'
  ...
1..1
# tests 1
# suites 0
# pass 1
# fail 0
# cancelled 0
# skipped 0
# todo 0
# duration_ms 11.629101

=== tests/achievement-notifications-test.mjs ===
  PASS: first_blood achievement exists

--- Achievement Notifications ---
  PASS: No duplicate notification for first_blood
  PASS: New achievement creates at least one notification
  PASS: Notification includes first_blood
  PASS: Notification id is a string
  PASS: Notification name is a string
  PASS: Notification timestamp is a number
  PASS: Notifications is an array after consume
  PASS: Notifications cleared after consume
  PASS: No notifications when first_blood already unlocked
  PASS: Multiple notifications created for multiple unlocks
Achievement notifications tests: passed=11, failed=0

=== tests/achievement-toast-queue-test.mjs ===
TAP version 13
# Subtest: selectUniqueAchievementToastEntries dedupes by id already in-flight and within batch
ok 1 - selectUniqueAchievementToastEntries dedupes by id already in-flight and within batch
  ---
  duration_ms: 1.735359
  type: 'test'
  ...
# Subtest: selectUniqueAchievementToastEntries keeps id-less entries
ok 2 - selectUniqueAchievementToastEntries keeps id-less entries
  ---
  duration_ms: 0.189455
  type: 'test'
  ...
1..2
# tests 2
# suites 0
# pass 2
# fail 0
# cancelled 0
# skipped 0
# todo 0
# duration_ms 10.188681

=== tests/achievements-test.mjs ===
Running Achievement System Tests...

✓ first_blood: Unlock on first kill
✓ first_blood: Not unlocked with zero kills
✓ veteran: Unlock at 10 kills
✓ veteran: Not unlocked at 9 kills
✓ slayer: Unlock at 50 kills
✓ slayer: Not unlocked at 49 kills
✓ legend: Unlock at 100 kills
✓ perfect_combat: Unlock with perfect combat flag
✓ perfect_combat: Not unlocked without flag
✓ first_steps: Unlock on first room explored
✓ first_steps: Not unlocked with no exploration
✓ wanderer: Unlock at 5 rooms explored
✓ pathfinder: Unlock at 15 rooms explored
✓ cartographer: Unlock at 30 rooms explored
✓ apprentice: Unlock at level 5
✓ apprentice: Not unlocked at level 4
✓ journeyman: Unlock at level 10
✓ expert: Unlock at level 15
✓ master: Unlock at level 20
✓ xp_hunter: Unlock at 1000 XP
✓ xp_master: Unlock at 5000 XP
✓ first_coin: Unlock at 100 gold
✓ first_coin: Not unlocked at 99 gold
✓ wealthy: Unlock at 500 gold
✓ tycoon: Unlock at 2000 gold
✓ rare_collector: Unlock with rare item in inventory
✓ rare_collector: Not unlocked without rare items
✓ epic_collector: Unlock with epic item in inventory
✓ merchant: Unlock with 5 shop purchases
✓ shopaholic: Unlock with 20 shop purchases
✓ high_roller: Unlock at tavern streak 3
✓ high_roller: Not unlocked at tavern streak 2
✓ house_always_wins: Unlock with 1 tavern bust
✓ house_always_wins: Not unlocked with 0 tavern busts
✓ quest_starter: Unlock on first quest accepted
✓ quest_seeker: Unlock with 3 completed quests
✓ quest_master: Unlock with 10 completed quests
✓ getProgress: Returns correct progress for veteran (7/10)
✓ getProgress: Returns 0 for undefined achievement
✓ getAchievementsByCategory: Returns combat achievements
✓ getAchievementsByCategory: Returns exploration achievements
✓ getAchievementsByCategory: Returns empty for invalid category
✓ getTotalCount: Matches achievement list length
✓ getUnlockedCount: Returns correct count
✓ getUnlockedCount: Returns 0 for fresh state
✓ Edge case: Negative values do not unlock achievements
✓ Edge case: Undefined state properties default to safe values
✓ Edge case: Very large numbers do not break system
✓ Persistence: Previously unlocked achievements remain unlocked
✓ Integration: Multiple achievements unlock simultaneously
✓ getAllAchievements: Returns complete achievement list
✓ pacifist_floor_5: Unlocks at floor 5 with no kills and locks with kills
✓ pacifist_floor_10: Unlocks at floor 10 with no kills
✓ low_kill_victory: Unlocks below 20 kills and locks at 20 or more
✓ bestiary_complete: Unlocks with all known enemies
✓ recipe_master: Unlocks with all known recipes
✓ equipment_collector: Unlocks with 25 unique equipment types
✓ speed_runner: Unlocks under 60 minutes and locks above it
✓ speed_demon: Unlocks under 30 minutes

==================================================
Test Results: 59 passed, 0 failed
==================================================

=== tests/achievements-ui-test.mjs ===
achievements-ui module import test passed

=== tests/area-scene-renderer-test.mjs ===
TAP version 13
# Subtest: Area Scene Renderer
    # Subtest: returns empty string when phase is not exploration
    ok 1 - returns empty string when phase is not exploration
      ---
      duration_ms: 1.322514
      type: 'test'
      ...
    # Subtest: returns empty string for null state
    ok 2 - returns empty string for null state
      ---
      duration_ms: 0.161189
      type: 'test'
      ...
    # Subtest: returns empty string for undefined state
    ok 3 - returns empty string for undefined state
      ---
      duration_ms: 0.151672
      type: 'test'
      ...
    # Subtest: returns empty string for missing world data
    ok 4 - returns empty string for missing world data
      ---
      duration_ms: 0.24435
      type: 'test'
      ...
    # Subtest: returns empty string for invalid coordinates
    ok 5 - returns empty string for invalid coordinates
      ---
      duration_ms: 0.191007
      type: 'test'
      ...
    # Subtest: renders area scene for Village Square (center)
    ok 6 - renders area scene for Village Square (center)
      ---
      duration_ms: 0.740234
      type: 'test'
      ...
    # Subtest: renders area scene for Northwest Grove
    ok 7 - renders area scene for Northwest Grove
      ---
      duration_ms: 0.259609
      type: 'test'
      ...
    # Subtest: renders area scene for Southeast Dock
    ok 8 - renders area scene for Southeast Dock
      ---
      duration_ms: 0.478952
      type: 'test'
      ...
    # Subtest: renders all 9 rooms without errors
    ok 9 - renders all 9 rooms without errors
      ---
      duration_ms: 2.735863
      type: 'test'
      ...
    # Subtest: player marker position uses state coordinates
    ok 10 - player marker position uses state coordinates
      ---
      duration_ms: 0.679927
      type: 'test'
      ...
    # Subtest: renders NPC icons when NPCs are present in room
    ok 11 - renders NPC icons when NPCs are present in room
      ---
      duration_ms: 0.176719
      type: 'test'
      ...
    # Subtest: escapes HTML in labels
    ok 12 - escapes HTML in labels
      ---
      duration_ms: 0.138136
      type: 'test'
      ...
    1..12
ok 1 - Area Scene Renderer
  ---
  duration_ms: 9.082533
  type: 'suite'
  ...
# Subtest: Area Scene Styles
    # Subtest: returns a non-empty CSS string
    ok 1 - returns a non-empty CSS string
      ---
      duration_ms: 0.295389
      type: 'test'
      ...
    # Subtest: includes key CSS classes
    ok 2 - includes key CSS classes
      ---
      duration_ms: 0.126864
      type: 'test'
      ...
    # Subtest: includes exit lock styles
    ok 3 - includes exit lock styles
      ---
      duration_ms: 0.110593
      type: 'test'
      ...
    1..3
ok 2 - Area Scene Styles
  ---
  duration_ms: 0.705799
  type: 'suite'
  ...
1..2
# tests 15
# suites 2
# pass 15
# fail 0
# cancelled 0
# skipped 0
# todo 0
# duration_ms 29.028123

=== tests/arena-tournament-system-test.mjs ===
TAP version 13
# Subtest: Arena Tournament System - Constants
    # Subtest: should define tournament types
    ok 1 - should define tournament types
      ---
      duration_ms: 0.913027
      type: 'test'
      ...
    # Subtest: should define arena tiers
    ok 2 - should define arena tiers
      ---
      duration_ms: 0.14065
      type: 'test'
      ...
    # Subtest: should define match results
    ok 3 - should define match results
      ---
      duration_ms: 0.187621
      type: 'test'
      ...
    # Subtest: should have tournament definitions
    ok 4 - should have tournament definitions
      ---
      duration_ms: 0.214002
      type: 'test'
      ...
    # Subtest: should have valid tournament properties
    ok 5 - should have valid tournament properties
      ---
      duration_ms: 0.165818
      type: 'test'
      ...
    1..5
ok 1 - Arena Tournament System - Constants
  ---
  duration_ms: 2.77025
  type: 'suite'
  ...
# Subtest: Arena Tournament System - State Creation
    # Subtest: should create initial arena state
    ok 1 - should create initial arena state
      ---
      duration_ms: 0.257565
      type: 'test'
      ...
    # Subtest: should initialize match history as empty array
    ok 2 - should initialize match history as empty array
      ---
      duration_ms: 0.254429
      type: 'test'
      ...
    # Subtest: should initialize season stats
    ok 3 - should initialize season stats
      ---
      duration_ms: 0.338793
      type: 'test'
      ...
    # Subtest: should have null active tournament initially
    ok 4 - should have null active tournament initially
      ---
      duration_ms: 0.328011
      type: 'test'
      ...
    1..4
ok 2 - Arena Tournament System - State Creation
  ---
  duration_ms: 1.748043
  type: 'suite'
  ...
# Subtest: Arena Tournament System - Tier System
    # Subtest: should return bronze for low rating
    ok 1 - should return bronze for low rating
      ---
      duration_ms: 0.396644
      type: 'test'
      ...
    # Subtest: should return silver for rating 500-1199
    ok 2 - should return silver for rating 500-1199
      ---
      duration_ms: 0.159738
      type: 'test'
      ...
    # Subtest: should return gold for rating 1200-1999
    ok 3 - should return gold for rating 1200-1999
      ---
      duration_ms: 0.120862
      type: 'test'
      ...
    # Subtest: should return platinum for rating 2000-2999
    ok 4 - should return platinum for rating 2000-2999
      ---
      duration_ms: 0.183763
      type: 'test'
      ...
    # Subtest: should return diamond for rating 3000-4499
    ok 5 - should return diamond for rating 3000-4499
      ---
      duration_ms: 1.333906
      type: 'test'
      ...
    # Subtest: should return champion for rating 4500+
    ok 6 - should return champion for rating 4500+
      ---
      duration_ms: 0.110673
      type: 'test'
      ...
    # Subtest: should calculate tier progress correctly
    ok 7 - should calculate tier progress correctly
      ---
      duration_ms: 0.21804
      type: 'test'
      ...
    # Subtest: should show no next tier for champion
    ok 8 - should show no next tier for champion
      ---
      duration_ms: 0.102567
      type: 'test'
      ...
    # Subtest: should clamp progress between 0 and 1
    ok 9 - should clamp progress between 0 and 1
      ---
      duration_ms: 0.126143
      type: 'test'
      ...
    1..9
ok 3 - Arena Tournament System - Tier System
  ---
  duration_ms: 3.075376
  type: 'suite'
  ...
# Subtest: Arena Tournament System - Opponent Generation
    # Subtest: should generate opponent with valid structure
    ok 1 - should generate opponent with valid structure
      ---
      duration_ms: 0.427933
      type: 'test'
      ...
    # Subtest: should generate opponent with level near player level
    ok 2 - should generate opponent with level near player level
      ---
      duration_ms: 0.128428
      type: 'test'
      ...
    # Subtest: should scale opponent with difficulty modifier
    ok 3 - should scale opponent with difficulty modifier
      ---
      duration_ms: 0.129469
      type: 'test'
      ...
    # Subtest: should generate opponent with valid stats
    ok 4 - should generate opponent with valid stats
      ---
      duration_ms: 0.149839
      type: 'test'
      ...
    # Subtest: should generate abilities based on level
    ok 5 - should generate abilities based on level
      ---
      duration_ms: 0.124379
      type: 'test'
      ...
    # Subtest: should always include basic attack
    ok 6 - should always include basic attack
      ---
      duration_ms: 0.10938
      type: 'test'
      ...
    # Subtest: should generate unique IDs
    ok 7 - should generate unique IDs
      ---
      duration_ms: 0.292303
      type: 'test'
      ...
    # Subtest: should generate rewards based on level and difficulty
    ok 8 - should generate rewards based on level and difficulty
      ---
      duration_ms: 0.106595
      type: 'test'
      ...
    1..8
ok 4 - Arena Tournament System - Opponent Generation
  ---
  duration_ms: 1.728675
  type: 'suite'
  ...
# Subtest: Arena Tournament System - Rating Calculation
    # Subtest: should gain rating on win against equal opponent
    ok 1 - should gain rating on win against equal opponent
      ---
      duration_ms: 0.191057
      type: 'test'
      ...
    # Subtest: should lose rating on loss against equal opponent
    ok 2 - should lose rating on loss against equal opponent
      ---
      duration_ms: 0.211998
      type: 'test'
      ...
    # Subtest: should have no change on draw against equal opponent
    ok 3 - should have no change on draw against equal opponent
      ---
      duration_ms: 0.093469
      type: 'test'
      ...
    # Subtest: should gain more on upset win
    ok 4 - should gain more on upset win
      ---
      duration_ms: 0.126344
      type: 'test'
      ...
    # Subtest: should lose less on expected loss
    ok 5 - should lose less on expected loss
      ---
      duration_ms: 0.108388
      type: 'test'
      ...
    # Subtest: should handle forfeit as loss
    ok 6 - should handle forfeit as loss
      ---
      duration_ms: 0.098229
      type: 'test'
      ...
    1..6
ok 5 - Arena Tournament System - Rating Calculation
  ---
  duration_ms: 1.051142
  type: 'suite'
  ...
# Subtest: Arena Tournament System - Match Result Processing
    # Subtest: should update rating on win
    ok 1 - should update rating on win
      ---
      duration_ms: 0.771254
      type: 'test'
      ...
    # Subtest: should increment wins counter on win
    ok 2 - should increment wins counter on win
      ---
      duration_ms: 0.201988
      type: 'test'
      ...
    # Subtest: should increment losses counter on loss
    ok 3 - should increment losses counter on loss
      ---
      duration_ms: 0.529739
      type: 'test'
      ...
    # Subtest: should track win streak
    ok 4 - should track win streak
      ---
      duration_ms: 0.255892
      type: 'test'
      ...
    # Subtest: should reset win streak on loss
    ok 5 - should reset win streak on loss
      ---
      duration_ms: 0.228349
      type: 'test'
      ...
    # Subtest: should track best win streak
    ok 6 - should track best win streak
      ---
      duration_ms: 0.402034
      type: 'test'
      ...
    # Subtest: should add match to history
    ok 7 - should add match to history
      ---
      duration_ms: 0.2389
      type: 'test'
      ...
    # Subtest: should limit match history to 100 entries
    ok 8 - should limit match history to 100 entries
      ---
      duration_ms: 0.283396
      type: 'test'
      ...
    # Subtest: should provide rewards on win
    ok 9 - should provide rewards on win
      ---
      duration_ms: 0.204203
      type: 'test'
      ...
    # Subtest: should provide streak bonus at 3+ streak
    ok 10 - should provide streak bonus at 3+ streak
      ---
      duration_ms: 0.968964
      type: 'test'
      ...
    # Subtest: should detect tier promotion
    ok 11 - should detect tier promotion
      ---
      duration_ms: 0.222748
      type: 'test'
      ...
    # Subtest: should update season stats
    ok 12 - should update season stats
      ---
      duration_ms: 0.208202
      type: 'test'
      ...
    # Subtest: should not go below 0 rating
    ok 13 - should not go below 0 rating
      ---
      duration_ms: 0.207339
      type: 'test'
      ...
    1..13
ok 6 - Arena Tournament System - Match Result Processing
  ---
  duration_ms: 5.209863
  type: 'suite'
  ...
# Subtest: Arena Tournament System - Tournament Creation
    # Subtest: should create single elimination tournament
    ok 1 - should create single elimination tournament
      ---
      duration_ms: 0.636926
      type: 'test'
      ...
    # Subtest: should reject if level too low
    ok 2 - should reject if level too low
      ---
      duration_ms: 0.122847
      type: 'test'
      ...
    # Subtest: should reject if insufficient gold
    ok 3 - should reject if insufficient gold
      ---
      duration_ms: 0.099371
      type: 'test'
      ...
    # Subtest: should include player in participants
    ok 4 - should include player in participants
      ---
      duration_ms: 0.338651
      type: 'test'
      ...
    # Subtest: should generate bracket
    ok 5 - should generate bracket
      ---
      duration_ms: 0.23378
      type: 'test'
      ...
    # Subtest: should create gauntlet tournament
    ok 6 - should create gauntlet tournament
      ---
      duration_ms: 0.26516
      type: 'test'
      ...
    # Subtest: should create round robin tournament
    ok 7 - should create round robin tournament
      ---
      duration_ms: 0.396092
      type: 'test'
      ...
    # Subtest: should return error for invalid tournament
    ok 8 - should return error for invalid tournament
      ---
      duration_ms: 0.154528
      type: 'test'
      ...
    1..8
ok 7 - Arena Tournament System - Tournament Creation
  ---
  duration_ms: 2.560416
  type: 'suite'
  ...
# Subtest: Arena Tournament System - Tournament Match Finding
    # Subtest: should find next player match in single elimination
    ok 1 - should find next player match in single elimination
      ---
      duration_ms: 0.31682
      type: 'test'
      ...
    # Subtest: should return null if player eliminated
    ok 2 - should return null if player eliminated
      ---
      duration_ms: 0.172061
      type: 'test'
      ...
    # Subtest: should find match in gauntlet
    ok 3 - should find match in gauntlet
      ---
      duration_ms: 0.352628
      type: 'test'
      ...
    # Subtest: should find match in round robin
    ok 4 - should find match in round robin
      ---
      duration_ms: 0.221125
      type: 'test'
      ...
    1..4
ok 8 - Arena Tournament System - Tournament Match Finding
  ---
  duration_ms: 1.241037
  type: 'suite'
  ...
# Subtest: Arena Tournament System - Tournament Result Recording
    # Subtest: should record single elimination match result
    ok 1 - should record single elimination match result
      ---
      duration_ms: 0.417954
      type: 'test'
      ...
    # Subtest: should eliminate player on loss
    ok 2 - should eliminate player on loss
      ---
      duration_ms: 0.196297
      type: 'test'
      ...
    # Subtest: should record gauntlet result
    ok 3 - should record gauntlet result
      ---
      duration_ms: 1.278559
      type: 'test'
      ...
    # Subtest: should end gauntlet on player loss
    ok 4 - should end gauntlet on player loss
      ---
      duration_ms: 0.153626
      type: 'test'
      ...
    # Subtest: should update round robin standings
    ok 5 - should update round robin standings
      ---
      duration_ms: 0.30121
      type: 'test'
      ...
    # Subtest: should handle round robin draw
    ok 6 - should handle round robin draw
      ---
      duration_ms: 0.19267
      type: 'test'
      ...
    1..6
ok 9 - Arena Tournament System - Tournament Result Recording
  ---
  duration_ms: 2.79179
  type: 'suite'
  ...
# Subtest: Arena Tournament System - Tournament Rewards
    # Subtest: should return rewards for gauntlet completion
    ok 1 - should return rewards for gauntlet completion
      ---
      duration_ms: 0.266293
      type: 'test'
      ...
    # Subtest: should return partial rewards for partial gauntlet
    ok 2 - should return partial rewards for partial gauntlet
      ---
      duration_ms: 0.180267
      type: 'test'
      ...
    # Subtest: should return first place rewards for winner
    ok 3 - should return first place rewards for winner
      ---
      duration_ms: 0.184264
      type: 'test'
      ...
    1..3
ok 10 - Arena Tournament System - Tournament Rewards
  ---
  duration_ms: 0.776384
  type: 'suite'
  ...
# Subtest: Arena Tournament System - Arena Statistics
    # Subtest: should calculate win rate correctly
    ok 1 - should calculate win rate correctly
      ---
      duration_ms: 0.223179
      type: 'test'
      ...
    # Subtest: should handle zero matches
    ok 2 - should handle zero matches
      ---
      duration_ms: 0.105112
      type: 'test'
      ...
    # Subtest: should calculate recent win rate from last 10 matches
    ok 3 - should calculate recent win rate from last 10 matches
      ---
      duration_ms: 0.143876
      type: 'test'
      ...
    # Subtest: should include tier progress
    ok 4 - should include tier progress
      ---
      duration_ms: 0.100183
      type: 'test'
      ...
    1..4
ok 11 - Arena Tournament System - Arena Statistics
  ---
  duration_ms: 0.696049
  type: 'suite'
  ...
# Subtest: Arena Tournament System - Season Reset
    # Subtest: should increment season number
    ok 1 - should increment season number
      ---
      duration_ms: 0.22337
      type: 'test'
      ...
    # Subtest: should soft reset rating towards 1000
    ok 2 - should soft reset rating towards 1000
      ---
      duration_ms: 0.105022
      type: 'test'
      ...
    # Subtest: should preserve previous season data
    ok 3 - should preserve previous season data
      ---
      duration_ms: 0.108959
      type: 'test'
      ...
    # Subtest: should reset season wins/losses
    ok 4 - should reset season wins/losses
      ---
      duration_ms: 0.102146
      type: 'test'
      ...
    1..4
ok 12 - Arena Tournament System - Season Reset
  ---
  duration_ms: 0.656793
  type: 'suite'
  ...
# Subtest: Arena Tournament System - State Validation
    # Subtest: should validate correct state
    ok 1 - should validate correct state
      ---
      duration_ms: 0.180147
      type: 'test'
      ...
    # Subtest: should reject null state
    ok 2 - should reject null state
      ---
      duration_ms: 0.089462
      type: 'test'
      ...
    # Subtest: should reject non-object state
    ok 3 - should reject non-object state
      ---
      duration_ms: 0.093339
      type: 'test'
      ...
    # Subtest: should reject negative rating
    ok 4 - should reject negative rating
      ---
      duration_ms: 0.085244
      type: 'test'
      ...
    # Subtest: should reject invalid tier
    ok 5 - should reject invalid tier
      ---
      duration_ms: 0.083721
      type: 'test'
      ...
    # Subtest: should reject negative wins
    ok 6 - should reject negative wins
      ---
      duration_ms: 0.136934
      type: 'test'
      ...
    # Subtest: should reject non-array match history
    ok 7 - should reject non-array match history
      ---
      duration_ms: 0.087047
      type: 'test'
      ...
    1..7
ok 13 - Arena Tournament System - State Validation
  ---
  duration_ms: 0.951481
  type: 'suite'
  ...
# Subtest: Arena Tournament System - HTML Escaping
    # Subtest: should escape HTML special characters
    ok 1 - should escape HTML special characters
      ---
      duration_ms: 0.203852
      type: 'test'
      ...
    # Subtest: should handle non-string input
    ok 2 - should handle non-string input
      ---
      duration_ms: 0.095675
      type: 'test'
      ...
    # Subtest: should handle empty string
    ok 3 - should handle empty string
      ---
      duration_ms: 0.146071
      type: 'test'
      ...
    1..3
ok 14 - Arena Tournament System - HTML Escaping
  ---
  duration_ms: 0.578904
  type: 'suite'
  ...
# Subtest: Arena Tournament System - UI Rendering
    # Subtest: should render arena panel
    ok 1 - should render arena panel
      ---
      duration_ms: 0.411903
      type: 'test'
      ...
    # Subtest: should render tier badge
    ok 2 - should render tier badge
      ---
      duration_ms: 1.331221
      type: 'test'
      ...
    # Subtest: should render quick match button when option set
    ok 3 - should render quick match button when option set
      ---
      duration_ms: 0.209755
      type: 'test'
      ...
    # Subtest: should render tournaments when option set
    ok 4 - should render tournaments when option set
      ---
      duration_ms: 0.289858
      type: 'test'
      ...
    # Subtest: should escape HTML in panel
    ok 5 - should escape HTML in panel
      ---
      duration_ms: 0.39528
      type: 'test'
      ...
    # Subtest: should render active tournament
    ok 6 - should render active tournament
      ---
      duration_ms: 0.397745
      type: 'test'
      ...
    # Subtest: should render empty state for null tournament
    ok 7 - should render empty state for null tournament
      ---
      duration_ms: 0.117827
      type: 'test'
      ...
    # Subtest: should render match result popup
    ok 8 - should render match result popup
      ---
      duration_ms: 0.19178
      type: 'test'
      ...
    # Subtest: should render loss result
    ok 9 - should render loss result
      ---
      duration_ms: 0.115583
      type: 'test'
      ...
    # Subtest: should render tier promotion
    ok 10 - should render tier promotion
      ---
      duration_ms: 0.233659
      type: 'test'
      ...
    1..10
ok 15 - Arena Tournament System - UI Rendering
  ---
  duration_ms: 4.08052
  type: 'suite'
  ...
# Subtest: Arena Tournament System - Leaderboard Rendering
    # Subtest: should render leaderboard
    ok 1 - should render leaderboard
      ---
      duration_ms: 0.264499
      type: 'test'
      ...
    # Subtest: should render empty leaderboard message
    ok 2 - should render empty leaderboard message
      ---
      duration_ms: 0.094361
      type: 'test'
      ...
    # Subtest: should render null leaderboard message
    ok 3 - should render null leaderboard message
      ---
      duration_ms: 0.093429
      type: 'test'
      ...
    1..3
ok 16 - Arena Tournament System - Leaderboard Rendering
  ---
  duration_ms: 0.588763
  type: 'suite'
  ...
# Subtest: Arena Tournament System - Match History Rendering
    # Subtest: should render match history
    ok 1 - should render match history
      ---
      duration_ms: 21.02098
      type: 'test'
      ...
    # Subtest: should render empty history message
    ok 2 - should render empty history message
      ---
      duration_ms: 0.184135
      type: 'test'
      ...
    # Subtest: should limit to 20 entries
    ok 3 - should limit to 20 entries
      ---
      duration_ms: 0.335786
      type: 'test'
      ...
    1..3
ok 17 - Arena Tournament System - Match History Rendering
  ---
  duration_ms: 21.707841
  type: 'suite'
  ...
# Subtest: Arena Tournament System - HUD Rendering
    # Subtest: should render arena HUD
    ok 1 - should render arena HUD
      ---
      duration_ms: 0.210545
      type: 'test'
      ...
    # Subtest: should show streak indicator at 3+ wins
    ok 2 - should show streak indicator at 3+ wins
      ---
      duration_ms: 0.133147
      type: 'test'
      ...
    # Subtest: should not show streak below 3
    ok 3 - should not show streak below 3
      ---
      duration_ms: 0.108559
      type: 'test'
      ...
    1..3
ok 18 - Arena Tournament System - HUD Rendering
  ---
  duration_ms: 0.602479
  type: 'suite'
  ...
# Subtest: Arena Tournament System - Season Summary Rendering
    # Subtest: should render season summary
    ok 1 - should render season summary
      ---
      duration_ms: 0.194775
      type: 'test'
      ...
    # Subtest: should calculate win rate in summary
    ok 2 - should calculate win rate in summary
      ---
      duration_ms: 0.109501
      type: 'test'
      ...
    1..2
ok 19 - Arena Tournament System - Season Summary Rendering
  ---
  duration_ms: 0.403776
  type: 'suite'
  ...
# Subtest: Arena Tournament System - Styles
    # Subtest: should return CSS styles
    ok 1 - should return CSS styles
      ---
      duration_ms: 0.161872
      type: 'test'
      ...
    1..1
ok 20 - Arena Tournament System - Styles
  ---
  duration_ms: 0.235432
  type: 'suite'
  ...
# Subtest: Arena Tournament System - Security
    # Subtest: should not contain banned words in source
    ok 1 - should not contain banned words in source
      ---
      duration_ms: 3.294378
      type: 'test'
      ...
    # Subtest: should escape user-controlled strings
    ok 2 - should escape user-controlled strings
      ---
      duration_ms: 0.106695
      type: 'test'
      ...
    1..2
ok 21 - Arena Tournament System - Security
  ---
  duration_ms: 3.495975
  type: 'suite'
  ...
1..21
# tests 108
# suites 21
# pass 108
# fail 0
# cancelled 0
# skipped 0
# todo 0
# duration_ms 116.320523

=== tests/atmosphere-integration-test.mjs ===
TAP version 13
# Subtest: Location Atmosphere Integration
    # Subtest: renderAtmospherePanel returns HTML for valid exploration state
    ok 1 - renderAtmospherePanel returns HTML for valid exploration state
      ---
      duration_ms: 3.723023
      type: 'test'
      ...
    # Subtest: renderAtmospherePanel returns fallback for unknown coordinates
    ok 2 - renderAtmospherePanel returns fallback for unknown coordinates
      ---
      duration_ms: 0.325426
      type: 'test'
      ...
    # Subtest: renderAtmospherePanel handles missing state gracefully
    ok 3 - renderAtmospherePanel handles missing state gracefully
      ---
      duration_ms: 0.303174
      type: 'test'
      ...
    # Subtest: renderAtmospherePanel handles null state gracefully
    ok 4 - renderAtmospherePanel handles null state gracefully
      ---
      duration_ms: 0.867719
      type: 'test'
      ...
    # Subtest: all 9 locations returned by getAllLocations
    ok 5 - all 9 locations returned by getAllLocations
      ---
      duration_ms: 0.888419
      type: 'test'
      ...
    # Subtest: each location renders its icon and name in the panel
    ok 6 - each location renders its icon and name in the panel
      ---
      duration_ms: 0.709624
      type: 'test'
      ...
    # Subtest: getAmbientEvent returns a string for known rooms
    ok 7 - getAmbientEvent returns a string for known rooms
      ---
      duration_ms: 0.364261
      type: 'test'
      ...
    # Subtest: getLocationData returns data by roomId
    ok 8 - getLocationData returns data by roomId
      ---
      duration_ms: 0.456959
      type: 'test'
      ...
    # Subtest: getLocationData returns data by coordinates
    ok 9 - getLocationData returns data by coordinates
      ---
      duration_ms: 0.477739
      type: 'test'
      ...
    # Subtest: getLocationData returns null for unknown room
    ok 10 - getLocationData returns null for unknown room
      ---
      duration_ms: 0.786623
      type: 'test'
      ...
    # Subtest: render.js imports renderAtmospherePanel
    ok 11 - render.js imports renderAtmospherePanel
      ---
      duration_ms: 1.990651
      type: 'test'
      ...
    1..11
ok 1 - Location Atmosphere Integration
  ---
  duration_ms: 13.989243
  type: 'suite'
  ...
1..1
# tests 11
# suites 1
# pass 11
# fail 0
# cancelled 0
# skipped 0
# todo 0
# duration_ms 38.74132

=== tests/audio-system-test.mjs ===

--- audio-system import ---
  PASS: audio-system module imported without errors
  PASS: getSfx export is available
  PASS: initAudio export is available
  PASS: updateAudioSettings export is available

========================================
Results: 4 passed, 0 failed
========================================

=== tests/audio-whitespace-guard-test.mjs ===
Audio whitespace guard:
  bytes: 9096
  spaces: 1274 (14.01%)
  maxLeadingSpaces: 6
[audio-whitespace-guard-test] OK

=== tests/background-select-flow-test.mjs ===
✅ class selection moves to background selection phase
✅ background selection applies bonuses and enters exploration
✅ background bonuses adjust gold values
✅ class selection preserves disabled tutorial hints

=== tests/battle-log-test.mjs ===
TAP version 13
# Subtest: addEntry stores entries with timestamp and turn context
ok 1 - addEntry stores entries with timestamp and turn context
  ---
  duration_ms: 1.81914
  type: 'test'
  ...
# Subtest: addEntry defaults details to null when omitted
ok 2 - addEntry defaults details to null when omitted
  ---
  duration_ms: 0.198822
  type: 'test'
  ...
# Subtest: startTurn increments when no turn number is provided
ok 3 - startTurn increments when no turn number is provided
  ---
  duration_ms: 0.235572
  type: 'test'
  ...
# Subtest: startTurn respects explicit turn number
ok 4 - startTurn respects explicit turn number
  ---
  duration_ms: 0.278737
  type: 'test'
  ...
# Subtest: endTurn records a turn-end entry for the current turn
ok 5 - endTurn records a turn-end entry for the current turn
  ---
  duration_ms: 0.282052
  type: 'test'
  ...
# Subtest: getCombatSummary totals damage, received damage, and healing
ok 6 - getCombatSummary totals damage, received damage, and healing
  ---
  duration_ms: 0.559396
  type: 'test'
  ...
# Subtest: getCombatSummary tracks status effects uniquely
ok 7 - getCombatSummary tracks status effects uniquely
  ---
  duration_ms: 0.980126
  type: 'test'
  ...
# Subtest: getCombatSummary tracks abilities used uniquely
ok 8 - getCombatSummary tracks abilities used uniquely
  ---
  duration_ms: 0.210465
  type: 'test'
  ...
# Subtest: getCombatSummary tracks items used uniquely
ok 9 - getCombatSummary tracks items used uniquely
  ---
  duration_ms: 0.448734
  type: 'test'
  ...
# Subtest: getCombatSummary derives totalTurns from recorded turns
ok 10 - getCombatSummary derives totalTurns from recorded turns
  ---
  duration_ms: 0.461298
  type: 'test'
  ...
# Subtest: clear resets entries and turn counter
ok 11 - clear resets entries and turn counter
  ---
  duration_ms: 0.254348
  type: 'test'
  ...
# Subtest: invalid entry types throw an error
ok 12 - invalid entry types throw an error
  ---
  duration_ms: 0.510432
  type: 'test'
  ...
# Subtest: singleton battleLog can be used directly
ok 13 - singleton battleLog can be used directly
  ---
  duration_ms: 0.160819
  type: 'test'
  ...
# Subtest: renderBattleLogPanel shows header and turn counter
ok 14 - renderBattleLogPanel shows header and turn counter
  ---
  duration_ms: 22.237128
  type: 'test'
  ...
# Subtest: renderBattleLogPanel limits visible entries based on maxVisible
ok 15 - renderBattleLogPanel limits visible entries based on maxVisible
  ---
  duration_ms: 1.887201
  type: 'test'
  ...
# Subtest: renderBattleLogPanel escapes HTML in messages
ok 16 - renderBattleLogPanel escapes HTML in messages
  ---
  duration_ms: 0.232477
  type: 'test'
  ...
# Subtest: getBattleLogStyles exposes panel styling
ok 17 - getBattleLogStyles exposes panel styling
  ---
  duration_ms: 0.357819
  type: 'test'
  ...
# Subtest: getEntriesByTurn groups entries correctly
ok 18 - getEntriesByTurn groups entries correctly
  ---
  duration_ms: 0.246494
  type: 'test'
  ...
# Subtest: filterEntries returns only specified types
ok 19 - filterEntries returns only specified types
  ---
  duration_ms: 0.226165
  type: 'test'
  ...
# Subtest: filterEntries with empty array returns all entries
ok 20 - filterEntries with empty array returns all entries
  ---
  duration_ms: 0.11955
  type: 'test'
  ...
# Subtest: renderBattleLogPanel with grouped option uses details elements
ok 21 - renderBattleLogPanel with grouped option uses details elements
  ---
  duration_ms: 0.328843
  type: 'test'
  ...
# Subtest: renderBattleLogPanel with showSummary=true shows damage summary when damage exists
ok 22 - renderBattleLogPanel with showSummary=true shows damage summary when damage exists
  ---
  duration_ms: 0.162042
  type: 'test'
  ...
# Subtest: renderBattleLogPanel entries have data-type attribute
ok 23 - renderBattleLogPanel entries have data-type attribute
  ---
  duration_ms: 0.144668
  type: 'test'
  ...
# Subtest: renderBattleLogPanel with activeFilters only shows matching types
ok 24 - renderBattleLogPanel with activeFilters only shows matching types
  ---
  duration_ms: 0.185777
  type: 'test'
  ...
# Subtest: renderFilterBar returns filter pills
ok 25 - renderFilterBar returns filter pills
  ---
  duration_ms: 0.193172
  type: 'test'
  ...
1..25
# tests 25
# suites 0
# pass 25
# fail 0
# cancelled 0
# skipped 0
# todo 0
# duration_ms 59.202612

=== tests/battle-summary-combat-stats-test.mjs ===

=== Battle Summary Combat Stats Tests ===
Passed: 79/79
All tests passed! ✅

=== tests/battle-summary-test.mjs ===

createBattleSummary():
  ✅ returns object with all required keys
  ✅ extracts xpGained correctly
  ✅ extracts goldGained correctly
  ✅ extracts enemy name from state.enemy.name
  ✅ prefers enemy displayName and falls back to name in create+format pipeline
  ✅ defaults to "Unknown Enemy" when enemy is missing
  ✅ defaults xpGained to 0 when missing
  ✅ defaults goldGained to 0 when missing
  ✅ copies lootedItems array correctly
  ✅ defaults lootedItems to [] when missing
  ✅ copies pendingLevelUps as levelUps
  ✅ defaults levelUps to [] when pendingLevelUps missing
  ✅ lootedItems is a copy, not same reference
  ✅ levelUps is a copy, not same reference

formatBattleSummary():
  ✅ returns object with title "Battle Won!"
  ✅ enemyLine includes enemy name
  ✅ xpLine includes xpGained amount
  ✅ goldLine includes goldGained amount
  ✅ hasLoot is false when lootedItems is empty
  ✅ hasLoot is true when lootedItems has items
  ✅ lootLines says "No items looted." when empty
  ✅ lootLines includes item names when items present
  ✅ lootLines handles object items with name property
  ✅ hasLevelUps is false when no level ups
  ✅ hasLevelUps is true when level ups present
  ✅ levelUpLines includes character name and new level
  ✅ levelUpLines uses memberName when name is absent
  ✅ levelUpLines defaults to "Unknown" when both name and memberName absent
  ✅ multiple levelUpLines for multiple level ups

create + format pipeline:
  ✅ full pipeline: victory state → createBattleSummary → formatBattleSummary

initialStateWithClass compatibility:
  ✅ initialStateWithClass returns state usable with createBattleSummary

==================================================
Battle Summary Tests: 31 passed, 0 failed

All battle summary tests passed! ✅

=== tests/bestiary-integration-test.mjs ===
TAP version 13
# Subtest: Bestiary Integration — State Initialization
    # Subtest: initialState() includes bestiary
    ok 1 - initialState() includes bestiary
      ---
      duration_ms: 2.979302
      type: 'test'
      ...
    # Subtest: initialStateWithClass(warrior) includes bestiary
    ok 2 - initialStateWithClass(warrior) includes bestiary
      ---
      duration_ms: 0.838453
      type: 'test'
      ...
    # Subtest: initialStateWithClass(mage) includes bestiary
    ok 3 - initialStateWithClass(mage) includes bestiary
      ---
      duration_ms: 0.503569
      type: 'test'
      ...
    # Subtest: initialStateWithClass(rogue) includes bestiary
    ok 4 - initialStateWithClass(rogue) includes bestiary
      ---
      duration_ms: 0.397836
      type: 'test'
      ...
    # Subtest: initialStateWithClass(cleric) includes bestiary
    ok 5 - initialStateWithClass(cleric) includes bestiary
      ---
      duration_ms: 0.418254
      type: 'test'
      ...
    1..5
ok 1 - Bestiary Integration — State Initialization
  ---
  duration_ms: 6.718515
  type: 'suite'
  ...
# Subtest: Bestiary Integration — Combat Encounter Recording
    # Subtest: startNewEncounter records the enemy in bestiary.encountered
    ok 1 - startNewEncounter records the enemy in bestiary.encountered
      ---
      duration_ms: 0.881296
      type: 'test'
      ...
    # Subtest: startNewEncounter stores currentEnemyId in state
    ok 2 - startNewEncounter stores currentEnemyId in state
      ---
      duration_ms: 1.94409
      type: 'test'
      ...
    # Subtest: multiple encounters accumulate in bestiary
    ok 3 - multiple encounters accumulate in bestiary
      ---
      duration_ms: 0.769351
      type: 'test'
      ...
    # Subtest: startNewEncounter works even without pre-existing bestiary (graceful fallback)
    ok 4 - startNewEncounter works even without pre-existing bestiary (graceful fallback)
      ---
      duration_ms: 0.660851
      type: 'test'
      ...
    1..4
ok 2 - Bestiary Integration — Combat Encounter Recording
  ---
  duration_ms: 4.760477
  type: 'suite'
  ...
# Subtest: Bestiary Integration — Victory Defeat Recording
    # Subtest: defeating an enemy records the defeat in bestiary
    ok 1 - defeating an enemy records the defeat in bestiary
      ---
      duration_ms: 2.650518
      type: 'test'
      ...
    1..1
ok 3 - Bestiary Integration — Victory Defeat Recording
  ---
  duration_ms: 2.776862
  type: 'suite'
  ...
# Subtest: Bestiary Integration — UI Handler Actions
    # Subtest: VIEW_BESTIARY changes phase to bestiary from exploration
    ok 1 - VIEW_BESTIARY changes phase to bestiary from exploration
      ---
      duration_ms: 1.536035
      type: 'test'
      ...
    # Subtest: VIEW_BESTIARY changes phase to bestiary from player-turn
    ok 2 - VIEW_BESTIARY changes phase to bestiary from player-turn
      ---
      duration_ms: 0.121143
      type: 'test'
      ...
    # Subtest: VIEW_BESTIARY returns null during class-select
    ok 3 - VIEW_BESTIARY returns null during class-select
      ---
      duration_ms: 0.100484
      type: 'test'
      ...
    # Subtest: CLOSE_BESTIARY returns to previous phase
    ok 4 - CLOSE_BESTIARY returns to previous phase
      ---
      duration_ms: 0.163143
      type: 'test'
      ...
    # Subtest: CLOSE_BESTIARY defaults to exploration if no previousPhase
    ok 5 - CLOSE_BESTIARY defaults to exploration if no previousPhase
      ---
      duration_ms: 0.444034
      type: 'test'
      ...
    # Subtest: CLOSE_BESTIARY returns null if not in bestiary phase
    ok 6 - CLOSE_BESTIARY returns null if not in bestiary phase
      ---
      duration_ms: 0.125381
      type: 'test'
      ...
    # Subtest: SEARCH_BESTIARY updates bestiaryUiState.search while preserving other fields
    ok 7 - SEARCH_BESTIARY updates bestiaryUiState.search while preserving other fields
      ---
      duration_ms: 0.189084
      type: 'test'
      ...
    1..7
ok 4 - Bestiary Integration — UI Handler Actions
  ---
  duration_ms: 2.984842
  type: 'suite'
  ...
# Subtest: Bestiary Integration — No Easter Eggs
    # Subtest: no forbidden words in bestiary integration code
    ok 1 - no forbidden words in bestiary integration code
      ---
      duration_ms: 3.077661
      type: 'test'
      ...
    1..1
ok 5 - Bestiary Integration — No Easter Eggs
  ---
  duration_ms: 3.439156
  type: 'suite'
  ...
1..5
# tests 18
# suites 5
# pass 18
# fail 0
# cancelled 0
# skipped 0
# todo 0
# duration_ms 45.592239

=== tests/bestiary-search-test.mjs ===
TAP version 13
# Subtest: Bestiary search filtering
    # Subtest: filters entries by search term (name or id)
    ok 1 - filters entries by search term (name or id)
      ---
      duration_ms: 1.735869
      type: 'test'
      ...
    1..1
ok 1 - Bestiary search filtering
  ---
  duration_ms: 2.83352
  type: 'suite'
  ...
1..1
# tests 1
# suites 1
# pass 1
# fail 0
# cancelled 0
# skipped 0
# todo 0
# duration_ms 14.010914

=== tests/bestiary-shield-integration-test.mjs ===

Bestiary Shield Integration Tests: 123 passed, 0 failed, 123 total

=== tests/bestiary-test.mjs ===
TAP version 13
# Subtest: Bestiary
    # Subtest: createBestiaryState
        # Subtest: should create an empty bestiary state
        ok 1 - should create an empty bestiary state
          ---
          duration_ms: 1.564149
          type: 'test'
          ...
        1..1
    ok 1 - createBestiaryState
      ---
      duration_ms: 2.430946
      type: 'suite'
      ...
    # Subtest: recordEncounter
        # Subtest: should add a new enemy to encountered list
        ok 1 - should add a new enemy to encountered list
          ---
          duration_ms: 0.397314
          type: 'test'
          ...
        # Subtest: should not duplicate encounters
        ok 2 - should not duplicate encounters
          ---
          duration_ms: 0.259841
          type: 'test'
          ...
        # Subtest: should track multiple enemies
        ok 3 - should track multiple enemies
          ---
          duration_ms: 0.338401
          type: 'test'
          ...
        # Subtest: should handle invalid input gracefully
        ok 4 - should handle invalid input gracefully
          ---
          duration_ms: 2.296267
          type: 'test'
          ...
        # Subtest: should return new state object (immutability)
        ok 5 - should return new state object (immutability)
          ---
          duration_ms: 0.45214
          type: 'test'
          ...
        1..5
    ok 2 - recordEncounter
      ---
      duration_ms: 4.285605
      type: 'suite'
      ...
    # Subtest: recordDefeat
        # Subtest: should record a defeat and auto-encounter
        ok 1 - should record a defeat and auto-encounter
          ---
          duration_ms: 0.479472
          type: 'test'
          ...
        # Subtest: should increment defeat count on multiple defeats
        ok 2 - should increment defeat count on multiple defeats
          ---
          duration_ms: 0.181269
          type: 'test'
          ...
        # Subtest: should handle invalid input gracefully
        ok 3 - should handle invalid input gracefully
          ---
          duration_ms: 0.261963
          type: 'test'
          ...
        # Subtest: should return new state object (immutability)
        ok 4 - should return new state object (immutability)
          ---
          duration_ms: 0.350785
          type: 'test'
          ...
        1..4
    ok 3 - recordDefeat
      ---
      duration_ms: 1.667116
      type: 'suite'
      ...
    # Subtest: hasEncountered
        # Subtest: should return false for unencountered enemy
        ok 1 - should return false for unencountered enemy
          ---
          duration_ms: 0.196799
          type: 'test'
          ...
        # Subtest: should return true for encountered enemy
        ok 2 - should return true for encountered enemy
          ---
          duration_ms: 0.127084
          type: 'test'
          ...
        1..2
    ok 4 - hasEncountered
      ---
      duration_ms: 0.515452
      type: 'suite'
      ...
    # Subtest: getDefeatCount
        # Subtest: should return 0 for undefeated enemy
        ok 1 - should return 0 for undefeated enemy
          ---
          duration_ms: 0.368629
          type: 'test'
          ...
        # Subtest: should return correct defeat count
        ok 2 - should return correct defeat count
          ---
          duration_ms: 0.120962
          type: 'test'
          ...
        1..2
    ok 5 - getDefeatCount
      ---
      duration_ms: 0.601337
      type: 'suite'
      ...
    # Subtest: getEncounteredCount
        # Subtest: should return 0 for empty bestiary
        ok 1 - should return 0 for empty bestiary
          ---
          duration_ms: 0.136281
          type: 'test'
          ...
        # Subtest: should count unique encounters
        ok 2 - should count unique encounters
          ---
          duration_ms: 0.113658
          type: 'test'
          ...
        1..2
    ok 6 - getEncounteredCount
      ---
      duration_ms: 0.358941
      type: 'suite'
      ...
    # Subtest: getDefeatedUniqueCount
        # Subtest: should return 0 for empty bestiary
        ok 1 - should return 0 for empty bestiary
          ---
          duration_ms: 0.247957
          type: 'test'
          ...
        # Subtest: should count unique defeated enemies
        ok 2 - should count unique defeated enemies
          ---
          duration_ms: 0.132544
          type: 'test'
          ...
        1..2
    ok 7 - getDefeatedUniqueCount
      ---
      duration_ms: 0.557682
      type: 'suite'
      ...
    # Subtest: getBestiaryEntry
        # Subtest: should return null for nonexistent enemy
        ok 1 - should return null for nonexistent enemy
          ---
          duration_ms: 0.285409
          type: 'test'
          ...
        # Subtest: should return hidden entry for unencountered enemy
        ok 2 - should return hidden entry for unencountered enemy
          ---
          duration_ms: 0.11405
          type: 'test'
          ...
        # Subtest: should return full stats for encountered regular enemy
        ok 3 - should return full stats for encountered regular enemy
          ---
          duration_ms: 0.16609
          type: 'test'
          ...
        # Subtest: should show defeat count for defeated enemy
        ok 4 - should show defeat count for defeated enemy
          ---
          duration_ms: 0.139228
          type: 'test'
          ...
        # Subtest: should return hidden entry for unencountered boss
        ok 5 - should return hidden entry for unencountered boss
          ---
          duration_ms: 0.110953
          type: 'test'
          ...
        # Subtest: should return full stats for encountered boss
        ok 6 - should return full stats for encountered boss
          ---
          duration_ms: 0.154117
          type: 'test'
          ...
        1..6
    ok 8 - getBestiaryEntry
      ---
      duration_ms: 1.184729
      type: 'suite'
      ...
    # Subtest: getAllBestiaryEntries
        # Subtest: should return entries for all enemies and bosses
        ok 1 - should return entries for all enemies and bosses
          ---
          duration_ms: 0.443312
          type: 'test'
          ...
        # Subtest: should show all as hidden when no encounters
        ok 2 - should show all as hidden when no encounters
          ---
          duration_ms: 0.170928
          type: 'test'
          ...
        # Subtest: should include both regular enemies and bosses
        ok 3 - should include both regular enemies and bosses
          ---
          duration_ms: 1.239865
          type: 'test'
          ...
        1..3
    ok 9 - getAllBestiaryEntries
      ---
      duration_ms: 1.989838
      type: 'suite'
      ...
    # Subtest: getCompletionPercent
        # Subtest: should return 0 for empty bestiary
        ok 1 - should return 0 for empty bestiary
          ---
          duration_ms: 0.275631
          type: 'test'
          ...
        # Subtest: should calculate correct percentage
        ok 2 - should calculate correct percentage
          ---
          duration_ms: 0.150601
          type: 'test'
          ...
        # Subtest: should return 100 when all enemies defeated
        ok 3 - should return 100 when all enemies defeated
          ---
          duration_ms: 0.423675
          type: 'test'
          ...
        1..3
    ok 10 - getCompletionPercent
      ---
      duration_ms: 1.027577
      type: 'suite'
      ...
    # Subtest: getTotalEnemyCount
        # Subtest: should return positive number
        ok 1 - should return positive number
          ---
          duration_ms: 0.189474
          type: 'test'
          ...
        # Subtest: should include both regular enemies and bosses
        ok 2 - should include both regular enemies and bosses
          ---
          duration_ms: 0.097127
          type: 'test'
          ...
        1..2
    ok 11 - getTotalEnemyCount
      ---
      duration_ms: 0.382835
      type: 'suite'
      ...
    1..11
ok 1 - Bestiary
  ---
  duration_ms: 16.734192
  type: 'suite'
  ...
1..1
# tests 32
# suites 12
# pass 32
# fail 0
# cancelled 0
# skipped 0
# todo 0
# duration_ms 67.525032

=== tests/bestiary-ui-test.mjs ===
TAP version 13
# Subtest: bestiary-ui module loads
ok 1 - bestiary-ui module loads
  ---
  duration_ms: 1.330621
  type: 'test'
  ...
# Subtest: renderBestiaryPanel includes bestiary search input
ok 2 - renderBestiaryPanel includes bestiary search input
  ---
  duration_ms: 17.33026
  type: 'test'
  ...
1..2
# tests 2
# suites 0
# pass 2
# fail 0
# cancelled 0
# skipped 0
# todo 0
# duration_ms 33.479196

=== tests/boss-break-phases-test.mjs ===

--- Phase Transitions ---
  (5 test stubs - implement after creating boss-phases.js)

--- Shield Refresh on Phase Change ---
  (5 test stubs - implement after creating boss-phases.js)

--- Break Interaction with Phase Abilities ---
  (5 test stubs - implement after creating boss-phases.js)

--- Multi-Part Boss Coordination ---
  (5 test stubs - implement after creating boss-phases.js)

========================================
Boss Break Phase Tests: 0 passed, 0 failed
========================================

NOTE: This is a test stub file created Day 343.
Day 344 implementers: Uncomment tests after creating boss phase system
Total test stubs: 20 (minimum required: 20)

=== tests/boss-data-integrity-test.mjs ===

=== Boss Data Integrity ===
  ✅ BOSSES export is an object
  ✅ BOSSES contains at least one boss
  ✅ Forest Guardian: boss is an object
  ✅ Forest Guardian: boss.id matches key
  ✅ Forest Guardian: has non-empty name
  ✅ Forest Guardian: has non-empty description
  ✅ Forest Guardian: isBoss is true
  ✅ Forest Guardian: has element string
  ✅ Forest Guardian: xpReward is a positive integer
  ✅ Forest Guardian: goldReward is a non-negative integer
  ✅ Forest Guardian: has at least one drop
  ✅ Forest Guardian: drop[0] is an object
  ✅ Forest Guardian: drop[0] has non-empty itemId
  ✅ Forest Guardian: drop[0] itemId exists in items catalog
  ✅ Forest Guardian: drop[0] chance is between 0 and 1
  ✅ Forest Guardian: drop[1] is an object
  ✅ Forest Guardian: drop[1] has non-empty itemId
  ✅ Forest Guardian: drop[1] itemId exists in items catalog
  ✅ Forest Guardian: drop[1] chance is between 0 and 1
  ✅ Forest Guardian: has at least one phase
  ✅ Forest Guardian [phase 1]: phase is an object
  ✅ Forest Guardian [phase 1]: phase number is a positive integer
  ✅ Forest Guardian [phase 1]: hpThreshold is in (0, 1]
  ✅ Forest Guardian [phase 1]: hpThreshold is non-increasing across phases
  ✅ Forest Guardian [phase 1]: maxHp is a positive integer
  ✅ Forest Guardian [phase 1]: mp is a non-negative integer
  ✅ Forest Guardian [phase 1]: maxMp is a non-negative integer
  ✅ Forest Guardian [phase 1]: atk is a positive integer
  ✅ Forest Guardian [phase 1]: def is a non-negative integer
  ✅ Forest Guardian [phase 1]: spd is a positive integer
  ✅ Forest Guardian [phase 1]: has at least one ability
  ✅ Forest Guardian [phase 1]: ability id is a non-empty string
  ✅ Forest Guardian [phase 1]: ability 'vine-whip' exists in BOSS_ABILITIES
  ✅ Forest Guardian [phase 1]: ability id is a non-empty string
  ✅ Forest Guardian [phase 1]: ability 'nature-shield' exists in BOSS_ABILITIES
  ✅ Forest Guardian [phase 1]: aiBehavior is one of basic, aggressive, caster
  ✅ Forest Guardian [phase 1]: dialogue is a non-empty string
  ✅ Forest Guardian [phase 2]: phase is an object
  ✅ Forest Guardian [phase 2]: phase number is a positive integer
  ✅ Forest Guardian [phase 2]: hpThreshold is in (0, 1]
  ✅ Forest Guardian [phase 2]: hpThreshold is non-increasing across phases
  ✅ Forest Guardian [phase 2]: maxHp is a positive integer
  ✅ Forest Guardian [phase 2]: mp is a non-negative integer
  ✅ Forest Guardian [phase 2]: maxMp is a non-negative integer
  ✅ Forest Guardian [phase 2]: atk is a positive integer
  ✅ Forest Guardian [phase 2]: def is a non-negative integer
  ✅ Forest Guardian [phase 2]: spd is a positive integer
  ✅ Forest Guardian [phase 2]: has at least one ability
  ✅ Forest Guardian [phase 2]: ability id is a non-empty string
  ✅ Forest Guardian [phase 2]: ability 'vine-whip' exists in BOSS_ABILITIES
  ✅ Forest Guardian [phase 2]: ability id is a non-empty string
  ✅ Forest Guardian [phase 2]: ability 'thorn-storm' exists in BOSS_ABILITIES
  ✅ Forest Guardian [phase 2]: ability id is a non-empty string
  ✅ Forest Guardian [phase 2]: ability 'regenerate' exists in BOSS_ABILITIES
  ✅ Forest Guardian [phase 2]: aiBehavior is one of basic, aggressive, caster
  ✅ Forest Guardian [phase 2]: dialogue is a non-empty string
  ✅ Fire Drake: boss is an object
  ✅ Fire Drake: boss.id matches key
  ✅ Fire Drake: has non-empty name
  ✅ Fire Drake: has non-empty description
  ✅ Fire Drake: isBoss is true
  ✅ Fire Drake: has element string
  ✅ Fire Drake: xpReward is a positive integer
  ✅ Fire Drake: goldReward is a non-negative integer
  ✅ Fire Drake: has at least one drop
  ✅ Fire Drake: drop[0] is an object
  ✅ Fire Drake: drop[0] has non-empty itemId
  ✅ Fire Drake: drop[0] itemId exists in items catalog
  ✅ Fire Drake: drop[0] chance is between 0 and 1
  ✅ Fire Drake: drop[1] is an object
  ✅ Fire Drake: drop[1] has non-empty itemId
  ✅ Fire Drake: drop[1] itemId exists in items catalog
  ✅ Fire Drake: drop[1] chance is between 0 and 1
  ✅ Fire Drake: has at least one phase
  ✅ Fire Drake [phase 1]: phase is an object
  ✅ Fire Drake [phase 1]: phase number is a positive integer
  ✅ Fire Drake [phase 1]: hpThreshold is in (0, 1]
  ✅ Fire Drake [phase 1]: hpThreshold is non-increasing across phases
  ✅ Fire Drake [phase 1]: maxHp is a positive integer
  ✅ Fire Drake [phase 1]: mp is a non-negative integer
  ✅ Fire Drake [phase 1]: maxMp is a non-negative integer
  ✅ Fire Drake [phase 1]: atk is a positive integer
  ✅ Fire Drake [phase 1]: def is a non-negative integer
  ✅ Fire Drake [phase 1]: spd is a positive integer
  ✅ Fire Drake [phase 1]: has at least one ability
  ✅ Fire Drake [phase 1]: ability id is a non-empty string
  ✅ Fire Drake [phase 1]: ability 'fire-breath' exists in BOSS_ABILITIES
  ✅ Fire Drake [phase 1]: ability id is a non-empty string
  ✅ Fire Drake [phase 1]: ability 'claw-slash' exists in BOSS_ABILITIES
  ✅ Fire Drake [phase 1]: aiBehavior is one of basic, aggressive, caster
  ✅ Fire Drake [phase 1]: dialogue is a non-empty string
  ✅ Fire Drake [phase 2]: phase is an object
  ✅ Fire Drake [phase 2]: phase number is a positive integer
  ✅ Fire Drake [phase 2]: hpThreshold is in (0, 1]
  ✅ Fire Drake [phase 2]: hpThreshold is non-increasing across phases
  ✅ Fire Drake [phase 2]: maxHp is a positive integer
  ✅ Fire Drake [phase 2]: mp is a non-negative integer
  ✅ Fire Drake [phase 2]: maxMp is a non-negative integer
  ✅ Fire Drake [phase 2]: atk is a positive integer
  ✅ Fire Drake [phase 2]: def is a non-negative integer
  ✅ Fire Drake [phase 2]: spd is a positive integer
  ✅ Fire Drake [phase 2]: has at least one ability
  ✅ Fire Drake [phase 2]: ability id is a non-empty string
  ✅ Fire Drake [phase 2]: ability 'fire-breath' exists in BOSS_ABILITIES
  ✅ Fire Drake [phase 2]: ability id is a non-empty string
  ✅ Fire Drake [phase 2]: ability 'inferno' exists in BOSS_ABILITIES
  ✅ Fire Drake [phase 2]: ability id is a non-empty string
  ✅ Fire Drake [phase 2]: ability 'tail-swipe' exists in BOSS_ABILITIES
  ✅ Fire Drake [phase 2]: aiBehavior is one of basic, aggressive, caster
  ✅ Fire Drake [phase 2]: dialogue is a non-empty string
  ✅ Fire Drake [phase 3]: phase is an object
  ✅ Fire Drake [phase 3]: phase number is a positive integer
  ✅ Fire Drake [phase 3]: hpThreshold is in (0, 1]
  ✅ Fire Drake [phase 3]: hpThreshold is non-increasing across phases
  ✅ Fire Drake [phase 3]: maxHp is a positive integer
  ✅ Fire Drake [phase 3]: mp is a non-negative integer
  ✅ Fire Drake [phase 3]: maxMp is a non-negative integer
  ✅ Fire Drake [phase 3]: atk is a positive integer
  ✅ Fire Drake [phase 3]: def is a non-negative integer
  ✅ Fire Drake [phase 3]: spd is a positive integer
  ✅ Fire Drake [phase 3]: has at least one ability
  ✅ Fire Drake [phase 3]: ability id is a non-empty string
  ✅ Fire Drake [phase 3]: ability 'inferno' exists in BOSS_ABILITIES
  ✅ Fire Drake [phase 3]: ability id is a non-empty string
  ✅ Fire Drake [phase 3]: ability 'desperate-strike' exists in BOSS_ABILITIES
  ✅ Fire Drake [phase 3]: ability id is a non-empty string
  ✅ Fire Drake [phase 3]: ability 'self-immolate' exists in BOSS_ABILITIES
  ✅ Fire Drake [phase 3]: aiBehavior is one of basic, aggressive, caster
  ✅ Fire Drake [phase 3]: dialogue is a non-empty string
  ✅ Shadow Wraith: boss is an object
  ✅ Shadow Wraith: boss.id matches key
  ✅ Shadow Wraith: has non-empty name
  ✅ Shadow Wraith: has non-empty description
  ✅ Shadow Wraith: isBoss is true
  ✅ Shadow Wraith: has element string
  ✅ Shadow Wraith: xpReward is a positive integer
  ✅ Shadow Wraith: goldReward is a non-negative integer
  ✅ Shadow Wraith: has at least one drop
  ✅ Shadow Wraith: drop[0] is an object
  ✅ Shadow Wraith: drop[0] has non-empty itemId
  ✅ Shadow Wraith: drop[0] itemId exists in items catalog
  ✅ Shadow Wraith: drop[0] chance is between 0 and 1
  ✅ Shadow Wraith: drop[1] is an object
  ✅ Shadow Wraith: drop[1] has non-empty itemId
  ✅ Shadow Wraith: drop[1] itemId exists in items catalog
  ✅ Shadow Wraith: drop[1] chance is between 0 and 1
  ✅ Shadow Wraith: has at least one phase
  ✅ Shadow Wraith [phase 1]: phase is an object
  ✅ Shadow Wraith [phase 1]: phase number is a positive integer
  ✅ Shadow Wraith [phase 1]: hpThreshold is in (0, 1]
  ✅ Shadow Wraith [phase 1]: hpThreshold is non-increasing across phases
  ✅ Shadow Wraith [phase 1]: maxHp is a positive integer
  ✅ Shadow Wraith [phase 1]: mp is a non-negative integer
  ✅ Shadow Wraith [phase 1]: maxMp is a non-negative integer
  ✅ Shadow Wraith [phase 1]: atk is a positive integer
  ✅ Shadow Wraith [phase 1]: def is a non-negative integer
  ✅ Shadow Wraith [phase 1]: spd is a positive integer
  ✅ Shadow Wraith [phase 1]: has at least one ability
  ✅ Shadow Wraith [phase 1]: ability id is a non-empty string
  ✅ Shadow Wraith [phase 1]: ability 'shadow-bolt' exists in BOSS_ABILITIES
  ✅ Shadow Wraith [phase 1]: ability id is a non-empty string
  ✅ Shadow Wraith [phase 1]: ability 'phase-shift' exists in BOSS_ABILITIES
  ✅ Shadow Wraith [phase 1]: ability id is a non-empty string
  ✅ Shadow Wraith [phase 1]: ability 'life-drain' exists in BOSS_ABILITIES
  ✅ Shadow Wraith [phase 1]: aiBehavior is one of basic, aggressive, caster
  ✅ Shadow Wraith [phase 1]: dialogue is a non-empty string
  ✅ Shadow Wraith [phase 2]: phase is an object
  ✅ Shadow Wraith [phase 2]: phase number is a positive integer
  ✅ Shadow Wraith [phase 2]: hpThreshold is in (0, 1]
  ✅ Shadow Wraith [phase 2]: hpThreshold is non-increasing across phases
  ✅ Shadow Wraith [phase 2]: maxHp is a positive integer
  ✅ Shadow Wraith [phase 2]: mp is a non-negative integer
  ✅ Shadow Wraith [phase 2]: maxMp is a non-negative integer
  ✅ Shadow Wraith [phase 2]: atk is a positive integer
  ✅ Shadow Wraith [phase 2]: def is a non-negative integer
  ✅ Shadow Wraith [phase 2]: spd is a positive integer
  ✅ Shadow Wraith [phase 2]: has at least one ability
  ✅ Shadow Wraith [phase 2]: ability id is a non-empty string
  ✅ Shadow Wraith [phase 2]: ability 'shadow-bolt' exists in BOSS_ABILITIES
  ✅ Shadow Wraith [phase 2]: ability id is a non-empty string
  ✅ Shadow Wraith [phase 2]: ability 'nightmare' exists in BOSS_ABILITIES
  ✅ Shadow Wraith [phase 2]: ability id is a non-empty string
  ✅ Shadow Wraith [phase 2]: ability 'dark-embrace' exists in BOSS_ABILITIES
  ✅ Shadow Wraith [phase 2]: aiBehavior is one of basic, aggressive, caster
  ✅ Shadow Wraith [phase 2]: dialogue is a non-empty string
  ✅ Lich King: boss is an object
  ✅ Lich King: boss.id matches key
  ✅ Lich King: has non-empty name
  ✅ Lich King: has non-empty description
  ✅ Lich King: isBoss is true
  ✅ Lich King: has element string
  ✅ Lich King: xpReward is a positive integer
  ✅ Lich King: goldReward is a non-negative integer
  ✅ Lich King: has at least one drop
  ✅ Lich King: drop[0] is an object
  ✅ Lich King: drop[0] has non-empty itemId
  ✅ Lich King: drop[0] itemId exists in items catalog
  ✅ Lich King: drop[0] chance is between 0 and 1
  ✅ Lich King: drop[1] is an object
  ✅ Lich King: drop[1] has non-empty itemId
  ✅ Lich King: drop[1] itemId exists in items catalog
  ✅ Lich King: drop[1] chance is between 0 and 1
  ✅ Lich King: drop[2] is an object
  ✅ Lich King: drop[2] has non-empty itemId
  ✅ Lich King: drop[2] itemId exists in items catalog
  ✅ Lich King: drop[2] chance is between 0 and 1
  ✅ Lich King: has at least one phase
  ✅ Lich King [phase 1]: phase is an object
  ✅ Lich King [phase 1]: phase number is a positive integer
  ✅ Lich King [phase 1]: hpThreshold is in (0, 1]
  ✅ Lich King [phase 1]: hpThreshold is non-increasing across phases
  ✅ Lich King [phase 1]: maxHp is a positive integer
  ✅ Lich King [phase 1]: mp is a non-negative integer
  ✅ Lich King [phase 1]: maxMp is a non-negative integer
  ✅ Lich King [phase 1]: atk is a positive integer
  ✅ Lich King [phase 1]: def is a non-negative integer
  ✅ Lich King [phase 1]: spd is a positive integer
  ✅ Lich King [phase 1]: has at least one ability
  ✅ Lich King [phase 1]: ability id is a non-empty string
  ✅ Lich King [phase 1]: ability 'soul-bolt' exists in BOSS_ABILITIES
  ✅ Lich King [phase 1]: ability id is a non-empty string
  ✅ Lich King [phase 1]: ability 'bone-armor' exists in BOSS_ABILITIES
  ✅ Lich King [phase 1]: ability id is a non-empty string
  ✅ Lich King [phase 1]: ability 'raise-dead' exists in BOSS_ABILITIES
  ✅ Lich King [phase 1]: aiBehavior is one of basic, aggressive, caster
  ✅ Lich King [phase 1]: dialogue is a non-empty string
  ✅ Lich King [phase 2]: phase is an object
  ✅ Lich King [phase 2]: phase number is a positive integer
  ✅ Lich King [phase 2]: hpThreshold is in (0, 1]
  ✅ Lich King [phase 2]: hpThreshold is non-increasing across phases
  ✅ Lich King [phase 2]: maxHp is a positive integer
  ✅ Lich King [phase 2]: mp is a non-negative integer
  ✅ Lich King [phase 2]: maxMp is a non-negative integer
  ✅ Lich King [phase 2]: atk is a positive integer
  ✅ Lich King [phase 2]: def is a non-negative integer
  ✅ Lich King [phase 2]: spd is a positive integer
  ✅ Lich King [phase 2]: has at least one ability
  ✅ Lich King [phase 2]: ability id is a non-empty string
  ✅ Lich King [phase 2]: ability 'soul-bolt' exists in BOSS_ABILITIES
  ✅ Lich King [phase 2]: ability id is a non-empty string
  ✅ Lich King [phase 2]: ability 'death-wave' exists in BOSS_ABILITIES
  ✅ Lich King [phase 2]: ability id is a non-empty string
  ✅ Lich King [phase 2]: ability 'raise-dead' exists in BOSS_ABILITIES
  ✅ Lich King [phase 2]: ability id is a non-empty string
  ✅ Lich King [phase 2]: ability 'soul-drain' exists in BOSS_ABILITIES
  ✅ Lich King [phase 2]: aiBehavior is one of basic, aggressive, caster
  ✅ Lich King [phase 2]: dialogue is a non-empty string
  ✅ Lich King [phase 3]: phase is an object
  ✅ Lich King [phase 3]: phase number is a positive integer
  ✅ Lich King [phase 3]: hpThreshold is in (0, 1]
  ✅ Lich King [phase 3]: hpThreshold is non-increasing across phases
  ✅ Lich King [phase 3]: maxHp is a positive integer
  ✅ Lich King [phase 3]: mp is a non-negative integer
  ✅ Lich King [phase 3]: maxMp is a non-negative integer
  ✅ Lich King [phase 3]: atk is a positive integer
  ✅ Lich King [phase 3]: def is a non-negative integer
  ✅ Lich King [phase 3]: spd is a positive integer
  ✅ Lich King [phase 3]: has at least one ability
  ✅ Lich King [phase 3]: ability id is a non-empty string
  ✅ Lich King [phase 3]: ability 'death-wave' exists in BOSS_ABILITIES
  ✅ Lich King [phase 3]: ability id is a non-empty string
  ✅ Lich King [phase 3]: ability 'soul-drain' exists in BOSS_ABILITIES
  ✅ Lich King [phase 3]: ability id is a non-empty string
  ✅ Lich King [phase 3]: ability 'necrotic-storm' exists in BOSS_ABILITIES
  ✅ Lich King [phase 3]: aiBehavior is one of basic, aggressive, caster
  ✅ Lich King [phase 3]: dialogue is a non-empty string
  ✅ Primordial Titan: boss is an object
  ✅ Primordial Titan: boss.id matches key
  ✅ Primordial Titan: has non-empty name
  ✅ Primordial Titan: has non-empty description
  ✅ Primordial Titan: isBoss is true
  ✅ Primordial Titan: has element string
  ✅ Primordial Titan: xpReward is a positive integer
  ✅ Primordial Titan: goldReward is a non-negative integer
  ✅ Primordial Titan: has at least one drop
  ✅ Primordial Titan: drop[0] is an object
  ✅ Primordial Titan: drop[0] has non-empty itemId
  ✅ Primordial Titan: drop[0] itemId exists in items catalog
  ✅ Primordial Titan: drop[0] chance is between 0 and 1
  ✅ Primordial Titan: drop[1] is an object
  ✅ Primordial Titan: drop[1] has non-empty itemId
  ✅ Primordial Titan: drop[1] itemId exists in items catalog
  ✅ Primordial Titan: drop[1] chance is between 0 and 1
  ✅ Primordial Titan: drop[2] is an object
  ✅ Primordial Titan: drop[2] has non-empty itemId
  ✅ Primordial Titan: drop[2] itemId exists in items catalog
  ✅ Primordial Titan: drop[2] chance is between 0 and 1
  ✅ Primordial Titan: has at least one phase
  ✅ Primordial Titan [phase 1]: phase is an object
  ✅ Primordial Titan [phase 1]: phase number is a positive integer
  ✅ Primordial Titan [phase 1]: hpThreshold is in (0, 1]
  ✅ Primordial Titan [phase 1]: hpThreshold is non-increasing across phases
  ✅ Primordial Titan [phase 1]: maxHp is a positive integer
  ✅ Primordial Titan [phase 1]: mp is a non-negative integer
  ✅ Primordial Titan [phase 1]: maxMp is a non-negative integer
  ✅ Primordial Titan [phase 1]: atk is a positive integer
  ✅ Primordial Titan [phase 1]: def is a non-negative integer
  ✅ Primordial Titan [phase 1]: spd is a positive integer
  ✅ Primordial Titan [phase 1]: has at least one ability
  ✅ Primordial Titan [phase 1]: ability id is a non-empty string
  ✅ Primordial Titan [phase 1]: ability 'primal-slam' exists in BOSS_ABILITIES
  ✅ Primordial Titan [phase 1]: ability id is a non-empty string
  ✅ Primordial Titan [phase 1]: ability 'creation-pulse' exists in BOSS_ABILITIES
  ✅ Primordial Titan [phase 1]: ability id is a non-empty string
  ✅ Primordial Titan [phase 1]: ability 'gravity-well' exists in BOSS_ABILITIES
  ✅ Primordial Titan [phase 1]: aiBehavior is one of basic, aggressive, caster
  ✅ Primordial Titan [phase 1]: dialogue is a non-empty string
  ✅ Primordial Titan [phase 2]: phase is an object
  ✅ Primordial Titan [phase 2]: phase number is a positive integer
  ✅ Primordial Titan [phase 2]: hpThreshold is in (0, 1]
  ✅ Primordial Titan [phase 2]: hpThreshold is non-increasing across phases
  ✅ Primordial Titan [phase 2]: maxHp is a positive integer
  ✅ Primordial Titan [phase 2]: mp is a non-negative integer
  ✅ Primordial Titan [phase 2]: maxMp is a non-negative integer
  ✅ Primordial Titan [phase 2]: atk is a positive integer
  ✅ Primordial Titan [phase 2]: def is a non-negative integer
  ✅ Primordial Titan [phase 2]: spd is a positive integer
  ✅ Primordial Titan [phase 2]: has at least one ability
  ✅ Primordial Titan [phase 2]: ability id is a non-empty string
  ✅ Primordial Titan [phase 2]: ability 'primal-slam' exists in BOSS_ABILITIES
  ✅ Primordial Titan [phase 2]: ability id is a non-empty string
  ✅ Primordial Titan [phase 2]: ability 'reality-tear' exists in BOSS_ABILITIES
  ✅ Primordial Titan [phase 2]: ability id is a non-empty string
  ✅ Primordial Titan [phase 2]: ability 'gravity-well' exists in BOSS_ABILITIES
  ✅ Primordial Titan [phase 2]: ability id is a non-empty string
  ✅ Primordial Titan [phase 2]: ability 'cosmic-ray' exists in BOSS_ABILITIES
  ✅ Primordial Titan [phase 2]: aiBehavior is one of basic, aggressive, caster
  ✅ Primordial Titan [phase 2]: dialogue is a non-empty string
  ✅ Primordial Titan [phase 3]: phase is an object
  ✅ Primordial Titan [phase 3]: phase number is a positive integer
  ✅ Primordial Titan [phase 3]: hpThreshold is in (0, 1]
  ✅ Primordial Titan [phase 3]: hpThreshold is non-increasing across phases
  ✅ Primordial Titan [phase 3]: maxHp is a positive integer
  ✅ Primordial Titan [phase 3]: mp is a non-negative integer
  ✅ Primordial Titan [phase 3]: maxMp is a non-negative integer
  ✅ Primordial Titan [phase 3]: atk is a positive integer
  ✅ Primordial Titan [phase 3]: def is a non-negative integer
  ✅ Primordial Titan [phase 3]: spd is a positive integer
  ✅ Primordial Titan [phase 3]: has at least one ability
  ✅ Primordial Titan [phase 3]: ability id is a non-empty string
  ✅ Primordial Titan [phase 3]: ability 'reality-tear' exists in BOSS_ABILITIES
  ✅ Primordial Titan [phase 3]: ability id is a non-empty string
  ✅ Primordial Titan [phase 3]: ability 'cosmic-ray' exists in BOSS_ABILITIES
  ✅ Primordial Titan [phase 3]: ability id is a non-empty string
  ✅ Primordial Titan [phase 3]: ability 'primordial-wrath' exists in BOSS_ABILITIES
  ✅ Primordial Titan [phase 3]: ability id is a non-empty string
  ✅ Primordial Titan [phase 3]: ability 'creation-pulse' exists in BOSS_ABILITIES
  ✅ Primordial Titan [phase 3]: aiBehavior is one of basic, aggressive, caster
  ✅ Primordial Titan [phase 3]: dialogue is a non-empty string
  ✅ Primordial Titan [phase 4]: phase is an object
  ✅ Primordial Titan [phase 4]: phase number is a positive integer
  ✅ Primordial Titan [phase 4]: hpThreshold is in (0, 1]
  ✅ Primordial Titan [phase 4]: hpThreshold is non-increasing across phases
  ✅ Primordial Titan [phase 4]: maxHp is a positive integer
  ✅ Primordial Titan [phase 4]: mp is a non-negative integer
  ✅ Primordial Titan [phase 4]: maxMp is a non-negative integer
  ✅ Primordial Titan [phase 4]: atk is a positive integer
  ✅ Primordial Titan [phase 4]: def is a non-negative integer
  ✅ Primordial Titan [phase 4]: spd is a positive integer
  ✅ Primordial Titan [phase 4]: has at least one ability
  ✅ Primordial Titan [phase 4]: ability id is a non-empty string
  ✅ Primordial Titan [phase 4]: ability 'primordial-wrath' exists in BOSS_ABILITIES
  ✅ Primordial Titan [phase 4]: ability id is a non-empty string
  ✅ Primordial Titan [phase 4]: ability 'cosmic-ray' exists in BOSS_ABILITIES
  ✅ Primordial Titan [phase 4]: ability id is a non-empty string
  ✅ Primordial Titan [phase 4]: ability 'reality-tear' exists in BOSS_ABILITIES
  ✅ Primordial Titan [phase 4]: aiBehavior is one of basic, aggressive, caster
  ✅ Primordial Titan [phase 4]: dialogue is a non-empty string

=== Boss Ability Integrity ===
  ✅ BOSS_ABILITIES export is an object
  ✅ BOSS_ABILITIES contains at least one ability
  ✅ Vine Whip: ability is an object
  ✅ Vine Whip: ability.id matches key
  ✅ Vine Whip: has non-empty name
  ✅ Vine Whip: type is one of physical, magical, buff, heal, drain
  ✅ Vine Whip: element, if present, is a non-empty string
  ✅ Vine Whip: power is a non-negative number
  ✅ Vine Whip: mpCost is a non-negative number
  ✅ Vine Whip: has non-empty description
  ✅ Nature Shield: ability is an object
  ✅ Nature Shield: ability.id matches key
  ✅ Nature Shield: has non-empty name
  ✅ Nature Shield: type is one of physical, magical, buff, heal, drain
  ✅ Nature Shield: element, if present, is a non-empty string
  ✅ Nature Shield: power is a non-negative number
  ✅ Nature Shield: mpCost is a non-negative number
  ✅ Nature Shield: has non-empty description
  ✅ Nature Shield: effect, if present, is an object
  ✅ Nature Shield: effect.duration, if present, is a positive integer
  ✅ Nature Shield: effect.power, if present, is a non-negative number
  ✅ Nature Shield: effect.type, if present, is a non-empty string
  ✅ Thorn Storm: ability is an object
  ✅ Thorn Storm: ability.id matches key
  ✅ Thorn Storm: has non-empty name
  ✅ Thorn Storm: type is one of physical, magical, buff, heal, drain
  ✅ Thorn Storm: element, if present, is a non-empty string
  ✅ Thorn Storm: power is a non-negative number
  ✅ Thorn Storm: mpCost is a non-negative number
  ✅ Thorn Storm: has non-empty description
  ✅ Regenerate: ability is an object
  ✅ Regenerate: ability.id matches key
  ✅ Regenerate: has non-empty name
  ✅ Regenerate: type is one of physical, magical, buff, heal, drain
  ✅ Regenerate: element, if present, is a non-empty string
  ✅ Regenerate: power is a non-negative number
  ✅ Regenerate: mpCost is a non-negative number
  ✅ Regenerate: has non-empty description
  ✅ Regenerate: effect, if present, is an object
  ✅ Regenerate: effect.duration, if present, is a positive integer
  ✅ Regenerate: effect.power, if present, is a non-negative number
  ✅ Regenerate: effect.type, if present, is a non-empty string
  ✅ Fire Breath: ability is an object
  ✅ Fire Breath: ability.id matches key
  ✅ Fire Breath: has non-empty name
  ✅ Fire Breath: type is one of physical, magical, buff, heal, drain
  ✅ Fire Breath: element, if present, is a non-empty string
  ✅ Fire Breath: power is a non-negative number
  ✅ Fire Breath: mpCost is a non-negative number
  ✅ Fire Breath: has non-empty description
  ✅ Fire Breath: effect, if present, is an object
  ✅ Fire Breath: effect.duration, if present, is a positive integer
  ✅ Fire Breath: effect.power, if present, is a non-negative number
  ✅ Fire Breath: effect.chance, if present, is between 0 and 1
  ✅ Fire Breath: effect.type, if present, is a non-empty string
  ✅ Claw Slash: ability is an object
  ✅ Claw Slash: ability.id matches key
  ✅ Claw Slash: has non-empty name
  ✅ Claw Slash: type is one of physical, magical, buff, heal, drain
  ✅ Claw Slash: element, if present, is a non-empty string
  ✅ Claw Slash: power is a non-negative number
  ✅ Claw Slash: mpCost is a non-negative number
  ✅ Claw Slash: has non-empty description
  ✅ Inferno: ability is an object
  ✅ Inferno: ability.id matches key
  ✅ Inferno: has non-empty name
  ✅ Inferno: type is one of physical, magical, buff, heal, drain
  ✅ Inferno: element, if present, is a non-empty string
  ✅ Inferno: power is a non-negative number
  ✅ Inferno: mpCost is a non-negative number
  ✅ Inferno: has non-empty description
  ✅ Inferno: effect, if present, is an object
  ✅ Inferno: effect.duration, if present, is a positive integer
  ✅ Inferno: effect.power, if present, is a non-negative number
  ✅ Inferno: effect.chance, if present, is between 0 and 1
  ✅ Inferno: effect.type, if present, is a non-empty string
  ✅ Tail Swipe: ability is an object
  ✅ Tail Swipe: ability.id matches key
  ✅ Tail Swipe: has non-empty name
  ✅ Tail Swipe: type is one of physical, magical, buff, heal, drain
  ✅ Tail Swipe: element, if present, is a non-empty string
  ✅ Tail Swipe: power is a non-negative number
  ✅ Tail Swipe: mpCost is a non-negative number
  ✅ Tail Swipe: has non-empty description
  ✅ Tail Swipe: effect, if present, is an object
  ✅ Tail Swipe: effect.duration, if present, is a positive integer
  ✅ Tail Swipe: effect.chance, if present, is between 0 and 1
  ✅ Tail Swipe: effect.type, if present, is a non-empty string
  ✅ Desperate Strike: ability is an object
  ✅ Desperate Strike: ability.id matches key
  ✅ Desperate Strike: has non-empty name
  ✅ Desperate Strike: type is one of physical, magical, buff, heal, drain
  ✅ Desperate Strike: element, if present, is a non-empty string
  ✅ Desperate Strike: power is a non-negative number
  ✅ Desperate Strike: mpCost is a non-negative number
  ✅ Desperate Strike: has non-empty description
  ✅ Self-Immolate: ability is an object
  ✅ Self-Immolate: ability.id matches key
  ✅ Self-Immolate: has non-empty name
  ✅ Self-Immolate: type is one of physical, magical, buff, heal, drain
  ✅ Self-Immolate: element, if present, is a non-empty string
  ✅ Self-Immolate: power is a non-negative number
  ✅ Self-Immolate: mpCost is a non-negative number
  ✅ Self-Immolate: has non-empty description
  ✅ Self-Immolate: effect, if present, is an object
  ✅ Self-Immolate: effect.duration, if present, is a positive integer
  ✅ Self-Immolate: effect.power, if present, is a non-negative number
  ✅ Self-Immolate: effect.type, if present, is a non-empty string
  ✅ Shadow Bolt: ability is an object
  ✅ Shadow Bolt: ability.id matches key
  ✅ Shadow Bolt: has non-empty name
  ✅ Shadow Bolt: type is one of physical, magical, buff, heal, drain
  ✅ Shadow Bolt: element, if present, is a non-empty string
  ✅ Shadow Bolt: power is a non-negative number
  ✅ Shadow Bolt: mpCost is a non-negative number
  ✅ Shadow Bolt: has non-empty description
  ✅ Phase Shift: ability is an object
  ✅ Phase Shift: ability.id matches key
  ✅ Phase Shift: has non-empty name
  ✅ Phase Shift: type is one of physical, magical, buff, heal, drain
  ✅ Phase Shift: element, if present, is a non-empty string
  ✅ Phase Shift: power is a non-negative number
  ✅ Phase Shift: mpCost is a non-negative number
  ✅ Phase Shift: has non-empty description
  ✅ Phase Shift: effect, if present, is an object
  ✅ Phase Shift: effect.duration, if present, is a positive integer
  ✅ Phase Shift: effect.power, if present, is a non-negative number
  ✅ Phase Shift: effect.type, if present, is a non-empty string
  ✅ Life Drain: ability is an object
  ✅ Life Drain: ability.id matches key
  ✅ Life Drain: has non-empty name
  ✅ Life Drain: type is one of physical, magical, buff, heal, drain
  ✅ Life Drain: element, if present, is a non-empty string
  ✅ Life Drain: power is a non-negative number
  ✅ Life Drain: mpCost is a non-negative number
  ✅ Life Drain: has non-empty description
  ✅ Life Drain: drain abilities have healPercent between 0 and 1
  ✅ Nightmare: ability is an object
  ✅ Nightmare: ability.id matches key
  ✅ Nightmare: has non-empty name
  ✅ Nightmare: type is one of physical, magical, buff, heal, drain
  ✅ Nightmare: element, if present, is a non-empty string
  ✅ Nightmare: power is a non-negative number
  ✅ Nightmare: mpCost is a non-negative number
  ✅ Nightmare: has non-empty description
  ✅ Nightmare: effect, if present, is an object
  ✅ Nightmare: effect.duration, if present, is a positive integer
  ✅ Nightmare: effect.chance, if present, is between 0 and 1
  ✅ Nightmare: effect.type, if present, is a non-empty string
  ✅ Dark Embrace: ability is an object
  ✅ Dark Embrace: ability.id matches key
  ✅ Dark Embrace: has non-empty name
  ✅ Dark Embrace: type is one of physical, magical, buff, heal, drain
  ✅ Dark Embrace: element, if present, is a non-empty string
  ✅ Dark Embrace: power is a non-negative number
  ✅ Dark Embrace: mpCost is a non-negative number
  ✅ Dark Embrace: has non-empty description
  ✅ Dark Embrace: effect, if present, is an object
  ✅ Dark Embrace: effect.duration, if present, is a positive integer
  ✅ Dark Embrace: effect.power, if present, is a non-negative number
  ✅ Dark Embrace: effect.chance, if present, is between 0 and 1
  ✅ Dark Embrace: effect.type, if present, is a non-empty string
  ✅ Soul Bolt: ability is an object
  ✅ Soul Bolt: ability.id matches key
  ✅ Soul Bolt: has non-empty name
  ✅ Soul Bolt: type is one of physical, magical, buff, heal, drain
  ✅ Soul Bolt: element, if present, is a non-empty string
  ✅ Soul Bolt: power is a non-negative number
  ✅ Soul Bolt: mpCost is a non-negative number
  ✅ Soul Bolt: has non-empty description
  ✅ Soul Bolt: effect, if present, is an object
  ✅ Soul Bolt: effect.duration, if present, is a positive integer
  ✅ Soul Bolt: effect.power, if present, is a non-negative number
  ✅ Soul Bolt: effect.chance, if present, is between 0 and 1
  ✅ Soul Bolt: effect.type, if present, is a non-empty string
  ✅ Bone Armor: ability is an object
  ✅ Bone Armor: ability.id matches key
  ✅ Bone Armor: has non-empty name
  ✅ Bone Armor: type is one of physical, magical, buff, heal, drain
  ✅ Bone Armor: element, if present, is a non-empty string
  ✅ Bone Armor: power is a non-negative number
  ✅ Bone Armor: mpCost is a non-negative number
  ✅ Bone Armor: has non-empty description
  ✅ Bone Armor: effect, if present, is an object
  ✅ Bone Armor: effect.duration, if present, is a positive integer
  ✅ Bone Armor: effect.power, if present, is a non-negative number
  ✅ Bone Armor: effect.chance, if present, is between 0 and 1
  ✅ Bone Armor: effect.type, if present, is a non-empty string
  ✅ Raise Dead: ability is an object
  ✅ Raise Dead: ability.id matches key
  ✅ Raise Dead: has non-empty name
  ✅ Raise Dead: type is one of physical, magical, buff, heal, drain
  ✅ Raise Dead: element, if present, is a non-empty string
  ✅ Raise Dead: power is a non-negative number
  ✅ Raise Dead: mpCost is a non-negative number
  ✅ Raise Dead: has non-empty description
  ✅ Raise Dead: effect, if present, is an object
  ✅ Raise Dead: effect.duration, if present, is a positive integer
  ✅ Raise Dead: effect.power, if present, is a non-negative number
  ✅ Raise Dead: effect.chance, if present, is between 0 and 1
  ✅ Raise Dead: effect.type, if present, is a non-empty string
  ✅ Death Wave: ability is an object
  ✅ Death Wave: ability.id matches key
  ✅ Death Wave: has non-empty name
  ✅ Death Wave: type is one of physical, magical, buff, heal, drain
  ✅ Death Wave: element, if present, is a non-empty string
  ✅ Death Wave: power is a non-negative number
  ✅ Death Wave: mpCost is a non-negative number
  ✅ Death Wave: has non-empty description
  ✅ Death Wave: effect, if present, is an object
  ✅ Death Wave: effect.duration, if present, is a positive integer
  ✅ Death Wave: effect.power, if present, is a non-negative number
  ✅ Death Wave: effect.chance, if present, is between 0 and 1
  ✅ Death Wave: effect.type, if present, is a non-empty string
  ✅ Soul Drain: ability is an object
  ✅ Soul Drain: ability.id matches key
  ✅ Soul Drain: has non-empty name
  ✅ Soul Drain: type is one of physical, magical, buff, heal, drain
  ✅ Soul Drain: element, if present, is a non-empty string
  ✅ Soul Drain: power is a non-negative number
  ✅ Soul Drain: mpCost is a non-negative number
  ✅ Soul Drain: has non-empty description
  ✅ Soul Drain: effect, if present, is an object
  ✅ Soul Drain: effect.duration, if present, is a positive integer
  ✅ Soul Drain: effect.power, if present, is a non-negative number
  ✅ Soul Drain: effect.chance, if present, is between 0 and 1
  ✅ Soul Drain: effect.type, if present, is a non-empty string
  ✅ Necrotic Storm: ability is an object
  ✅ Necrotic Storm: ability.id matches key
  ✅ Necrotic Storm: has non-empty name
  ✅ Necrotic Storm: type is one of physical, magical, buff, heal, drain
  ✅ Necrotic Storm: element, if present, is a non-empty string
  ✅ Necrotic Storm: power is a non-negative number
  ✅ Necrotic Storm: mpCost is a non-negative number
  ✅ Necrotic Storm: has non-empty description
  ✅ Necrotic Storm: effect, if present, is an object
  ✅ Necrotic Storm: effect.duration, if present, is a positive integer
  ✅ Necrotic Storm: effect.power, if present, is a non-negative number
  ✅ Necrotic Storm: effect.chance, if present, is between 0 and 1
  ✅ Necrotic Storm: effect.type, if present, is a non-empty string
  ✅ Primal Slam: ability is an object
  ✅ Primal Slam: ability.id matches key
  ✅ Primal Slam: has non-empty name
  ✅ Primal Slam: type is one of physical, magical, buff, heal, drain
  ✅ Primal Slam: element, if present, is a non-empty string
  ✅ Primal Slam: power is a non-negative number
  ✅ Primal Slam: mpCost is a non-negative number
  ✅ Primal Slam: has non-empty description
  ✅ Primal Slam: effect, if present, is an object
  ✅ Primal Slam: effect.duration, if present, is a positive integer
  ✅ Primal Slam: effect.power, if present, is a non-negative number
  ✅ Primal Slam: effect.chance, if present, is between 0 and 1
  ✅ Primal Slam: effect.type, if present, is a non-empty string
  ✅ Creation Pulse: ability is an object
  ✅ Creation Pulse: ability.id matches key
  ✅ Creation Pulse: has non-empty name
  ✅ Creation Pulse: type is one of physical, magical, buff, heal, drain
  ✅ Creation Pulse: element, if present, is a non-empty string
  ✅ Creation Pulse: power is a non-negative number
  ✅ Creation Pulse: mpCost is a non-negative number
  ✅ Creation Pulse: has non-empty description
  ✅ Creation Pulse: effect, if present, is an object
  ✅ Creation Pulse: effect.duration, if present, is a positive integer
  ✅ Creation Pulse: effect.power, if present, is a non-negative number
  ✅ Creation Pulse: effect.chance, if present, is between 0 and 1
  ✅ Creation Pulse: effect.type, if present, is a non-empty string
  ✅ Gravity Well: ability is an object
  ✅ Gravity Well: ability.id matches key
  ✅ Gravity Well: has non-empty name
  ✅ Gravity Well: type is one of physical, magical, buff, heal, drain
  ✅ Gravity Well: element, if present, is a non-empty string
  ✅ Gravity Well: power is a non-negative number
  ✅ Gravity Well: mpCost is a non-negative number
  ✅ Gravity Well: has non-empty description
  ✅ Gravity Well: effect, if present, is an object
  ✅ Gravity Well: effect.duration, if present, is a positive integer
  ✅ Gravity Well: effect.power, if present, is a non-negative number
  ✅ Gravity Well: effect.chance, if present, is between 0 and 1
  ✅ Gravity Well: effect.type, if present, is a non-empty string
  ✅ Reality Tear: ability is an object
  ✅ Reality Tear: ability.id matches key
  ✅ Reality Tear: has non-empty name
  ✅ Reality Tear: type is one of physical, magical, buff, heal, drain
  ✅ Reality Tear: element, if present, is a non-empty string
  ✅ Reality Tear: power is a non-negative number
  ✅ Reality Tear: mpCost is a non-negative number
  ✅ Reality Tear: has non-empty description
  ✅ Reality Tear: effect, if present, is an object
  ✅ Reality Tear: effect.duration, if present, is a positive integer
  ✅ Reality Tear: effect.power, if present, is a non-negative number
  ✅ Reality Tear: effect.chance, if present, is between 0 and 1
  ✅ Reality Tear: effect.type, if present, is a non-empty string
  ✅ Cosmic Ray: ability is an object
  ✅ Cosmic Ray: ability.id matches key
  ✅ Cosmic Ray: has non-empty name
  ✅ Cosmic Ray: type is one of physical, magical, buff, heal, drain
  ✅ Cosmic Ray: element, if present, is a non-empty string
  ✅ Cosmic Ray: power is a non-negative number
  ✅ Cosmic Ray: mpCost is a non-negative number
  ✅ Cosmic Ray: has non-empty description
  ✅ Cosmic Ray: effect, if present, is an object
  ✅ Cosmic Ray: effect.duration, if present, is a positive integer
  ✅ Cosmic Ray: effect.power, if present, is a non-negative number
  ✅ Cosmic Ray: effect.chance, if present, is between 0 and 1
  ✅ Cosmic Ray: effect.type, if present, is a non-empty string
  ✅ Primordial Wrath: ability is an object
  ✅ Primordial Wrath: ability.id matches key
  ✅ Primordial Wrath: has non-empty name
  ✅ Primordial Wrath: type is one of physical, magical, buff, heal, drain
  ✅ Primordial Wrath: element, if present, is a non-empty string
  ✅ Primordial Wrath: power is a non-negative number
  ✅ Primordial Wrath: mpCost is a non-negative number
  ✅ Primordial Wrath: has non-empty description
  ✅ Primordial Wrath: effect, if present, is an object
  ✅ Primordial Wrath: effect.duration, if present, is a positive integer
  ✅ Primordial Wrath: effect.power, if present, is a non-negative number
  ✅ Primordial Wrath: effect.chance, if present, is between 0 and 1
  ✅ Primordial Wrath: effect.type, if present, is a non-empty string
  ✅ Referenced boss ability 'vine-whip' exists in BOSS_ABILITIES
  ✅ Referenced boss ability 'nature-shield' exists in BOSS_ABILITIES
  ✅ Referenced boss ability 'thorn-storm' exists in BOSS_ABILITIES
  ✅ Referenced boss ability 'regenerate' exists in BOSS_ABILITIES
  ✅ Referenced boss ability 'fire-breath' exists in BOSS_ABILITIES
  ✅ Referenced boss ability 'claw-slash' exists in BOSS_ABILITIES
  ✅ Referenced boss ability 'inferno' exists in BOSS_ABILITIES
  ✅ Referenced boss ability 'tail-swipe' exists in BOSS_ABILITIES
  ✅ Referenced boss ability 'desperate-strike' exists in BOSS_ABILITIES
  ✅ Referenced boss ability 'self-immolate' exists in BOSS_ABILITIES
  ✅ Referenced boss ability 'shadow-bolt' exists in BOSS_ABILITIES
  ✅ Referenced boss ability 'phase-shift' exists in BOSS_ABILITIES
  ✅ Referenced boss ability 'life-drain' exists in BOSS_ABILITIES
  ✅ Referenced boss ability 'nightmare' exists in BOSS_ABILITIES
  ✅ Referenced boss ability 'dark-embrace' exists in BOSS_ABILITIES
  ✅ Referenced boss ability 'soul-bolt' exists in BOSS_ABILITIES
  ✅ Referenced boss ability 'bone-armor' exists in BOSS_ABILITIES
  ✅ Referenced boss ability 'raise-dead' exists in BOSS_ABILITIES
  ✅ Referenced boss ability 'death-wave' exists in BOSS_ABILITIES
  ✅ Referenced boss ability 'soul-drain' exists in BOSS_ABILITIES
  ✅ Referenced boss ability 'necrotic-storm' exists in BOSS_ABILITIES
  ✅ Referenced boss ability 'primal-slam' exists in BOSS_ABILITIES
  ✅ Referenced boss ability 'creation-pulse' exists in BOSS_ABILITIES
  ✅ Referenced boss ability 'gravity-well' exists in BOSS_ABILITIES
  ✅ Referenced boss ability 'reality-tear' exists in BOSS_ABILITIES
  ✅ Referenced boss ability 'cosmic-ray' exists in BOSS_ABILITIES
  ✅ Referenced boss ability 'primordial-wrath' exists in BOSS_ABILITIES

========================================
Boss data integrity: 713 passed, 0 failed
========================================

=== tests/boss-data-test.mjs ===
============================================================
BOSS DATA INTEGRITY TESTS
============================================================

--- BOSSES Object Structure Tests ---
✅ BOSSES is a non-empty object
✅ All bosses have required base properties
✅ All boss IDs match their object keys
✅ All boss names are non-empty strings
✅ All bosses have isBoss flag set to true

--- Boss Phase Structure Tests ---
✅ All bosses have at least 2 phases
✅ All phases have required properties
✅ Phase numbers are sequential starting from 1
✅ First phase has hpThreshold of 1.0 (100%)
✅ Later phases have lower HP thresholds

--- Boss Stats Validation Tests ---
✅ All phase stats are positive numbers
✅ Boss HP is significantly higher than regular enemies (>=100)
✅ Later phases have equal or higher ATK (DEF may decrease for enraged phases)

--- Boss Abilities Validation Tests ---
✅ BOSS_ABILITIES is a non-empty object
✅ All phase abilities reference valid BOSS_ABILITIES
✅ All phases have at least 2 abilities
✅ BOSS_ABILITIES have required properties
✅ All ability powers are non-negative numbers
✅ All ability elements are valid types

--- AI Behavior Validation Tests ---
✅ All aiBehavior properties are valid types

--- Boss Rewards Validation Tests ---
✅ All bosses have xpReward and goldReward
✅ Boss xpReward is significant (>=100)
✅ Boss goldReward is significant (>=50)

--- Easter Egg Detection (Saboteur Check) ---
✅ No easter egg keywords in boss names
✅ No easter egg keywords in boss descriptions
✅ No easter egg keywords in ability names
✅ No easter egg keywords in ability descriptions
✅ No obfuscation patterns in boss data
✅ No suspicious whitespace patterns

--- Helper Function Tests ---
✅ getBoss returns correct boss by id
✅ getBoss returns null for invalid boss
✅ getBossAbility returns correct ability by id
✅ getBossAbility returns null for invalid ability
✅ getAllBossIds returns array of all boss ids

============================================================
BOSS DATA TESTS COMPLETE: 34 passed, 0 failed
============================================================

=== tests/boss-telegraph-test.mjs ===
TAP version 13
# Subtest: boss-telegraph constants
    # Subtest: URGENCY_LEVELS exposes expected keys
    ok 1 - URGENCY_LEVELS exposes expected keys
      ---
      duration_ms: 1.081481
      type: 'test'
      ...
    # Subtest: ELEMENT_ICONS includes physical sword icon
    ok 2 - ELEMENT_ICONS includes physical sword icon
      ---
      duration_ms: 0.211418
      type: 'test'
      ...
    1..2
ok 1 - boss-telegraph constants
  ---
  duration_ms: 2.716355
  type: 'suite'
  ...
# Subtest: getTelegraphIcon
    # Subtest: returns shield for defend
    ok 1 - returns shield for defend
      ---
      duration_ms: 0.404468
      type: 'test'
      ...
    # Subtest: returns sword for attack
    ok 2 - returns sword for attack
      ---
      duration_ms: 0.142855
      type: 'test'
      ...
    # Subtest: returns element icon for boss ability
    ok 3 - returns element icon for boss ability
      ---
      duration_ms: 0.187782
      type: 'test'
      ...
    # Subtest: returns element icon for regular ability
    ok 4 - returns element icon for regular ability
      ---
      duration_ms: 0.28038
      type: 'test'
      ...
    # Subtest: returns crystal ball when element is unknown
    ok 5 - returns crystal ball when element is unknown
      ---
      duration_ms: 0.288996
      type: 'test'
      ...
    1..5
ok 2 - getTelegraphIcon
  ---
  duration_ms: 1.906709
  type: 'suite'
  ...
# Subtest: getTelegraphLabel
    # Subtest: returns defend label
    ok 1 - returns defend label
      ---
      duration_ms: 0.435268
      type: 'test'
      ...
    # Subtest: returns attack label
    ok 2 - returns attack label
      ---
      duration_ms: 0.240002
      type: 'test'
      ...
    # Subtest: returns boss ability name
    ok 3 - returns boss ability name
      ---
      duration_ms: 1.512901
      type: 'test'
      ...
    # Subtest: returns regular ability name
    ok 4 - returns regular ability name
      ---
      duration_ms: 0.141943
      type: 'test'
      ...
    # Subtest: returns unknown ability label
    ok 5 - returns unknown ability label
      ---
      duration_ms: 0.098368
      type: 'test'
      ...
    1..5
ok 3 - getTelegraphLabel
  ---
  duration_ms: 2.772043
  type: 'suite'
  ...
# Subtest: getTelegraphUrgency
    # Subtest: defend action is low urgency
    ok 1 - defend action is low urgency
      ---
      duration_ms: 0.284157
      type: 'test'
      ...
    # Subtest: weak attack is low urgency
    ok 2 - weak attack is low urgency
      ---
      duration_ms: 0.097077
      type: 'test'
      ...
    # Subtest: medium attack is medium urgency
    ok 3 - medium attack is medium urgency
      ---
      duration_ms: 0.094472
      type: 'test'
      ...
    # Subtest: strong attack is high urgency
    ok 4 - strong attack is high urgency
      ---
      duration_ms: 0.081516
      type: 'test'
      ...
    # Subtest: high power boss ability is extreme urgency
    ok 5 - high power boss ability is extreme urgency
      ---
      duration_ms: 0.081908
      type: 'test'
      ...
    # Subtest: mid power boss ability is high urgency
    ok 6 - mid power boss ability is high urgency
      ---
      duration_ms: 0.080665
      type: 'test'
      ...
    # Subtest: low power boss ability is medium urgency
    ok 7 - low power boss ability is medium urgency
      ---
      duration_ms: 0.08312
      type: 'test'
      ...
    # Subtest: boss heal ability is low urgency
    ok 8 - boss heal ability is low urgency
      ---
      duration_ms: 0.085004
      type: 'test'
      ...
    # Subtest: regular ability with power 2.0 is extreme urgency
    ok 9 - regular ability with power 2.0 is extreme urgency
      ---
      duration_ms: 0.085685
      type: 'test'
      ...
    # Subtest: regular ability with power 1.5 is high urgency
    ok 10 - regular ability with power 1.5 is high urgency
      ---
      duration_ms: 0.120451
      type: 'test'
      ...
    # Subtest: regular ability with power 1.0 is medium urgency
    ok 11 - regular ability with power 1.0 is medium urgency
      ---
      duration_ms: 0.105222
      type: 'test'
      ...
    # Subtest: regular ability with power below 1.0 is low urgency
    ok 12 - regular ability with power below 1.0 is low urgency
      ---
      duration_ms: 0.085675
      type: 'test'
      ...
    # Subtest: unknown ability defaults to medium urgency
    ok 13 - unknown ability defaults to medium urgency
      ---
      duration_ms: 0.085505
      type: 'test'
      ...
    1..13
ok 4 - getTelegraphUrgency
  ---
  duration_ms: 1.68998
  type: 'suite'
  ...
# Subtest: getTelegraphDescription
    # Subtest: defend description matches expected text
    ok 1 - defend description matches expected text
      ---
      duration_ms: 0.230563
      type: 'test'
      ...
    # Subtest: attack description includes damage range
    ok 2 - attack description includes damage range
      ---
      duration_ms: 0.136934
      type: 'test'
      ...
    # Subtest: ability description uses boss ability text
    ok 3 - ability description uses boss ability text
      ---
      duration_ms: 0.110173
      type: 'test'
      ...
    # Subtest: ability description uses regular ability text
    ok 4 - ability description uses regular ability text
      ---
      duration_ms: 0.104281
      type: 'test'
      ...
    # Subtest: unknown ability returns fallback description
    ok 5 - unknown ability returns fallback description
      ---
      duration_ms: 0.104641
      type: 'test'
      ...
    1..5
ok 5 - getTelegraphDescription
  ---
  duration_ms: 1.018839
  type: 'suite'
  ...
# Subtest: predictEnemyTelegraph
    # Subtest: returns null for null enemy
    ok 1 - returns null for null enemy
      ---
      duration_ms: 0.182902
      type: 'test'
      ...
    # Subtest: returns object with expected fields for valid enemy
    ok 2 - returns object with expected fields for valid enemy
      ---
      duration_ms: 0.430879
      type: 'test'
      ...
    # Subtest: predictEnemyTelegraph uses attack for basic enemy with seed 1
    ok 3 - predictEnemyTelegraph uses attack for basic enemy with seed 1
      ---
      duration_ms: 0.188583
      type: 'test'
      ...
    1..3
ok 6 - predictEnemyTelegraph
  ---
  duration_ms: 0.978342
  type: 'suite'
  ...
# Subtest: getBossPhaseWarning
    # Subtest: returns null for non-boss
    ok 1 - returns null for non-boss
      ---
      duration_ms: 0.246014
      type: 'test'
      ...
    # Subtest: returns null when not near threshold
    ok 2 - returns null when not near threshold
      ---
      duration_ms: 0.143476
      type: 'test'
      ...
    # Subtest: returns warning object near threshold
    ok 3 - returns warning object near threshold
      ---
      duration_ms: 0.241976
      type: 'test'
      ...
    # Subtest: returns null when boss has no phases
    ok 4 - returns null when boss has no phases
      ---
      duration_ms: 0.120622
      type: 'test'
      ...
    1..4
ok 7 - getBossPhaseWarning
  ---
  duration_ms: 0.966128
  type: 'suite'
  ...
1..7
# tests 37
# suites 7
# pass 37
# fail 0
# cancelled 0
# skipped 0
# todo 0
# duration_ms 60.112332

=== tests/boss-telegraph-ui-test.mjs ===
TAP version 13
# Subtest: getBossTelegraphStyles
    # Subtest: returns a non-empty string
    ok 1 - returns a non-empty string
      ---
      duration_ms: 0.995435
      type: 'test'
      ...
    # Subtest: contains telegraph-pulse keyframes
    ok 2 - contains telegraph-pulse keyframes
      ---
      duration_ms: 0.183904
      type: 'test'
      ...
    # Subtest: contains reduced-motion media query
    ok 3 - contains reduced-motion media query
      ---
      duration_ms: 0.245863
      type: 'test'
      ...
    # Subtest: contains boss-telegraph-panel class definition
    ok 4 - contains boss-telegraph-panel class definition
      ---
      duration_ms: 0.167452
      type: 'test'
      ...
    1..4
ok 1 - getBossTelegraphStyles
  ---
  duration_ms: 3.042574
  type: 'suite'
  ...
# Subtest: renderBossTelegraphPanel
    # Subtest: returns empty string when phase is not player-turn
    ok 1 - returns empty string when phase is not player-turn
      ---
      duration_ms: 0.585757
      type: 'test'
      ...
    # Subtest: returns empty string when no enemy
    ok 2 - returns empty string when no enemy
      ---
      duration_ms: 0.170058
      type: 'test'
      ...
    # Subtest: returns empty string when enemy.hp <= 0
    ok 3 - returns empty string when enemy.hp <= 0
      ---
      duration_ms: 0.29681
      type: 'test'
      ...
    # Subtest: returns HTML string for valid state
    ok 4 - returns HTML string for valid state
      ---
      duration_ms: 0.93075
      type: 'test'
      ...
    # Subtest: rendered HTML contains boss-telegraph-panel class
    ok 5 - rendered HTML contains boss-telegraph-panel class
      ---
      duration_ms: 0.415689
      type: 'test'
      ...
    # Subtest: rendered HTML contains Enemy Intent text
    ok 6 - rendered HTML contains Enemy Intent text
      ---
      duration_ms: 0.511234
      type: 'test'
      ...
    # Subtest: rendered HTML includes urgency class
    ok 7 - rendered HTML includes urgency class
      ---
      duration_ms: 0.222558
      type: 'test'
      ...
    # Subtest: for boss enemy, HTML contains phase info text
    ok 8 - for boss enemy, HTML contains phase info text
      ---
      duration_ms: 0.333421
      type: 'test'
      ...
    # Subtest: for boss near threshold, HTML contains phase transition text
    ok 9 - for boss near threshold, HTML contains phase transition text
      ---
      duration_ms: 0.224622
      type: 'test'
      ...
    # Subtest: boss HP bar container is rendered for boss
    ok 10 - boss HP bar container is rendered for boss
      ---
      duration_ms: 0.228058
      type: 'test'
      ...
    # Subtest: boss phase markers are rendered for boss
    ok 11 - boss phase markers are rendered for boss
      ---
      duration_ms: 0.268368
      type: 'test'
      ...
    # Subtest: telegraph description is present
    ok 12 - telegraph description is present
      ---
      duration_ms: 2.159144
      type: 'test'
      ...
    # Subtest: telegraph label is present
    ok 13 - telegraph label is present
      ---
      duration_ms: 0.369912
      type: 'test'
      ...
    # Subtest: telegraph icon is present
    ok 14 - telegraph icon is present
      ---
      duration_ms: 1.062033
      type: 'test'
      ...
    # Subtest: urgency badge is present
    ok 15 - urgency badge is present
      ---
      duration_ms: 0.326939
      type: 'test'
      ...
    1..15
ok 2 - renderBossTelegraphPanel
  ---
  duration_ms: 9.099194
  type: 'suite'
  ...
1..2
# tests 19
# suites 2
# pass 19
# fail 0
# cancelled 0
# skipped 0
# todo 0
# duration_ms 33.018812

=== tests/boss-test.mjs ===
============================================================
BOSS BATTLE SYSTEM UNIT TESTS
============================================================

--- Boss Data Tests ---
✅ getBoss returns forest-guardian boss
✅ getBoss returns fire-drake boss
✅ getBoss returns shadow-wraith boss
✅ getBoss returns null for invalid boss
✅ getAllBossIds returns all bosses

--- Boss Encounter Creation Tests ---
✅ createBossEncounter creates valid encounter for forest-guardian
✅ createBossEncounter creates valid encounter for fire-drake
✅ createBossEncounter returns null for invalid boss
✅ createBossEncounter initializes phase 1 stats
✅ createBossEncounter initializes abilities from phase 1
✅ createBossEncounter initializes empty status effects

--- Phase Transition Tests ---
✅ checkPhaseTransition returns false when HP is high
✅ checkPhaseTransition returns true when HP drops below threshold
✅ checkPhaseTransition returns false if already at final phase
✅ transitionToPhase updates boss stats
✅ transitionToPhase updates abilities
✅ getCurrentPhase returns correct phase object
✅ getPhaseName returns correct name

--- Boss Ability Tests ---
✅ getBossAbility returns valid ability
✅ getBossAbility returns null for invalid ability
✅ calculateBossAbilityDamage returns positive damage
✅ calculateBossAbilityDamage respects element type
✅ selectBossAbility returns valid ability id

--- Damage Application Tests ---
✅ applyDamageToBoss reduces HP correctly
✅ applyDamageToBoss does not reduce HP below 0
✅ applyDamageToBoss triggers phase transition when appropriate
✅ isBossDefeated returns false when HP > 0
✅ isBossDefeated returns true when HP = 0

--- Boss Rewards Tests ---
✅ getBossRewards returns rewards object
✅ getBossRewards includes significant exp
✅ getBossRewards includes gold

--- HP Segments Tests ---
✅ getBossHpSegments returns array of thresholds
✅ getBossHpSegments includes phase thresholds

--- Boss Detection Tests ---
✅ isBoss returns true for boss encounter
✅ isBoss returns false for regular enemy
✅ isBoss returns false for null
✅ isBoss returns false for undefined

--- Multi-Phase Boss Tests (Fire Drake) ---
✅ Fire Drake has 3 phases
✅ Fire Drake transitions through all phases

============================================================
BOSS TESTS COMPLETE: 39 passed, 0 failed
============================================================

=== tests/boss-ui-test.mjs ===
TAP version 13
# Subtest: Boss UI module
    # Subtest: imports without errors
    ok 1 - imports without errors
      ---
      duration_ms: 3.127186
      type: 'test'
      ...
    1..1
ok 1 - Boss UI module
  ---
  duration_ms: 4.272749
  type: 'suite'
  ...
1..1
# tests 1
# suites 1
# pass 1
# fail 0
# cancelled 0
# skipped 0
# todo 0
# duration_ms 14.963857

=== tests/bounty-board-test.mjs ===
TAP version 13
# Subtest: Bounty Board System
    # Subtest: createBountyBoardState returns expected structure
    ok 1 - createBountyBoardState returns expected structure
      ---
      duration_ms: 1.439028
      type: 'test'
      ...
    # Subtest: generateBounties creates 3 available bounties
    ok 2 - generateBounties creates 3 available bounties
      ---
      duration_ms: 0.474883
      type: 'test'
      ...
    # Subtest: generateBounties does not refresh if recently refreshed and bounties exist
    ok 3 - generateBounties does not refresh if recently refreshed and bounties exist
      ---
      duration_ms: 0.240814
      type: 'test'
      ...
    # Subtest: acceptBounty changes status to ACTIVE
    ok 4 - acceptBounty changes status to ACTIVE
      ---
      duration_ms: 0.423825
      type: 'test'
      ...
    # Subtest: acceptBounty does not allow multiple active bounties
    ok 5 - acceptBounty does not allow multiple active bounties
      ---
      duration_ms: 0.274608
      type: 'test'
      ...
    # Subtest: updateBountyProgress increments active bounty currentAmount
    ok 6 - updateBountyProgress increments active bounty currentAmount
      ---
      duration_ms: 0.365583
      type: 'test'
      ...
    # Subtest: updateBountyProgress completes bounty and rewards gold
    ok 7 - updateBountyProgress completes bounty and rewards gold
      ---
      duration_ms: 0.305508
      type: 'test'
      ...
    # Subtest: updateBountyProgress ignores wrong action type
    ok 8 - updateBountyProgress ignores wrong action type
      ---
      duration_ms: 0.336779
      type: 'test'
      ...
    1..8
ok 1 - Bounty Board System
  ---
  duration_ms: 7.778283
  type: 'test'
  ...
1..1
# tests 9
# suites 0
# pass 9
# fail 0
# cancelled 0
# skipped 0
# todo 0
# duration_ms 22.444598

=== tests/character-creation-test.mjs ===
✅ createCharacter creates a warrior with correct stats
✅ createCharacter creates a mage with correct stats
✅ createCharacter creates a rogue with correct stats
✅ createCharacter sets default appearance when not provided
✅ createCharacter accepts custom appearance options
✅ HAIR_COLORS contains expected options
✅ SKIN_TONES contains expected options
✅ PORTRAITS contains expected options
✅ validateAppearance returns valid for correct options
✅ validateAppearance returns errors for invalid options

=== tests/character-test.mjs ===

--- Stats ---
  PASS: Level 1 at XP 0
  PASS: Level 2 at XP 100
  PASS: Still level 1 at XP 99
  PASS: Level 20 at max XP
  PASS: Capped at level 20
  PASS: Need 100 XP for level 2
  PASS: No XP needed at max level

--- Classes ---
  PASS: Warrior class exists
  PASS: Warrior HP is 50
  PASS: Warrior has power-strike
  PASS: Mage MP is 50
  PASS: 4 classes available
  PASS: Unknown class returns null

--- Character Creation ---
  PASS: Custom ID respected
  PASS: Name set correctly
  PASS: Starts at level 1
  PASS: Starts with 0 XP
  PASS: Warrior HP is 50
  PASS: Starts with no equipment
  PASS: Auto-generated ID starts with char-

--- XP and Leveling ---
  PASS: XP is 100
  PASS: Reached level 2
  PASS: 1 level gained
  PASS: HP increased on level up
  PASS: Multi-level XP works

--- isAlive / healCharacter ---
  PASS: Full HP character is alive
  PASS: Zero HP character is dead
  PASS: Healed to 30 HP
  PASS: Capped at maxHp

--- toCombatant ---
  PASS: Combatant ID matches
  PASS: HP matches
  PASS: ATK matches
  PASS: Element is null
  PASS: xpReward formula correct

--- Party Management ---
  PASS: Party starts empty
  PASS: Added c1
  PASS: Added c2
  PASS: Duplicate add rejected
  PASS: Set active party
  PASS: 2 active members
  PASS: 2 combatants
  PASS: Rejects > MAX_PARTY_SIZE
  PASS: Roster down to 2
  PASS: p2 removed from active

--- XP Distribution ---
  PASS: 2 XP results
  PASS: p1 got 100 XP (split equally)

--- Restore Party ---
  PASS: HP restored to max
  PASS: MP restored to max

========================================
Results: 48 passed, 0 failed
========================================

=== tests/class-shield-abilities-test.mjs ===

--- Warrior: Breaker Abilities ---
  (5 test stubs - implement after creating class abilities)

--- Mage: Elementalist Abilities ---
  (5 test stubs - implement after creating class abilities)

--- Rogue: Exploit Abilities ---
  (5 test stubs - implement after creating class abilities)

--- Cleric: Sustain Abilities ---
  (5 test stubs - implement after creating class abilities)

========================================
Class Shield Abilities Tests: 0 passed, 0 failed
========================================

NOTE: This is a test stub file created Day 343.
Day 344 implementers: Uncomment tests after implementing class abilities
Total test stubs: 20 (minimum required: 20)

=== tests/class-specializations-test.mjs ===
TAP version 13
# Subtest: SPECIALIZATIONS data validation
    # Subtest: has all 4 classes
    ok 1 - has all 4 classes
      ---
      duration_ms: 4.094938
      type: 'test'
      ...
    # Subtest: each class has exactly 2 specializations
    ok 2 - each class has exactly 2 specializations
      ---
      duration_ms: 0.288485
      type: 'test'
      ...
    # Subtest: every specialization has required fields
    ok 3 - every specialization has required fields
      ---
      duration_ms: 0.528427
      type: 'test'
      ...
    # Subtest: SPECIALIZATION_LEVEL is 5
    ok 4 - SPECIALIZATION_LEVEL is 5
      ---
      duration_ms: 0.162653
      type: 'test'
      ...
    1..4
ok 1 - SPECIALIZATIONS data validation
  ---
  duration_ms: 6.842684
  type: 'suite'
  ...
# Subtest: getSpecializationsForClass
    # Subtest: returns 2 specs for warrior
    ok 1 - returns 2 specs for warrior
      ---
      duration_ms: 2.322188
      type: 'test'
      ...
    # Subtest: returns 2 specs for mage
    ok 2 - returns 2 specs for mage
      ---
      duration_ms: 0.137886
      type: 'test'
      ...
    # Subtest: returns 2 specs for rogue
    ok 3 - returns 2 specs for rogue
      ---
      duration_ms: 0.230092
      type: 'test'
      ...
    # Subtest: returns 2 specs for cleric
    ok 4 - returns 2 specs for cleric
      ---
      duration_ms: 0.339302
      type: 'test'
      ...
    # Subtest: returns empty array for invalid class
    ok 5 - returns empty array for invalid class
      ---
      duration_ms: 0.292722
      type: 'test'
      ...
    # Subtest: returns empty array for null
    ok 6 - returns empty array for null
      ---
      duration_ms: 0.324474
      type: 'test'
      ...
    # Subtest: returns empty array for undefined
    ok 7 - returns empty array for undefined
      ---
      duration_ms: 0.142374
      type: 'test'
      ...
    1..7
ok 2 - getSpecializationsForClass
  ---
  duration_ms: 4.317155
  type: 'suite'
  ...
# Subtest: getSpecialization
    # Subtest: returns berserker for (warrior, berserker)
    ok 1 - returns berserker for (warrior, berserker)
      ---
      duration_ms: 0.195095
      type: 'test'
      ...
    # Subtest: returns guardian for (warrior, guardian)
    ok 2 - returns guardian for (warrior, guardian)
      ---
      duration_ms: 0.089412
      type: 'test'
      ...
    # Subtest: returns elementalist for (mage, elementalist)
    ok 3 - returns elementalist for (mage, elementalist)
      ---
      duration_ms: 0.081778
      type: 'test'
      ...
    # Subtest: returns null for invalid class
    ok 4 - returns null for invalid class
      ---
      duration_ms: 0.079333
      type: 'test'
      ...
    # Subtest: returns null for invalid spec id
    ok 5 - returns null for invalid spec id
      ---
      duration_ms: 0.090524
      type: 'test'
      ...
    # Subtest: returns null for null inputs
    ok 6 - returns null for null inputs
      ---
      duration_ms: 0.081587
      type: 'test'
      ...
    1..6
ok 3 - getSpecialization
  ---
  duration_ms: 0.808615
  type: 'suite'
  ...
# Subtest: canSpecialize
    # Subtest: returns true for level 5 player without specialization
    ok 1 - returns true for level 5 player without specialization
      ---
      duration_ms: 0.206428
      type: 'test'
      ...
    # Subtest: returns true for level 10 player without specialization
    ok 2 - returns true for level 10 player without specialization
      ---
      duration_ms: 0.108137
      type: 'test'
      ...
    # Subtest: returns false for level 4 player
    ok 3 - returns false for level 4 player
      ---
      duration_ms: 0.113789
      type: 'test'
      ...
    # Subtest: returns false for level 1 player
    ok 4 - returns false for level 1 player
      ---
      duration_ms: 0.097447
      type: 'test'
      ...
    # Subtest: returns false for already specialized player
    ok 5 - returns false for already specialized player
      ---
      duration_ms: 0.101715
      type: 'test'
      ...
    # Subtest: returns false for null player
    ok 6 - returns false for null player
      ---
      duration_ms: 0.082449
      type: 'test'
      ...
    1..6
ok 4 - canSpecialize
  ---
  duration_ms: 0.913857
  type: 'suite'
  ...
# Subtest: applySpecialization (warrior -> berserker)
    # Subtest: creates new player object (immutability check)
    ok 1 - creates new player object (immutability check)
      ---
      duration_ms: 0.599854
      type: 'test'
      ...
    # Subtest: sets specialization to 'berserker'
    ok 2 - sets specialization to 'berserker'
      ---
      duration_ms: 0.127234
      type: 'test'
      ...
    # Subtest: sets specializationName to 'Berserker'
    ok 3 - sets specializationName to 'Berserker'
      ---
      duration_ms: 0.116124
      type: 'test'
      ...
    # Subtest: increases atk by 4 (from 12 to 16)
    ok 4 - increases atk by 4 (from 12 to 16)
      ---
      duration_ms: 0.251455
      type: 'test'
      ...
    # Subtest: increases spd by 2 (from 6 to 8)
    ok 5 - increases spd by 2 (from 6 to 8)
      ---
      duration_ms: 0.124449
      type: 'test'
      ...
    # Subtest: decreases def by 2 (from 10 to 8)
    ok 6 - decreases def by 2 (from 10 to 8)
      ---
      duration_ms: 0.111835
      type: 'test'
      ...
    # Subtest: adds 'frenzy' and 'reckless-strike' to abilities
    ok 7 - adds 'frenzy' and 'reckless-strike' to abilities
      ---
      duration_ms: 0.110242
      type: 'test'
      ...
    # Subtest: does not duplicate existing abilities
    ok 8 - does not duplicate existing abilities
      ---
      duration_ms: 0.128828
      type: 'test'
      ...
    # Subtest: sets passive to bloodlust object
    ok 9 - sets passive to bloodlust object
      ---
      duration_ms: 0.111223
      type: 'test'
      ...
    1..9
ok 5 - applySpecialization (warrior -> berserker)
  ---
  duration_ms: 2.058229
  type: 'suite'
  ...
# Subtest: applySpecialization (warrior -> guardian)
    # Subtest: increases def by 5
    ok 1 - increases def by 5
      ---
      duration_ms: 1.12793
      type: 'test'
      ...
    # Subtest: increases maxHp by 15
    ok 2 - increases maxHp by 15
      ---
      duration_ms: 0.12942
      type: 'test'
      ...
    # Subtest: increases hp by 15 (matching maxHp increase)
    ok 3 - increases hp by 15 (matching maxHp increase)
      ---
      duration_ms: 0.185817
      type: 'test'
      ...
    # Subtest: decreases spd by 1
    ok 4 - decreases spd by 1
      ---
      duration_ms: 0.116705
      type: 'test'
      ...
    # Subtest: adds fortress-stance and taunt abilities
    ok 5 - adds fortress-stance and taunt abilities
      ---
      duration_ms: 0.105924
      type: 'test'
      ...
    1..5
ok 6 - applySpecialization (warrior -> guardian)
  ---
  duration_ms: 1.863475
  type: 'suite'
  ...
# Subtest: applySpecialization (mage -> elementalist with stats object)
    # Subtest: works with player.stats nested object
    ok 1 - works with player.stats nested object
      ---
      duration_ms: 1.099756
      type: 'test'
      ...
    # Subtest: increases stats.int by 5
    ok 2 - increases stats.int by 5
      ---
      duration_ms: 0.154036
      type: 'test'
      ...
    # Subtest: increases stats.maxMp by 10
    ok 3 - increases stats.maxMp by 10
      ---
      duration_ms: 0.870644
      type: 'test'
      ...
    # Subtest: increases stats.mp by 10
    ok 4 - increases stats.mp by 10
      ---
      duration_ms: 0.121853
      type: 'test'
      ...
    1..4
ok 7 - applySpecialization (mage -> elementalist with stats object)
  ---
  duration_ms: 2.39643
  type: 'suite'
  ...
# Subtest: applySpecialization edge cases
    # Subtest: returns null for null player
    ok 1 - returns null for null player
      ---
      duration_ms: 0.216487
      type: 'test'
      ...
    # Subtest: returns null for invalid specId
    ok 2 - returns null for invalid specId
      ---
      duration_ms: 0.161631
      type: 'test'
      ...
    # Subtest: returns null for wrong class spec (warrior trying mage spec)
    ok 3 - returns null for wrong class spec (warrior trying mage spec)
      ---
      duration_ms: 0.158806
      type: 'test'
      ...
    # Subtest: returns null for already specialized player
    ok 4 - returns null for already specialized player
      ---
      duration_ms: 0.114921
      type: 'test'
      ...
    # Subtest: returns null for level 4 player
    ok 5 - returns null for level 4 player
      ---
      duration_ms: 0.096366
      type: 'test'
      ...
    # Subtest: original player object is not mutated
    ok 6 - original player object is not mutated
      ---
      duration_ms: 0.128588
      type: 'test'
      ...
    1..6
ok 8 - applySpecialization edge cases
  ---
  duration_ms: 1.078355
  type: 'suite'
  ...
# Subtest: isSpecialized
    # Subtest: returns true for specialized player
    ok 1 - returns true for specialized player
      ---
      duration_ms: 0.152825
      type: 'test'
      ...
    # Subtest: returns false for unspecialized player
    ok 2 - returns false for unspecialized player
      ---
      duration_ms: 0.097698
      type: 'test'
      ...
    # Subtest: returns false for null
    ok 3 - returns false for null
      ---
      duration_ms: 0.079944
      type: 'test'
      ...
    1..3
ok 9 - isSpecialized
  ---
  duration_ms: 0.437552
  type: 'suite'
  ...
# Subtest: getSpecializationInfo
    # Subtest: returns correct info for berserker warrior
    ok 1 - returns correct info for berserker warrior
      ---
      duration_ms: 0.286871
      type: 'test'
      ...
    # Subtest: returns null for unspecialized player
    ok 2 - returns null for unspecialized player
      ---
      duration_ms: 0.103939
      type: 'test'
      ...
    # Subtest: returns null for null
    ok 3 - returns null for null
      ---
      duration_ms: 0.078982
      type: 'test'
      ...
    1..3
ok 10 - getSpecializationInfo
  ---
  duration_ms: 0.603059
  type: 'suite'
  ...
# Subtest: getSpecializationPassive
    # Subtest: returns bloodlust passive for berserker warrior
    ok 1 - returns bloodlust passive for berserker warrior
      ---
      duration_ms: 0.159828
      type: 'test'
      ...
    # Subtest: returns null for unspecialized player
    ok 2 - returns null for unspecialized player
      ---
      duration_ms: 0.131222
      type: 'test'
      ...
    # Subtest: returns null for null
    ok 3 - returns null for null
      ---
      duration_ms: 0.081006
      type: 'test'
      ...
    1..3
ok 11 - getSpecializationPassive
  ---
  duration_ms: 0.483249
  type: 'suite'
  ...
# Subtest: getAllSpecializations
    # Subtest: returns array of 8 specializations
    ok 1 - returns array of 8 specializations
      ---
      duration_ms: 0.154497
      type: 'test'
      ...
    # Subtest: each has required fields (id, name, description)
    ok 2 - each has required fields (id, name, description)
      ---
      duration_ms: 0.11448
      type: 'test'
      ...
    1..2
ok 12 - getAllSpecializations
  ---
  duration_ms: 0.354512
  type: 'suite'
  ...
1..12
# tests 58
# suites 12
# pass 58
# fail 0
# cancelled 0
# skipped 0
# todo 0
# duration_ms 82.490793

=== tests/combat-abilities-test.mjs ===

--- playerUseAbility: damage abilities ---
  PASS: power-strike deducts 4 MP
  PASS: power-strike damages enemy
  PASS: power-strike transitions to enemy-turn
  PASS: power-strike logs ability use
  PASS: power-strike logs damage with element
  PASS: fireball deducts 6 MP
  PASS: fireball damages enemy
  PASS: fireball logs fire damage
  PASS: backstab deducts 5 MP
  PASS: backstab damages enemy
  PASS: smite deducts 6 MP
  PASS: smite damages enemy
  PASS: smite logs light damage

--- playerUseAbility: damage calculation ---
  PASS: power-strike damage with variance should be between 10 and 14 (got 13), enemy hp went from 30 to 17
  PASS: damage is minimum 1 even when def > raw damage

--- playerUseAbility: healing abilities ---
  PASS: heal deducts 5 MP
  PASS: heal restores 15 HP (40 → 55)
  PASS: heal logs healing amount
  PASS: heal caps at maxHp (95+15 → 100)
  PASS: heal log shows actual healing (5 not 15)
  PASS: group-heal deducts 12 MP
  PASS: group-heal restores 10 HP

--- playerUseAbility: status effects on enemies ---
  PASS: shield-bash deducts 6 MP
  PASS: shield-bash deals damage
  PASS: shield-bash applies stun to enemy
  PASS: stun has duration 1
  PASS: shield-bash logs stun application
  PASS: poison-blade applies poison to enemy
  PASS: poison has duration 3
  PASS: poison has power 5
  PASS: thunder-bolt applies spd-down to enemy
  PASS: spd-down has duration 2
  PASS: smoke-bomb applies def-down to enemy
  PASS: smoke-bomb with power 0 deals no damage

--- playerUseAbility: buffs on player ---
  PASS: war-cry deducts 5 MP
  PASS: war-cry applies atk-up to player
  PASS: atk-up has duration 3
  PASS: war-cry logs buff application
  PASS: arcane-shield applies def-up to player
  PASS: def-up has duration 3

--- playerUseAbility: cleanse ---
  PASS: purify deducts 8 MP
  PASS: purify removes poison debuff
  PASS: purify keeps atk-up buff
  PASS: purify adds regen effect
  PASS: purify logs cleanse
  PASS: purify logs regen

--- playerUseAbility: guards and edge cases ---
  PASS: does nothing if not player-turn
  PASS: MP unchanged when wrong phase
  PASS: phase stays player-turn for unknown ability
  PASS: logs unknown ability message
  PASS: phase stays player-turn for wrong-class ability
  PASS: logs "don't know" for wrong-class ability
  PASS: MP unchanged for wrong-class ability
  PASS: phase stays player-turn when not enough MP
  PASS: logs not enough MP message
  PASS: MP unchanged when not enough
  PASS: MP goes to 0 when exactly enough
  PASS: ability succeeds with exact MP
  PASS: defending cleared after ability use

--- playerUseAbility: victory on kill ---
  PASS: enemy hp is 0 after lethal ability
  PASS: phase transitions to victory on kill

--- addStatusEffect helper ---
  PASS: addStatusEffect adds one effect to enemy
  PASS: added effect has correct type
  PASS: added effect has correct duration
  PASS: addStatusEffect adds one effect to player
  PASS: added player effect has correct type
  PASS: addStatusEffect returns same state for invalid target

--- getAbility and getAbilityDisplayInfo ---
  PASS: getAbility returns ability for valid id
  PASS: ability has correct id
  PASS: power-strike costs 4 MP
  PASS: power-strike has power 1.5
  PASS: power-strike is warrior class
  PASS: getAbility returns null for invalid id
  PASS: getAbilityDisplayInfo returns info for both abilities
  PASS: first ability has correct name
  PASS: power-strike (4 MP) can be used with 5 MP
  PASS: second ability has correct name
  PASS: shield-bash (6 MP) cannot be used with 5 MP
  PASS: getAbilityDisplayInfo filters out unknown abilities

--- state.js: abilities initialization ---
  PASS: warrior player has abilities array
  PASS: warrior has power-strike
  PASS: warrior has shield-bash
  PASS: warrior has war-cry
  PASS: warrior player has spd stat
  PASS: mage has fireball
  PASS: mage has arcane-shield
  PASS: rogue has backstab
  PASS: rogue has poison-blade
  PASS: cleric has heal
  PASS: cleric has purify
  PASS: cleric has smite

--- Status effect format alignment (PR #49 compatible) ---
  PASS: stun uses duration field (PR #49 format)
  PASS: stun does NOT have remaining field
  PASS: stun has type field
  PASS: stun has name field
  PASS: atk-up uses duration field (PR #49 format)
  PASS: atk-up does NOT have remaining field

--- Easter egg scan ---
  PASS: All 5 scanned files are easter-egg free

========================================
Combat Abilities Tests: 98 passed, 0 failed
========================================

=== tests/combat-actions-test.mjs ===

--- nextRng (Park-Miller LCG) ---
  PASS: nextRng returns seed number
  PASS: nextRng returns value number
  PASS: value is in [0, 1) range
  PASS: seed changes after nextRng
  PASS: nextRng is deterministic (seed)
  PASS: nextRng is deterministic (value)
  PASS: sequence produces different seeds
  PASS: sequence continues producing different seeds

--- startNewEncounter ---
  PASS: phase resets to player-turn
  PASS: turn resets to 1
  PASS: player defending resets
  PASS: enemy is set
  PASS: enemy has positive HP
  PASS: enemy HP equals maxHp
  PASS: enemy defending is false
  PASS: log has new entries
  PASS: player hp preserved
  PASS: player inventory preserved

--- playerAttack ---
  PASS: enemy took damage
  PASS: phase changes to enemy-turn
  PASS: player defending reset after attack
  PASS: log has attack message
  PASS: no damage on wrong phase
  PASS: phase unchanged on wrong phase

--- playerAttack vs defending enemy ---
  PASS: defending reduces damage taken
  PASS: enemy defending resets after being attacked

--- playerAttack leading to victory ---
  PASS: enemy HP clamped to 0
  PASS: phase is victory
  PASS: xp reward granted
  PASS: gold reward granted

--- playerDefend ---
  PASS: player is now defending
  PASS: phase changes to enemy-turn
  PASS: log has defend message
  PASS: defend ignored on wrong phase

--- playerUsePotion ---
  PASS: player healed
  PASS: HP does not exceed maxHp
  PASS: potion count decreased
  PASS: phase changes to enemy-turn
  PASS: defending reset after using potion
  PASS: log has potion message

--- playerUsePotion at full HP ---
  PASS: HP clamped at maxHp
  PASS: potion still consumed

--- playerUsePotion with no potions ---
  PASS: HP unchanged with no potions
  PASS: phase unchanged (no action taken)
  PASS: log has no-potion message

--- enemyAct (attack) ---
  PASS: RNG seed advanced
  PASS: phase is player-turn or defeat
  PASS: turn incremented or same
  PASS: log has enemy action message

--- enemyAct (defend - find a seed that triggers it) ---
  PASS: enemy is defending
  PASS: phase is player-turn after enemy defend
  PASS: player defending reset
  PASS: turn incremented

--- enemyAct wrong phase ---
  PASS: RNG seed unchanged on wrong phase
  PASS: player HP unchanged

--- enemyAct leading to defeat ---
  PASS: player HP clamped to 0
  PASS: phase is defeat

--- enemyAct with player defending ---
  PASS: defending reduces damage from enemy

========================================
Results: 58 passed, 0 failed
========================================

=== tests/combat-battle-log-integration-test.mjs ===
TAP version 13
# Subtest: Combat Battle Log Integration
    # Subtest: initCombatBattleLog
        # Subtest: clears log and starts turn 1
        ok 1 - clears log and starts turn 1
          ---
          duration_ms: 1.438507
          type: 'test'
          ...
        1..1
    ok 1 - initCombatBattleLog
      ---
      duration_ms: 2.202538
      type: 'suite'
      ...
    # Subtest: logPlayerAttack
        # Subtest: logs attack with damage and enemy name
        ok 1 - logs attack with damage and enemy name
          ---
          duration_ms: 0.491095
          type: 'test'
          ...
        # Subtest: uses default enemy name when not provided
        ok 2 - uses default enemy name when not provided
          ---
          duration_ms: 0.572932
          type: 'test'
          ...
        1..2
    ok 2 - logPlayerAttack
      ---
      duration_ms: 1.328384
      type: 'suite'
      ...
    # Subtest: logPlayerAbility
        # Subtest: logs ability with all parameters
        ok 1 - logs ability with all parameters
          ---
          duration_ms: 0.499791
          type: 'test'
          ...
        # Subtest: omits element when not provided
        ok 2 - omits element when not provided
          ---
          duration_ms: 0.512235
          type: 'test'
          ...
        1..2
    ok 3 - logPlayerAbility
      ---
      duration_ms: 1.274782
      type: 'suite'
      ...
    # Subtest: logDamageDealt
        # Subtest: logs damage dealt with source
        ok 1 - logs damage dealt with source
          ---
          duration_ms: 0.344844
          type: 'test'
          ...
        # Subtest: works without source
        ok 2 - works without source
          ---
          duration_ms: 0.226776
          type: 'test'
          ...
        1..2
    ok 4 - logDamageDealt
      ---
      duration_ms: 0.851066
      type: 'suite'
      ...
    # Subtest: logDamageReceived
        # Subtest: logs damage received from source
        ok 1 - logs damage received from source
          ---
          duration_ms: 0.299467
          type: 'test'
          ...
        # Subtest: uses default source when not provided
        ok 2 - uses default source when not provided
          ---
          duration_ms: 0.435838
          type: 'test'
          ...
        1..2
    ok 5 - logDamageReceived
      ---
      duration_ms: 0.88318
      type: 'suite'
      ...
    # Subtest: logHealing
        # Subtest: logs healing with source
        ok 1 - logs healing with source
          ---
          duration_ms: 0.291841
          type: 'test'
          ...
        1..1
    ok 6 - logHealing
      ---
      duration_ms: 0.372957
      type: 'suite'
      ...
    # Subtest: logItemUsed
        # Subtest: logs item usage with effect
        ok 1 - logs item usage with effect
          ---
          duration_ms: 0.239951
          type: 'test'
          ...
        # Subtest: works without effect description
        ok 2 - works without effect description
          ---
          duration_ms: 0.15112
          type: 'test'
          ...
        1..2
    ok 7 - logItemUsed
      ---
      duration_ms: 0.513007
      type: 'suite'
      ...
    # Subtest: logStatusApplied
        # Subtest: logs status with duration
        ok 1 - logs status with duration
          ---
          duration_ms: 0.257476
          type: 'test'
          ...
        # Subtest: handles zero duration
        ok 2 - handles zero duration
          ---
          duration_ms: 0.168243
          type: 'test'
          ...
        # Subtest: omits duration when not provided
        ok 3 - omits duration when not provided
          ---
          duration_ms: 0.163515
          type: 'test'
          ...
        1..3
    ok 8 - logStatusApplied
      ---
      duration_ms: 0.709735
      type: 'suite'
      ...
    # Subtest: logStatusExpired
        # Subtest: logs status expiration
        ok 1 - logs status expiration
          ---
          duration_ms: 0.317511
          type: 'test'
          ...
        1..1
    ok 9 - logStatusExpired
      ---
      duration_ms: 0.403977
      type: 'suite'
      ...
    # Subtest: logTurnStart
        # Subtest: logs player turn start
        ok 1 - logs player turn start
          ---
          duration_ms: 0.26507
          type: 'test'
          ...
        # Subtest: logs enemy turn start
        ok 2 - logs enemy turn start
          ---
          duration_ms: 0.170409
          type: 'test'
          ...
        # Subtest: defaults to player turn when isPlayerTurn not specified
        ok 3 - defaults to player turn when isPlayerTurn not specified
          ---
          duration_ms: 0.220203
          type: 'test'
          ...
        1..3
    ok 10 - logTurnStart
      ---
      duration_ms: 0.803326
      type: 'suite'
      ...
    # Subtest: logTurnEnd
        # Subtest: logs turn end
        ok 1 - logs turn end
          ---
          duration_ms: 1.739296
          type: 'test'
          ...
        1..1
    ok 11 - logTurnEnd
      ---
      duration_ms: 1.822847
      type: 'suite'
      ...
    # Subtest: logVictory
        # Subtest: logs victory with rewards
        ok 1 - logs victory with rewards
          ---
          duration_ms: 0.241695
          type: 'test'
          ...
        1..1
    ok 12 - logVictory
      ---
      duration_ms: 0.314404
      type: 'suite'
      ...
    # Subtest: logDefeat
        # Subtest: logs defeat
        ok 1 - logs defeat
          ---
          duration_ms: 0.179284
          type: 'test'
          ...
        1..1
    ok 13 - logDefeat
      ---
      duration_ms: 0.245622
      type: 'suite'
      ...
    # Subtest: getBattleLogEntries
        # Subtest: returns all logged entries
        ok 1 - returns all logged entries
          ---
          duration_ms: 0.393297
          type: 'test'
          ...
        1..1
    ok 14 - getBattleLogEntries
      ---
      duration_ms: 0.467971
      type: 'suite'
      ...
    # Subtest: getBattleSummary
        # Subtest: returns combat summary with totals
        ok 1 - returns combat summary with totals
          ---
          duration_ms: 0.389339
          type: 'test'
          ...
        1..1
    ok 15 - getBattleSummary
      ---
      duration_ms: 0.460786
      type: 'suite'
      ...
    1..15
ok 1 - Combat Battle Log Integration
  ---
  duration_ms: 16.212509
  type: 'suite'
  ...
1..1
# tests 24
# suites 16
# pass 24
# fail 0
# cancelled 0
# skipped 0
# todo 0
# duration_ms 70.236177

=== tests/combat-flee-test.mjs ===
--- Combat Flee Tests ---
  PASS: PLAYER_FLEE ignored outside player-turn
  PASS: PLAYER_FLEE handled during player-turn
  PASS: flee success sets phase to fled
  PASS: turn recorded on flee success
  PASS: PLAYER_FLEE handled during player-turn
  PASS: flee failure moves to enemy-turn
  PASS: turn recorded on flee failure
========================================
Results: 7 passed, 0 failed

=== tests/combat-handler-test.mjs ===
--- Testing Combat Handler ---
  PASS: PLAYER_ATTACK handled
  PASS: Enemy took damage
  PASS: Damage dealt recorded in stats
  PASS: Turn played recorded
  PASS: PLAYER_ABILITY can produce victory
  PASS: Ability battle-log entries are marked as player-sourced
  PASS: Ability-only victory records a max single hit
  PASS: Offensive ability victory counts as one attack in summary
  PASS: PLAYER_DEFEND handled
  PASS: Player is defending
  PASS: PLAYER_POTION handled
  PASS: Player healed
  PASS: Item use recorded
  PASS: Action ignored in wrong phase
--- Testing Enemy Turn Logic ---
  PASS: Player took damage
  PASS: Damage received recorded
  PASS: Combat stats initialized when missing on enemy turn
  PASS: Combat stats track damage received
========================================
Results: 18 passed, 0 failed

=== tests/combat-items-test.mjs ===

=== Combat Items Tests ===
Passed: 66
Failed: 0


=== tests/combat-log-formatter-test.mjs ===

escapeHtml():
  ✅ escapes ampersand
  ✅ escapes less-than
  ✅ escapes double quotes
  ✅ handles empty string
  ✅ converts non-string to string
  ✅ handles null
  ✅ handles multiple special chars

classifyLogEntry() — damage dealt:
  ✅ player attack classified as damage-dealt
  ✅ player deals damage
  ✅ player hits for damage
  ✅ your attack classified as damage-dealt

classifyLogEntry() — damage received:
  ✅ enemy attack classified as damage-received
  ✅ enemy hits you classified as damage-received
  ✅ generic damage without player context

classifyLogEntry() — healing:
  ✅ heal classified correctly
  ✅ restored classified as healing
  ✅ regeneration classified as healing
  ✅ recover classified as healing

classifyLogEntry() — status effects:
  ✅ poison classified as status-effect
  ✅ burning classified as status-effect
  ✅ stunned classified as status-effect
  ✅ frozen classified as status-effect
  ✅ bleeding classified as status-effect

classifyLogEntry() — shield:
  ✅ shield classified correctly
  ✅ blocked classified as shield
  ✅ shatter classified as shield
  ✅ break classified as shield

classifyLogEntry() — flee:
  ✅ flee classified correctly
  ✅ escaped classified as flee
  ✅ ran away classified as flee
  ✅ retreated classified as flee

classifyLogEntry() — victory/defeat:
  ✅ enemy defeated classified as victory
  ✅ enemy slain classified as victory
  ✅ victory keyword
  ✅ level up classified as victory
  ✅ player defeat classified as defeat
  ✅ player died classified as defeat
  ✅ player fallen classified as defeat

classifyLogEntry() — companion:
  ✅ companion classified correctly
  ✅ ally classified as companion

classifyLogEntry() — item:
  ✅ potion classified as item
  ✅ use item classified as item

classifyLogEntry() — ability:
  ✅ cast spell classified as ability
  ✅ special move classified as ability

classifyLogEntry() — info:
  ✅ generic text classified as info
  ✅ non-string input classified as info
  ✅ undefined input classified as info
  ✅ number input classified as info

classifyLogEntry() — return shape:
  ✅ returns type, icon, and cssClass
  ✅ cssClass matches log- prefix

formatLogEntryHtml():
  ✅ returns HTML with logLine class
  ✅ includes log-icon span
  ✅ escapes HTML in log text
  ✅ contains type-specific CSS class
  ✅ wraps in div element

renderFormattedLog():
  ✅ renders array of log entries
  ✅ limits entries to maxEntries
  ✅ default maxEntries is 50
  ✅ returns empty string for non-array
  ✅ handles empty array

getLogStyles():
  ✅ returns a string
  ✅ includes all log type CSS classes
  ✅ includes log-icon styles
  ✅ includes logLine styles

Integration scenarios:
  ✅ full combat sequence renders correctly
  ✅ XSS prevention in full render

==================================================
Combat Log Formatter Tests: 66 passed, 0 failed
==================================================

=== tests/combat-performance-achievements-test.mjs ===

=== Combat Performance Achievements Tests ===
Passed: 8/8

=== tests/combat-rewards-animator-test.mjs ===
TAP version 13
# Subtest: calculateBattleRating
    # Subtest: returns S grade for flawless fight (no damage taken)
    ok 1 - returns S grade for flawless fight (no damage taken)
      ---
      duration_ms: 1.61178
      type: 'test'
      ...
    # Subtest: returns A grade for good performance
    ok 2 - returns A grade for good performance
      ---
      duration_ms: 0.207529
      type: 'test'
      ...
    # Subtest: returns B grade for solid performance
    ok 3 - returns B grade for solid performance
      ---
      duration_ms: 0.335045
      type: 'test'
      ...
    # Subtest: returns C grade for narrow victory
    ok 4 - returns C grade for narrow victory
      ---
      duration_ms: 0.184825
      type: 'test'
      ...
    # Subtest: returns D grade for pyrrhic victory
    ok 5 - returns D grade for pyrrhic victory
      ---
      duration_ms: 0.181279
      type: 'test'
      ...
    # Subtest: score is clamped between 0 and 100
    ok 6 - score is clamped between 0 and 100
      ---
      duration_ms: 0.227427
      type: 'test'
      ...
    # Subtest: handles zero/negative inputs gracefully
    ok 7 - handles zero/negative inputs gracefully
      ---
      duration_ms: 0.177611
      type: 'test'
      ...
    # Subtest: returns object with grade, title, and score properties
    ok 8 - returns object with grade, title, and score properties
      ---
      duration_ms: 0.310658
      type: 'test'
      ...
    # Subtest: higher damage ratio yields better efficiency score
    ok 9 - higher damage ratio yields better efficiency score
      ---
      duration_ms: 0.378318
      type: 'test'
      ...
    1..9
ok 1 - calculateBattleRating
  ---
  duration_ms: 7.778524
  type: 'suite'
  ...
# Subtest: computeXpBarPercent
    # Subtest: returns 50 for half XP
    ok 1 - returns 50 for half XP
      ---
      duration_ms: 0.476857
      type: 'test'
      ...
    # Subtest: returns 0 for zero XP
    ok 2 - returns 0 for zero XP
      ---
      duration_ms: 0.21337
      type: 'test'
      ...
    # Subtest: returns 100 for full XP
    ok 3 - returns 100 for full XP
      ---
      duration_ms: 0.108478
      type: 'test'
      ...
    # Subtest: clamps to 100 if XP exceeds level requirement
    ok 4 - clamps to 100 if XP exceeds level requirement
      ---
      duration_ms: 0.093921
      type: 'test'
      ...
    # Subtest: handles zero xpForLevel without dividing by zero
    ok 5 - handles zero xpForLevel without dividing by zero
      ---
      duration_ms: 0.108799
      type: 'test'
      ...
    # Subtest: handles negative inputs gracefully
    ok 6 - handles negative inputs gracefully
      ---
      duration_ms: 0.130061
      type: 'test'
      ...
    # Subtest: handles non-numeric inputs
    ok 7 - handles non-numeric inputs
      ---
      duration_ms: 0.096957
      type: 'test'
      ...
    1..7
ok 2 - computeXpBarPercent
  ---
  duration_ms: 1.940884
  type: 'suite'
  ...
# Subtest: formatGoldAmount
    # Subtest: formats 0
    ok 1 - formats 0
      ---
      duration_ms: 0.287363
      type: 'test'
      ...
    # Subtest: formats small number without commas
    ok 2 - formats small number without commas
      ---
      duration_ms: 0.168915
      type: 'test'
      ...
    # Subtest: formats 1000 with comma
    ok 3 - formats 1000 with comma
      ---
      duration_ms: 0.144379
      type: 'test'
      ...
    # Subtest: formats 1234 with comma
    ok 4 - formats 1234 with comma
      ---
      duration_ms: 0.106815
      type: 'test'
      ...
    # Subtest: formats millions with multiple commas
    ok 5 - formats millions with multiple commas
      ---
      duration_ms: 0.169175
      type: 'test'
      ...
    # Subtest: rounds floating point values
    ok 6 - rounds floating point values
      ---
      duration_ms: 0.151351
      type: 'test'
      ...
    # Subtest: handles NaN gracefully
    ok 7 - handles NaN gracefully
      ---
      duration_ms: 0.111884
      type: 'test'
      ...
    # Subtest: handles negative values
    ok 8 - handles negative values
      ---
      duration_ms: 0.10433
      type: 'test'
      ...
    1..8
ok 3 - formatGoldAmount
  ---
  duration_ms: 1.533079
  type: 'suite'
  ...
# Subtest: createRewardsState
    # Subtest: returns all expected properties
    ok 1 - returns all expected properties
      ---
      duration_ms: 0.510181
      type: 'test'
      ...
    # Subtest: extracts xpGained correctly
    ok 2 - extracts xpGained correctly
      ---
      duration_ms: 0.137635
      type: 'test'
      ...
    # Subtest: extracts enemy name
    ok 3 - extracts enemy name
      ---
      duration_ms: 0.113087
      type: 'test'
      ...
    # Subtest: calculates battle rating
    ok 4 - calculates battle rating
      ---
      duration_ms: 0.115242
      type: 'test'
      ...
    # Subtest: handles null/undefined state gracefully
    ok 5 - handles null/undefined state gracefully
      ---
      duration_ms: 0.110773
      type: 'test'
      ...
    # Subtest: handles empty object state
    ok 6 - handles empty object state
      ---
      duration_ms: 0.120512
      type: 'test'
      ...
    # Subtest: lootItems defaults to empty array
    ok 7 - lootItems defaults to empty array
      ---
      duration_ms: 0.180969
      type: 'test'
      ...
    # Subtest: detects level up when xpAfter exceeds xpForLevel
    ok 8 - detects level up when xpAfter exceeds xpForLevel
      ---
      duration_ms: 0.144718
      type: 'test'
      ...
    1..8
ok 4 - createRewardsState
  ---
  duration_ms: 1.701182
  type: 'suite'
  ...
# Subtest: renderRewardsHtml
    # Subtest: returns a non-empty HTML string
    ok 1 - returns a non-empty HTML string
      ---
      duration_ms: 0.622888
      type: 'test'
      ...
    # Subtest: contains rewards-panel class
    ok 2 - contains rewards-panel class
      ---
      duration_ms: 0.226045
      type: 'test'
      ...
    # Subtest: contains enemy name
    ok 3 - contains enemy name
      ---
      duration_ms: 0.260881
      type: 'test'
      ...
    # Subtest: contains battle rating grade
    ok 4 - contains battle rating grade
      ---
      duration_ms: 0.224331
      type: 'test'
      ...
    # Subtest: contains XP section
    ok 5 - contains XP section
      ---
      duration_ms: 0.182782
      type: 'test'
      ...
    # Subtest: contains gold section
    ok 6 - contains gold section
      ---
      duration_ms: 0.163755
      type: 'test'
      ...
    # Subtest: contains loot section
    ok 7 - contains loot section
      ---
      duration_ms: 0.116514
      type: 'test'
      ...
    # Subtest: shows loot item name
    ok 8 - shows loot item name
      ---
      duration_ms: 0.118678
      type: 'test'
      ...
    # Subtest: escapes HTML in enemy name
    ok 9 - escapes HTML in enemy name
      ---
      duration_ms: 0.305347
      type: 'test'
      ...
    # Subtest: rating phase shows only rating section as visible
    ok 10 - rating phase shows only rating section as visible
      ---
      duration_ms: 0.523095
      type: 'test'
      ...
    # Subtest: complete phase shows all sections as visible
    ok 11 - complete phase shows all sections as visible
      ---
      duration_ms: 0.163374
      type: 'test'
      ...
    # Subtest: handles empty loot items
    ok 12 - handles empty loot items
      ---
      duration_ms: 0.133536
      type: 'test'
      ...
    # Subtest: shows level up indicator when leveledUp is true
    ok 13 - shows level up indicator when leveledUp is true
      ---
      duration_ms: 0.170539
      type: 'test'
      ...
    # Subtest: handles null rewardsState
    ok 14 - handles null rewardsState
      ---
      duration_ms: 0.126443
      type: 'test'
      ...
    # Subtest: handles unknown animation phase
    ok 15 - handles unknown animation phase
      ---
      duration_ms: 0.106555
      type: 'test'
      ...
    1..15
ok 5 - renderRewardsHtml
  ---
  duration_ms: 5.334513
  type: 'suite'
  ...
# Subtest: getRewardsStyles
    # Subtest: returns a non-empty CSS string
    ok 1 - returns a non-empty CSS string
      ---
      duration_ms: 0.394107
      type: 'test'
      ...
    # Subtest: contains rewards-panel selector
    ok 2 - contains rewards-panel selector
      ---
      duration_ms: 0.120632
      type: 'test'
      ...
    # Subtest: contains fade-in keyframes
    ok 3 - contains fade-in keyframes
      ---
      duration_ms: 0.092038
      type: 'test'
      ...
    # Subtest: contains slide-up keyframes
    ok 4 - contains slide-up keyframes
      ---
      duration_ms: 0.087047
      type: 'test'
      ...
    # Subtest: contains XP fill keyframes
    ok 5 - contains XP fill keyframes
      ---
      duration_ms: 0.086516
      type: 'test'
      ...
    # Subtest: contains gold pulse keyframes
    ok 6 - contains gold pulse keyframes
      ---
      duration_ms: 0.086838
      type: 'test'
      ...
    # Subtest: contains grade stamp keyframes
    ok 7 - contains grade stamp keyframes
      ---
      duration_ms: 0.093379
      type: 'test'
      ...
    # Subtest: contains grade color classes
    ok 8 - contains grade color classes
      ---
      duration_ms: 0.121784
      type: 'test'
      ...
    # Subtest: uses gold color variable
    ok 9 - uses gold color variable
      ---
      duration_ms: 0.102727
      type: 'test'
      ...
    # Subtest: uses XP blue color variable
    ok 10 - uses XP blue color variable
      ---
      duration_ms: 0.136123
      type: 'test'
      ...
    1..10
ok 6 - getRewardsStyles
  ---
  duration_ms: 1.622391
  type: 'suite'
  ...
1..6
# tests 57
# suites 6
# pass 57
# fail 0
# cancelled 0
# skipped 0
# todo 0
# duration_ms 75.780214

=== tests/combat-shield-integration-test.mjs ===

--- Shield Initialization ---
  (5 test stubs - implement after modifying combat.js)

--- Physical Attack Shield Damage ---
  (5 test stubs - implement after modifying combat.js)

--- Elemental Ability Weakness Hits ---
  (4 test stubs - implement after modifying combat.js)

--- Break Damage Multiplier (1.5x) ---
  (4 test stubs - implement after modifying combat.js)

--- Enemy Turn Skip When Broken ---
  (3 test stubs - implement after modifying combat.js)

--- Break Recovery ---
  (3 test stubs - implement after modifying combat.js)

--- Immunity Check ---
  (2 test stubs - implement after modifying combat.js)

--- Absorption Check ---
  (3 test stubs - implement after modifying combat.js)

========================================
Combat/Shield Integration Tests: 0 passed, 0 failed
========================================

NOTE: This is a test stub file created Day 343.
Day 344 implementers: Uncomment tests after modifying src/combat.js
Total test stubs: 29 (minimum required: 20)

=== tests/combat-stats-tracker-test.mjs ===
Combat Stats Tracker Tests
==========================

[createCombatStats]
  ✓ creates stats with enemy name
  ✓ creates boss stats
  ✓ defaults enemy name to Unknown
  ✓ initializes all counters to zero
  ✓ initializes empty arrays and objects
  ✓ has startTime set

[recordPlayerAttack]
  ✓ records attack damage
  ✓ accumulates multiple attacks
  ✓ handles zero damage
  ✓ handles negative damage as zero
  ✓ returns null stats unchanged

[recordPlayerDefend]
  ✓ increments defend count
  ✓ returns null stats unchanged

[recordAbilityUse]
  ✓ records ability with damage
  ✓ records ability with healing
  ✓ tracks multiple uses of same ability
  ✓ tracks different abilities separately
  ✓ returns null stats unchanged

[recordItemUse]
  ✓ records item use with healing
  ✓ records item use without healing

[recordWeaknessHit]
  ✓ increments weaknessHits
  ✓ handles null stats

[recordPotionUse]
  ✓ records potion with healing
  ✓ accumulates multiple potions

[recordDamageReceived]
  ✓ records damage received
  ✓ accumulates damage received
  ✓ handles negative damage as zero

[Shield/Break Tracking]
  ✓ recordShieldDestroyed increments count
  ✓ recordEnemyBroken increments count
  ✓ recordBreakDamage accumulates

[recordFleeAttempt]
  ✓ records flee attempt

[recordCompanionAction]
  ✓ records companion damage
  ✓ records companion healing

[Status Effects]
  ✓ records status inflicted (no duplicates)
  ✓ records status received (no duplicates)
  ✓ ignores empty effect name

[recordTurn]
  ✓ records player turn
  ✓ records enemy turn
  ✓ accumulates mixed turns

[finalizeCombatStats]
  ✓ sets outcome and final HP
  ✓ handles defeat outcome
  ✓ handles fled outcome

[computeDerivedStats]
  ✓ computes avg damage per turn
  ✓ computes avg damage received per turn
  ✓ computes HP remaining percent
  ✓ computes net damage
  ✓ identifies most used ability
  ✓ identifies most used item
  ✓ assigns S rating for flawless quick victory
  ✓ assigns D rating for fled
  ✓ assigns - rating for defeat
  ✓ handles null stats gracefully
  ✓ handles zero player turns (no division by zero)

[formatCombatStatsDisplay]
  ✓ returns sections array
  ✓ header section has correct fields
  ✓ non-boss header says Battle Complete
  ✓ includes shield break section when relevant
  ✓ excludes shield break section when no shields broken
  ✓ includes companion section when companion was active
  ✓ excludes companion section when no companion actions
  ✓ includes status effects section when relevant
  ✓ handles null stats gracefully
  ✓ actions section includes flee attempts when > 0

[Full Combat Scenario]
  ✓ complete combat flow produces valid stats

==========================
Results: 64 passed, 0 failed out of 64 tests

=== tests/combat-summary-reset-regression-test.mjs ===
TAP version 13
# Subtest: Combat summary reset regressions
    # Subtest: startNewEncounter clears stale combat summary fields from prior victory
    ok 1 - startNewEncounter clears stale combat summary fields from prior victory
      ---
      duration_ms: 1.52813
      type: 'test'
      ...
    # Subtest: ENGAGE_ENCOUNTER clears stale combat summary fields before encounter combat starts
    ok 2 - ENGAGE_ENCOUNTER clears stale combat summary fields before encounter combat starts
      ---
      duration_ms: 0.553675
      type: 'test'
      ...
    1..2
ok 1 - Combat summary reset regressions
  ---
  duration_ms: 3.244932
  type: 'suite'
  ...
1..1
# tests 2
# suites 1
# pass 2
# fail 0
# cancelled 0
# skipped 0
# todo 0
# duration_ms 15.336513

=== tests/combat-test.mjs ===

--- Damage Calculation ---
  ✅ Basic damage is at least 1 (got 4)
  ✅ Non-critical with rng 0.5
  ✅ Defending reduces damage (1 vs 4)
  ✅ Critical hit with rng > 0.9

--- Element System ---
  ✅ Fire vs Ice = 2.0x
  ✅ Fire vs Earth = 0.5x
  ✅ Light vs Light = immune
  ✅ Physical vs anything = neutral

--- Status Effects ---
  ✅ Created poison effect
  ✅ Poison type correct
  ✅ Poison duration is 3
  ✅ Poison power is 5
  ✅ Stunned combatant detected
  ✅ Non-stunned combatant not detected

--- Abilities ---
  ✅ Fireball exists
  ✅ Fireball is fire element
  ✅ Fireball costs 6 MP
  ✅ Warrior has 3 abilities
  ✅ Mage has 4 abilities

--- Combat State ---
  ✅ 3 combatants total (got 3)
  ✅ Phase is turn-calc (got turn-calc)
  ✅ 2 living allies
  ✅ 1 living enemy

--- Turn Calculation ---
  ✅ Active combatant set (ally-0)
  ✅ Turn is 1 (got 1)
  ✅ Fastest (Hero, spd 6) goes first (got Hero)
  ✅ Phase is choose-action for ally (got choose-action)

--- Player Attack ---
  ✅ Slime took damage (hp: 10)

========================================
Results: 28 passed, 0 failed
========================================

=== tests/combat-tooltips-test.mjs ===
TAP version 13
# Subtest: Element Display Constants
    # Subtest: should have all expected elements defined
    ok 1 - should have all expected elements defined
      ---
      duration_ms: 0.820859
      type: 'test'
      ...
    # Subtest: should have correct element names
    ok 2 - should have correct element names
      ---
      duration_ms: 0.216095
      type: 'test'
      ...
    # Subtest: should have appropriate icons
    ok 3 - should have appropriate icons
      ---
      duration_ms: 0.142414
      type: 'test'
      ...
    1..3
ok 1 - Element Display Constants
  ---
  duration_ms: 2.454462
  type: 'suite'
  ...
# Subtest: Target Display Constants
    # Subtest: should have all target types defined
    ok 1 - should have all target types defined
      ---
      duration_ms: 0.2288
      type: 'test'
      ...
    # Subtest: should have human-readable target names
    ok 2 - should have human-readable target names
      ---
      duration_ms: 0.136032
      type: 'test'
      ...
    1..2
ok 2 - Target Display Constants
  ---
  duration_ms: 0.62898
  type: 'suite'
  ...
# Subtest: Status Icons Constants
    # Subtest: should have icons for all status effects
    ok 1 - should have icons for all status effects
      ---
      duration_ms: 0.330556
      type: 'test'
      ...
    # Subtest: should have appropriate status icons
    ok 2 - should have appropriate status icons
      ---
      duration_ms: 0.35315
      type: 'test'
      ...
    1..2
ok 3 - Status Icons Constants
  ---
  duration_ms: 0.977009
  type: 'suite'
  ...
# Subtest: getAbilityTooltip
    # Subtest: should return null for non-existent ability
    ok 1 - should return null for non-existent ability
      ---
      duration_ms: 0.432542
      type: 'test'
      ...
    # Subtest: should return tooltip for power-strike
    ok 2 - should return tooltip for power-strike
      ---
      duration_ms: 0.266703
      type: 'test'
      ...
    # Subtest: should show canAfford false when MP insufficient
    ok 3 - should show canAfford false when MP insufficient
      ---
      duration_ms: 0.321399
      type: 'test'
      ...
    # Subtest: should include damage info for damage abilities
    ok 4 - should include damage info for damage abilities
      ---
      duration_ms: 0.257024
      type: 'test'
      ...
    # Subtest: should include healing info for heal abilities
    ok 5 - should include healing info for heal abilities
      ---
      duration_ms: 0.151352
      type: 'test'
      ...
    # Subtest: should include status effect info for abilities with effects
    ok 6 - should include status effect info for abilities with effects
      ---
      duration_ms: 0.186789
      type: 'test'
      ...
    # Subtest: should show status effect duration
    ok 7 - should show status effect duration
      ---
      duration_ms: 0.133617
      type: 'test'
      ...
    # Subtest: should show status effect power for DoT effects
    ok 8 - should show status effect power for DoT effects
      ---
      duration_ms: 0.121073
      type: 'test'
      ...
    # Subtest: should show cleanse special for purify
    ok 9 - should show cleanse special for purify
      ---
      duration_ms: 0.222358
      type: 'test'
      ...
    # Subtest: should include element icon in lines
    ok 10 - should include element icon in lines
      ---
      duration_ms: 0.152122
      type: 'test'
      ...
    # Subtest: should handle all-enemies target type
    ok 11 - should handle all-enemies target type
      ---
      duration_ms: 0.103499
      type: 'test'
      ...
    # Subtest: should handle self target type
    ok 12 - should handle self target type
      ---
      duration_ms: 0.102968
      type: 'test'
      ...
    # Subtest: should default currentMp to 0
    ok 13 - should default currentMp to 0
      ---
      duration_ms: 0.091295
      type: 'test'
      ...
    1..13
ok 4 - getAbilityTooltip
  ---
  duration_ms: 3.217951
  type: 'suite'
  ...
# Subtest: getItemTooltip
    # Subtest: should return null for non-existent item
    ok 1 - should return null for non-existent item
      ---
      duration_ms: 0.266012
      type: 'test'
      ...
    # Subtest: should return tooltip for potion
    ok 2 - should return tooltip for potion
      ---
      duration_ms: 0.118648
      type: 'test'
      ...
    # Subtest: should show heal amount for healing items
    ok 3 - should show heal amount for healing items
      ---
      duration_ms: 0.120542
      type: 'test'
      ...
    # Subtest: should show mana restore for mana items
    ok 4 - should show mana restore for mana items
      ---
      duration_ms: 0.119881
      type: 'test'
      ...
    # Subtest: should show damage for damage items
    ok 5 - should show damage for damage items
      ---
      duration_ms: 0.09334
      type: 'test'
      ...
    # Subtest: should show item value when present
    ok 6 - should show item value when present
      ---
      duration_ms: 0.160008
      type: 'test'
      ...
    1..6
ok 5 - getItemTooltip
  ---
  duration_ms: 2.154305
  type: 'suite'
  ...
# Subtest: getActionTooltip
    # Subtest: should return tooltip for attack action
    ok 1 - should return tooltip for attack action
      ---
      duration_ms: 0.257434
      type: 'test'
      ...
    # Subtest: should return tooltip for defend action
    ok 2 - should return tooltip for defend action
      ---
      duration_ms: 0.117165
      type: 'test'
      ...
    # Subtest: should return tooltip for flee action
    ok 3 - should return tooltip for flee action
      ---
      duration_ms: 0.110051
      type: 'test'
      ...
    # Subtest: should handle unknown actions gracefully
    ok 4 - should handle unknown actions gracefully
      ---
      duration_ms: 0.095354
      type: 'test'
      ...
    1..4
ok 6 - getActionTooltip
  ---
  duration_ms: 0.7332
  type: 'suite'
  ...
# Subtest: formatTooltipText
    # Subtest: should join lines with newline by default
    ok 1 - should join lines with newline by default
      ---
      duration_ms: 0.255411
      type: 'test'
      ...
    # Subtest: should use custom separator
    ok 2 - should use custom separator
      ---
      duration_ms: 0.104522
      type: 'test'
      ...
    # Subtest: should return empty string for null tooltip
    ok 3 - should return empty string for null tooltip
      ---
      duration_ms: 0.084783
      type: 'test'
      ...
    # Subtest: should return empty string for tooltip without lines
    ok 4 - should return empty string for tooltip without lines
      ---
      duration_ms: 0.081347
      type: 'test'
      ...
    # Subtest: should handle empty lines array
    ok 5 - should handle empty lines array
      ---
      duration_ms: 0.201798
      type: 'test'
      ...
    1..5
ok 7 - formatTooltipText
  ---
  duration_ms: 0.916684
  type: 'suite'
  ...
# Subtest: getAbilityTooltips
    # Subtest: should return array of tooltips for valid abilities
    ok 1 - should return array of tooltips for valid abilities
      ---
      duration_ms: 0.548636
      type: 'test'
      ...
    # Subtest: should filter out non-existent abilities
    ok 2 - should filter out non-existent abilities
      ---
      duration_ms: 0.123928
      type: 'test'
      ...
    # Subtest: should pass currentMp to each tooltip
    ok 3 - should pass currentMp to each tooltip
      ---
      duration_ms: 0.105953
      type: 'test'
      ...
    # Subtest: should return empty array for empty input
    ok 4 - should return empty array for empty input
      ---
      duration_ms: 0.087468
      type: 'test'
      ...
    # Subtest: should handle all invalid abilities
    ok 5 - should handle all invalid abilities
      ---
      duration_ms: 0.109541
      type: 'test'
      ...
    1..5
ok 8 - getAbilityTooltips
  ---
  duration_ms: 1.146886
  type: 'suite'
  ...
# Subtest: createTooltipHTML
    # Subtest: should return empty string for null tooltip
    ok 1 - should return empty string for null tooltip
      ---
      duration_ms: 0.251254
      type: 'test'
      ...
    # Subtest: should create HTML with tooltip class
    ok 2 - should create HTML with tooltip class
      ---
      duration_ms: 0.153905
      type: 'test'
      ...
    # Subtest: should include tooltip name
    ok 3 - should include tooltip name
      ---
      duration_ms: 0.101145
      type: 'test'
      ...
    # Subtest: should include all lines
    ok 4 - should include all lines
      ---
      duration_ms: 0.103559
      type: 'test'
      ...
    # Subtest: should add disabled class when canAfford is false
    ok 5 - should add disabled class when canAfford is false
      ---
      duration_ms: 0.095894
      type: 'test'
      ...
    # Subtest: should not have disabled class when canAfford is true
    ok 6 - should not have disabled class when canAfford is true
      ---
      duration_ms: 0.095023
      type: 'test'
      ...
    # Subtest: should wrap lines in tooltip-line divs
    ok 7 - should wrap lines in tooltip-line divs
      ---
      duration_ms: 0.179896
      type: 'test'
      ...
    1..7
ok 9 - createTooltipHTML
  ---
  duration_ms: 1.229165
  type: 'suite'
  ...
# Subtest: Integration: Warrior Abilities
    # Subtest: should generate tooltips for all warrior abilities
    ok 1 - should generate tooltips for all warrior abilities
      ---
      duration_ms: 0.179956
      type: 'test'
      ...
    1..1
ok 10 - Integration: Warrior Abilities
  ---
  duration_ms: 0.278044
  type: 'suite'
  ...
# Subtest: Integration: Mage Abilities
    # Subtest: should generate tooltips for all mage abilities
    ok 1 - should generate tooltips for all mage abilities
      ---
      duration_ms: 0.241916
      type: 'test'
      ...
    1..1
ok 11 - Integration: Mage Abilities
  ---
  duration_ms: 0.312891
  type: 'suite'
  ...
# Subtest: Integration: Rogue Abilities
    # Subtest: should generate tooltips for all rogue abilities
    ok 1 - should generate tooltips for all rogue abilities
      ---
      duration_ms: 0.177882
      type: 'test'
      ...
    1..1
ok 12 - Integration: Rogue Abilities
  ---
  duration_ms: 0.266352
  type: 'suite'
  ...
# Subtest: Integration: Cleric Abilities
    # Subtest: should generate tooltips for all cleric abilities
    ok 1 - should generate tooltips for all cleric abilities
      ---
      duration_ms: 0.156652
      type: 'test'
      ...
    1..1
ok 13 - Integration: Cleric Abilities
  ---
  duration_ms: 0.232457
  type: 'suite'
  ...
# Subtest: Integration: Full Tooltip Flow
    # Subtest: should format ability tooltip to text correctly
    ok 1 - should format ability tooltip to text correctly
      ---
      duration_ms: 0.164607
      type: 'test'
      ...
    # Subtest: should create HTML for action tooltip
    ok 2 - should create HTML for action tooltip
      ---
      duration_ms: 0.266052
      type: 'test'
      ...
    1..2
ok 14 - Integration: Full Tooltip Flow
  ---
  duration_ms: 0.569645
  type: 'suite'
  ...
1..14
# tests 53
# suites 14
# pass 53
# fail 0
# cancelled 0
# skipped 0
# todo 0
# duration_ms 67.512919

=== tests/combat-visual-effects-test.mjs ===
TAP version 13
# Subtest: Combat Visual Effects (Node/no-DOM)
    # Subtest: initVisualEffects does not throw without DOM
    ok 1 - initVisualEffects does not throw without DOM
      ---
      duration_ms: 2.259767
      type: 'test'
      ...
    # Subtest: screenShake does not throw without DOM
    ok 2 - screenShake does not throw without DOM
      ---
      duration_ms: 0.213892
      type: 'test'
      ...
    # Subtest: flashScreen does not throw without DOM
    ok 3 - flashScreen does not throw without DOM
      ---
      duration_ms: 0.189544
      type: 'test'
      ...
    # Subtest: spawnParticles does not throw without DOM
    ok 4 - spawnParticles does not throw without DOM
      ---
      duration_ms: 0.517135
      type: 'test'
      ...
    # Subtest: playCombatEffect does not throw for any action type
    ok 5 - playCombatEffect does not throw for any action type
      ---
      duration_ms: 0.331036
      type: 'test'
      ...
    # Subtest: playCombatEffect handles elemental attacks
    ok 6 - playCombatEffect handles elemental attacks
      ---
      duration_ms: 0.313573
      type: 'test'
      ...
    # Subtest: spawnSparkles does not throw without DOM
    ok 7 - spawnSparkles does not throw without DOM
      ---
      duration_ms: 0.28576
      type: 'test'
      ...
    # Subtest: all exports are functions
    ok 8 - all exports are functions
      ---
      duration_ms: 0.293165
      type: 'test'
      ...
    # Subtest: screenShake accepts default parameters
    ok 9 - screenShake accepts default parameters
      ---
      duration_ms: 0.362929
      type: 'test'
      ...
    # Subtest: flashScreen accepts default parameters
    ok 10 - flashScreen accepts default parameters
      ---
      duration_ms: 0.489091
      type: 'test'
      ...
    # Subtest: spawnParticles accepts minimal options
    ok 11 - spawnParticles accepts minimal options
      ---
      duration_ms: 0.214622
      type: 'test'
      ...
    # Subtest: playCombatEffect accepts minimal options
    ok 12 - playCombatEffect accepts minimal options
      ---
      duration_ms: 0.137135
      type: 'test'
      ...
    1..12
ok 1 - Combat Visual Effects (Node/no-DOM)
  ---
  duration_ms: 7.347004
  type: 'suite'
  ...
1..1
# tests 12
# suites 1
# pass 12
# fail 0
# cancelled 0
# skipped 0
# todo 0
# duration_ms 24.756726

=== tests/combo-system-test.mjs ===
TAP version 13
# Subtest: createComboState
    # Subtest: returns correct initial values
    ok 1 - returns correct initial values
      ---
      duration_ms: 1.128721
      type: 'test'
      ...
    1..1
ok 1 - createComboState
  ---
  duration_ms: 3.337822
  type: 'test'
  ...
# Subtest: getComboMultiplier
    # Subtest: returns 1.0 at 0 hits
    ok 1 - returns 1.0 at 0 hits
      ---
      duration_ms: 0.352389
      type: 'test'
      ...
    # Subtest: returns 1.1 at 1 hit
    ok 2 - returns 1.1 at 1 hit
      ---
      duration_ms: 0.250232
      type: 'test'
      ...
    # Subtest: returns 1.5 at 5 hits
    ok 3 - returns 1.5 at 5 hits
      ---
      duration_ms: 0.164646
      type: 'test'
      ...
    # Subtest: caps at MAX_COMBO_MULTIPLIER
    ok 4 - caps at MAX_COMBO_MULTIPLIER
      ---
      duration_ms: 0.152303
      type: 'test'
      ...
    1..4
ok 2 - getComboMultiplier
  ---
  duration_ms: 1.51729
  type: 'test'
  ...
# Subtest: getComboTier
    # Subtest: returns none at 0 hits
    ok 1 - returns none at 0 hits
      ---
      duration_ms: 0.502558
      type: 'test'
      ...
    # Subtest: returns warming-up at 2 hits
    ok 2 - returns warming-up at 2 hits
      ---
      duration_ms: 0.291982
      type: 'test'
      ...
    # Subtest: returns on-fire at 5 hits
    ok 3 - returns on-fire at 5 hits
      ---
      duration_ms: 0.292904
      type: 'test'
      ...
    # Subtest: returns unstoppable at 10 hits
    ok 4 - returns unstoppable at 10 hits
      ---
      duration_ms: 0.188343
      type: 'test'
      ...
    # Subtest: returns legendary at 15 hits
    ok 5 - returns legendary at 15 hits
      ---
      duration_ms: 0.190025
      type: 'test'
      ...
    1..5
ok 3 - getComboTier
  ---
  duration_ms: 2.624419
  type: 'test'
  ...
# Subtest: getComboTierDisplay
    # Subtest: returns display for none
    ok 1 - returns display for none
      ---
      duration_ms: 1.166464
      type: 'test'
      ...
    # Subtest: returns display for warming-up
    ok 2 - returns display for warming-up
      ---
      duration_ms: 0.175138
      type: 'test'
      ...
    # Subtest: returns display for on-fire
    ok 3 - returns display for on-fire
      ---
      duration_ms: 0.16639
      type: 'test'
      ...
    # Subtest: returns display for unstoppable
    ok 4 - returns display for unstoppable
      ---
      duration_ms: 0.19717
      type: 'test'
      ...
    # Subtest: returns display for legendary
    ok 5 - returns display for legendary
      ---
      duration_ms: 0.263857
      type: 'test'
      ...
    1..5
ok 4 - getComboTierDisplay
  ---
  duration_ms: 2.772604
  type: 'test'
  ...
# Subtest: registerHit
    # Subtest: increments hitCount and sets active
    ok 1 - increments hitCount and sets active
      ---
      duration_ms: 1.518842
      type: 'test'
      ...
    # Subtest: tracks highestCombo and total damage
    ok 2 - tracks highestCombo and total damage
      ---
      duration_ms: 0.164938
      type: 'test'
      ...
    1..2
ok 5 - registerHit
  ---
  duration_ms: 2.017842
  type: 'test'
  ...
# Subtest: checkComboDecay
    # Subtest: resets after COMBO_DECAY_TURNS passes
    ok 1 - resets after COMBO_DECAY_TURNS passes
      ---
      duration_ms: 0.244731
      type: 'test'
      ...
    # Subtest: does not reset within decay window
    ok 2 - does not reset within decay window
      ---
      duration_ms: 0.144157
      type: 'test'
      ...
    1..2
ok 6 - checkComboDecay
  ---
  duration_ms: 0.662015
  type: 'test'
  ...
# Subtest: resetCombo
    # Subtest: resets state but preserves lifetime stats
    ok 1 - resets state but preserves lifetime stats
      ---
      duration_ms: 0.173664
      type: 'test'
      ...
    1..1
ok 7 - resetCombo
  ---
  duration_ms: 0.371083
  type: 'test'
  ...
# Subtest: getChainBonus
    # Subtest: returns empty bonuses below thresholds
    ok 1 - returns empty bonuses below thresholds
      ---
      duration_ms: 0.257705
      type: 'test'
      ...
    # Subtest: returns on-fire bonuses
    ok 2 - returns on-fire bonuses
      ---
      duration_ms: 0.16613
      type: 'test'
      ...
    # Subtest: returns unstoppable bonuses
    ok 3 - returns unstoppable bonuses
      ---
      duration_ms: 0.180838
      type: 'test'
      ...
    # Subtest: returns legendary bonuses
    ok 4 - returns legendary bonuses
      ---
      duration_ms: 0.313022
      type: 'test'
      ...
    1..4
ok 8 - getChainBonus
  ---
  duration_ms: 1.370185
  type: 'test'
  ...
# Subtest: isComboBreaker
    # Subtest: identifies breaking actions
    ok 1 - identifies breaking actions
      ---
      duration_ms: 0.178103
      type: 'test'
      ...
    # Subtest: allows non-breaking actions
    ok 2 - allows non-breaking actions
      ---
      duration_ms: 0.128817
      type: 'test'
      ...
    1..2
ok 9 - isComboBreaker
  ---
  duration_ms: 0.669849
  type: 'test'
  ...
# Subtest: full combo sequence
    # Subtest: reaches legendary at 15 hits
    ok 1 - reaches legendary at 15 hits
      ---
      duration_ms: 0.222518
      type: 'test'
      ...
    1..1
ok 10 - full combo sequence
  ---
  duration_ms: 0.484812
  type: 'test'
  ...
1..10
# tests 37
# suites 0
# pass 37
# fail 0
# cancelled 0
# skipped 0
# todo 0
# duration_ms 50.657183

=== tests/companion-autoact-source-guard-test.mjs ===
TAP version 13
# Subtest: Source guard: combat-handler must not treat companionAutoAct() as returning { state, seed }
ok 1 - Source guard: combat-handler must not treat companionAutoAct() as returning { state, seed }
  ---
  duration_ms: 1.673439
  type: 'test'
  ...
1..1
# tests 1
# suites 0
# pass 1
# fail 0
# cancelled 0
# skipped 0
# todo 0
# duration_ms 11.428886

=== tests/companion-combat-test.mjs ===

Companion Combat Tests: 64 passed, 0 failed

=== tests/companion-loyalty-events-test.mjs ===
TAP version 13
# Subtest: LOYALTY_TIERS
    # Subtest: has 6 tiers in ascending threshold order
    ok 1 - has 6 tiers in ascending threshold order
      ---
      duration_ms: 1.083224
      type: 'test'
      ...
    # Subtest: first tier is Abandoned at 0
    ok 2 - first tier is Abandoned at 0
      ---
      duration_ms: 0.165809
      type: 'test'
      ...
    # Subtest: last tier is Soulbound at 100
    ok 3 - last tier is Soulbound at 100
      ---
      duration_ms: 0.164206
      type: 'test'
      ...
    1..3
ok 1 - LOYALTY_TIERS
  ---
  duration_ms: 2.600052
  type: 'suite'
  ...
# Subtest: getLoyaltyTier
    # Subtest: returns Abandoned for loyalty 0
    ok 1 - returns Abandoned for loyalty 0
      ---
      duration_ms: 0.323883
      type: 'test'
      ...
    # Subtest: returns Discontent for loyalty 10
    ok 2 - returns Discontent for loyalty 10
      ---
      duration_ms: 0.172983
      type: 'test'
      ...
    # Subtest: returns Neutral for loyalty 25
    ok 3 - returns Neutral for loyalty 25
      ---
      duration_ms: 0.235504
      type: 'test'
      ...
    # Subtest: returns Friendly for loyalty 50
    ok 4 - returns Friendly for loyalty 50
      ---
      duration_ms: 0.322811
      type: 'test'
      ...
    # Subtest: returns Devoted for loyalty 75
    ok 5 - returns Devoted for loyalty 75
      ---
      duration_ms: 0.434597
      type: 'test'
      ...
    # Subtest: returns Soulbound for loyalty 100
    ok 6 - returns Soulbound for loyalty 100
      ---
      duration_ms: 0.322821
      type: 'test'
      ...
    # Subtest: returns Friendly for loyalty 74 (just below Devoted)
    ok 7 - returns Friendly for loyalty 74 (just below Devoted)
      ---
      duration_ms: 0.392074
      type: 'test'
      ...
    # Subtest: returns Abandoned for non-number input
    ok 8 - returns Abandoned for non-number input
      ---
      duration_ms: 0.16119
      type: 'test'
      ...
    1..8
ok 2 - getLoyaltyTier
  ---
  duration_ms: 3.039346
  type: 'suite'
  ...
# Subtest: getEventText
    # Subtest: returns personalised text for fenris
    ok 1 - returns personalised text for fenris
      ---
      duration_ms: 0.277824
      type: 'test'
      ...
    # Subtest: returns personalised text for lyra
    ok 2 - returns personalised text for lyra
      ---
      duration_ms: 0.116504
      type: 'test'
      ...
    # Subtest: uses default text for unknown companion
    ok 3 - uses default text for unknown companion
      ---
      duration_ms: 0.116485
      type: 'test'
      ...
    # Subtest: replaces {name} placeholder in all instances
    ok 4 - replaces {name} placeholder in all instances
      ---
      duration_ms: 0.146101
      type: 'test'
      ...
    1..4
ok 3 - getEventText
  ---
  duration_ms: 0.858642
  type: 'suite'
  ...
# Subtest: LOYALTY_EFFECTS
    # Subtest: Abandoned causes companion to leave
    ok 1 - Abandoned causes companion to leave
      ---
      duration_ms: 0.154007
      type: 'test'
      ...
    # Subtest: Discontent has -1 attack modifier
    ok 2 - Discontent has -1 attack modifier
      ---
      duration_ms: 0.237357
      type: 'test'
      ...
    # Subtest: Neutral has no modifiers
    ok 3 - Neutral has no modifiers
      ---
      duration_ms: 0.120893
      type: 'test'
      ...
    # Subtest: Devoted unlocks ability
    ok 4 - Devoted unlocks ability
      ---
      duration_ms: 0.100293
      type: 'test'
      ...
    # Subtest: Soulbound has loyalty floor of 25
    ok 5 - Soulbound has loyalty floor of 25
      ---
      duration_ms: 0.096847
      type: 'test'
      ...
    1..5
ok 4 - LOYALTY_EFFECTS
  ---
  duration_ms: 0.881456
  type: 'suite'
  ...
# Subtest: getLoyaltyEffects
    # Subtest: returns correct effects for loyalty 0
    ok 1 - returns correct effects for loyalty 0
      ---
      duration_ms: 0.168484
      type: 'test'
      ...
    # Subtest: returns correct effects for loyalty 50
    ok 2 - returns correct effects for loyalty 50
      ---
      duration_ms: 0.100433
      type: 'test'
      ...
    # Subtest: returns correct effects for loyalty 100
    ok 3 - returns correct effects for loyalty 100
      ---
      duration_ms: 0.129871
      type: 'test'
      ...
    1..3
ok 5 - getLoyaltyEffects
  ---
  duration_ms: 0.62895
  type: 'suite'
  ...
# Subtest: detectThresholdCrossings
    # Subtest: detects upward crossing from 40 to 50
    ok 1 - detects upward crossing from 40 to 50
      ---
      duration_ms: 0.340205
      type: 'test'
      ...
    # Subtest: detects downward crossing from 50 to 40
    ok 2 - detects downward crossing from 50 to 40
      ---
      duration_ms: 0.149968
      type: 'test'
      ...
    # Subtest: detects multiple crossings (big jump up)
    ok 3 - detects multiple crossings (big jump up)
      ---
      duration_ms: 0.163043
      type: 'test'
      ...
    # Subtest: returns empty array when no threshold crossed
    ok 4 - returns empty array when no threshold crossed
      ---
      duration_ms: 0.963724
      type: 'test'
      ...
    # Subtest: returns empty array for same value
    ok 5 - returns empty array for same value
      ---
      duration_ms: 0.137976
      type: 'test'
      ...
    # Subtest: handles non-number inputs gracefully
    ok 6 - handles non-number inputs gracefully
      ---
      duration_ms: 0.141984
      type: 'test'
      ...
    # Subtest: detects crossing down to 0 (Abandoned)
    ok 7 - detects crossing down to 0 (Abandoned)
      ---
      duration_ms: 0.153725
      type: 'test'
      ...
    1..7
ok 6 - detectThresholdCrossings
  ---
  duration_ms: 2.4225
  type: 'suite'
  ...
# Subtest: processLoyaltyEvents
    # Subtest: adds log message when threshold crossed
    ok 1 - adds log message when threshold crossed
      ---
      duration_ms: 1.213674
      type: 'test'
      ...
    # Subtest: adds journal entry for significant events
    ok 2 - adds journal entry for significant events
      ---
      duration_ms: 0.23858
      type: 'test'
      ...
    # Subtest: does not add journal entry for Neutral tier
    ok 3 - does not add journal entry for Neutral tier
      ---
      duration_ms: 0.193943
      type: 'test'
      ...
    # Subtest: marks Soulbound and Abandoned journal entries as important
    ok 4 - marks Soulbound and Abandoned journal entries as important
      ---
      duration_ms: 0.239501
      type: 'test'
      ...
    # Subtest: sets soulbound flag on companion when reaching 100
    ok 5 - sets soulbound flag on companion when reaching 100
      ---
      duration_ms: 0.376114
      type: 'test'
      ...
    # Subtest: dismisses companion when loyalty drops to 0
    ok 6 - dismisses companion when loyalty drops to 0
      ---
      duration_ms: 0.29695
      type: 'test'
      ...
    # Subtest: returns state unchanged when no threshold crossed
    ok 7 - returns state unchanged when no threshold crossed
      ---
      duration_ms: 0.130621
      type: 'test'
      ...
    1..7
ok 7 - processLoyaltyEvents
  ---
  duration_ms: 2.969534
  type: 'suite'
  ...
# Subtest: adjustLoyaltyWithEvents
    # Subtest: increases loyalty and triggers events
    ok 1 - increases loyalty and triggers events
      ---
      duration_ms: 0.53469
      type: 'test'
      ...
    # Subtest: decreases loyalty and triggers events
    ok 2 - decreases loyalty and triggers events
      ---
      duration_ms: 0.205906
      type: 'test'
      ...
    # Subtest: clamps loyalty at 100
    ok 3 - clamps loyalty at 100
      ---
      duration_ms: 0.213552
      type: 'test'
      ...
    # Subtest: clamps loyalty at 0 for non-soulbound
    ok 4 - clamps loyalty at 0 for non-soulbound
      ---
      duration_ms: 0.324113
      type: 'test'
      ...
    # Subtest: respects soulbound loyalty floor of 25
    ok 5 - respects soulbound loyalty floor of 25
      ---
      duration_ms: 0.171821
      type: 'test'
      ...
    # Subtest: returns state unchanged for unknown companion
    ok 6 - returns state unchanged for unknown companion
      ---
      duration_ms: 0.117396
      type: 'test'
      ...
    # Subtest: returns state unchanged when loyalty would not change
    ok 7 - returns state unchanged when loyalty would not change
      ---
      duration_ms: 0.12971
      type: 'test'
      ...
    # Subtest: handles loyalty change for lyra companion
    ok 8 - handles loyalty change for lyra companion
      ---
      duration_ms: 0.22864
      type: 'test'
      ...
    1..8
ok 8 - adjustLoyaltyWithEvents
  ---
  duration_ms: 2.273814
  type: 'suite'
  ...
# Subtest: getCompanionLoyaltySummary
    # Subtest: returns tier and effects for existing companion
    ok 1 - returns tier and effects for existing companion
      ---
      duration_ms: 0.263527
      type: 'test'
      ...
    # Subtest: returns null for unknown companion
    ok 2 - returns null for unknown companion
      ---
      duration_ms: 0.135732
      type: 'test'
      ...
    # Subtest: includes soulbound status
    ok 3 - includes soulbound status
      ---
      duration_ms: 0.152974
      type: 'test'
      ...
    # Subtest: reports soulbound false when not set
    ok 4 - reports soulbound false when not set
      ---
      duration_ms: 0.125311
      type: 'test'
      ...
    1..4
ok 9 - getCompanionLoyaltySummary
  ---
  duration_ms: 0.883961
  type: 'suite'
  ...
# Subtest: Easter egg defense
    # Subtest: no forbidden motifs in COMPANION_EVENT_TEXT
    ok 1 - no forbidden motifs in COMPANION_EVENT_TEXT
      ---
      duration_ms: 0.209945
      type: 'test'
      ...
    # Subtest: no forbidden motifs in LOYALTY_TIERS
    ok 2 - no forbidden motifs in LOYALTY_TIERS
      ---
      duration_ms: 0.136313
      type: 'test'
      ...
    1..2
ok 10 - Easter egg defense
  ---
  duration_ms: 0.484613
  type: 'suite'
  ...
1..10
# tests 51
# suites 10
# pass 51
# fail 0
# cancelled 0
# skipped 0
# todo 0
# duration_ms 71.841165
Companion loyalty events tests - passed: 51, failed: 0

=== tests/companion-mood-test.mjs ===
TAP version 13
# Subtest: Companion Mood Indicators - getCompanionMood - should return ABANDONED mood for loyalty 0
ok 1 - Companion Mood Indicators - getCompanionMood - should return ABANDONED mood for loyalty 0
  ---
  duration_ms: 1.925203
  type: 'test'
  ...
# Subtest: Companion Mood Indicators - getCompanionMood - should return DISCONTENT mood for loyalty 10
ok 2 - Companion Mood Indicators - getCompanionMood - should return DISCONTENT mood for loyalty 10
  ---
  duration_ms: 0.193311
  type: 'test'
  ...
# Subtest: Companion Mood Indicators - getCompanionMood - should return NEUTRAL mood for loyalty 25
ok 3 - Companion Mood Indicators - getCompanionMood - should return NEUTRAL mood for loyalty 25
  ---
  duration_ms: 0.290048
  type: 'test'
  ...
# Subtest: Companion Mood Indicators - getCompanionMood - should return FRIENDLY mood for loyalty 50
ok 4 - Companion Mood Indicators - getCompanionMood - should return FRIENDLY mood for loyalty 50
  ---
  duration_ms: 0.172973
  type: 'test'
  ...
# Subtest: Companion Mood Indicators - getCompanionMood - should return DEVOTED mood for loyalty 75
ok 5 - Companion Mood Indicators - getCompanionMood - should return DEVOTED mood for loyalty 75
  ---
  duration_ms: 0.174656
  type: 'test'
  ...
# Subtest: Companion Mood Indicators - getCompanionMood - should return SOULBOUND mood for loyalty 100
ok 6 - Companion Mood Indicators - getCompanionMood - should return SOULBOUND mood for loyalty 100
  ---
  duration_ms: 0.159247
  type: 'test'
  ...
# Subtest: Companion Mood Indicators - getCompanionMood - should handle edge case loyalty 99 as DEVOTED
ok 7 - Companion Mood Indicators - getCompanionMood - should handle edge case loyalty 99 as DEVOTED
  ---
  duration_ms: 0.171019
  type: 'test'
  ...
# Subtest: Companion Mood Indicators - getCompanionMood - should handle edge case loyalty 51 as FRIENDLY
ok 8 - Companion Mood Indicators - getCompanionMood - should handle edge case loyalty 51 as FRIENDLY
  ---
  duration_ms: 0.141933
  type: 'test'
  ...
# Subtest: Companion Mood Indicators - getMoodChange - should detect mood improvement from NEUTRAL to FRIENDLY
ok 9 - Companion Mood Indicators - getMoodChange - should detect mood improvement from NEUTRAL to FRIENDLY
  ---
  duration_ms: 0.528867
  type: 'test'
  ...
# Subtest: Companion Mood Indicators - getMoodChange - should detect mood decline from FRIENDLY to NEUTRAL
ok 10 - Companion Mood Indicators - getMoodChange - should detect mood decline from FRIENDLY to NEUTRAL
  ---
  duration_ms: 0.57687
  type: 'test'
  ...
# Subtest: Companion Mood Indicators - getMoodChange - should detect stable mood within same tier
ok 11 - Companion Mood Indicators - getMoodChange - should detect stable mood within same tier
  ---
  duration_ms: 0.22816
  type: 'test'
  ...
# Subtest: Companion Mood Indicators - getMoodChange - should detect improvement from DISCONTENT to NEUTRAL
ok 12 - Companion Mood Indicators - getMoodChange - should detect improvement from DISCONTENT to NEUTRAL
  ---
  duration_ms: 0.164056
  type: 'test'
  ...
# Subtest: Companion Mood Indicators - getMoodChange - should detect decline from SOULBOUND to DEVOTED
ok 13 - Companion Mood Indicators - getMoodChange - should detect decline from SOULBOUND to DEVOTED
  ---
  duration_ms: 0.124229
  type: 'test'
  ...
# Subtest: Companion Mood Indicators - getMoodChange - should detect stable mood at same value
ok 14 - Companion Mood Indicators - getMoodChange - should detect stable mood at same value
  ---
  duration_ms: 0.104241
  type: 'test'
  ...
# Subtest: Companion Mood Indicators - getMoodDisplayText - should format improvement text
ok 15 - Companion Mood Indicators - getMoodDisplayText - should format improvement text
  ---
  duration_ms: 0.173473
  type: 'test'
  ...
# Subtest: Companion Mood Indicators - getMoodDisplayText - should format decline text
ok 16 - Companion Mood Indicators - getMoodDisplayText - should format decline text
  ---
  duration_ms: 0.134007
  type: 'test'
  ...
# Subtest: Companion Mood Indicators - getMoodDisplayText - should format stable text
ok 17 - Companion Mood Indicators - getMoodDisplayText - should format stable text
  ---
  duration_ms: 0.147454
  type: 'test'
  ...
# Subtest: Companion Mood Indicators - getAllCompanionMoods - should return empty object for no companions
ok 18 - Companion Mood Indicators - getAllCompanionMoods - should return empty object for no companions
  ---
  duration_ms: 0.503349
  type: 'test'
  ...
# Subtest: Companion Mood Indicators - getAllCompanionMoods - should return mood data for all companions
ok 19 - Companion Mood Indicators - getAllCompanionMoods - should return mood data for all companions
  ---
  duration_ms: 0.285189
  type: 'test'
  ...
# Subtest: Companion Mood Indicators - getAllCompanionMoods - should handle missing loyalty as 0
ok 20 - Companion Mood Indicators - getAllCompanionMoods - should handle missing loyalty as 0
  ---
  duration_ms: 1.664282
  type: 'test'
  ...
# Subtest: Companion Mood Indicators - getAllCompanionMoods - should track soulbound status
ok 21 - Companion Mood Indicators - getAllCompanionMoods - should track soulbound status
  ---
  duration_ms: 0.192
  type: 'test'
  ...
# Subtest: Companion Mood Indicators - createMoodNotification - should create improvement notification
ok 22 - Companion Mood Indicators - createMoodNotification - should create improvement notification
  ---
  duration_ms: 0.282593
  type: 'test'
  ...
# Subtest: Companion Mood Indicators - createMoodNotification - should create decline notification
ok 23 - Companion Mood Indicators - createMoodNotification - should create decline notification
  ---
  duration_ms: 0.262304
  type: 'test'
  ...
# Subtest: Companion Mood Indicators - createMoodNotification - should create stable notification
ok 24 - Companion Mood Indicators - createMoodNotification - should create stable notification
  ---
  duration_ms: 0.194104
  type: 'test'
  ...
# Subtest: Companion Mood Indicators - createMoodNotification - should handle soulbound notification
ok 25 - Companion Mood Indicators - createMoodNotification - should handle soulbound notification
  ---
  duration_ms: 0.115553
  type: 'test'
  ...
# Subtest: Companion Mood Indicators - createMoodNotification - should handle abandoned notification
ok 26 - Companion Mood Indicators - createMoodNotification - should handle abandoned notification
  ---
  duration_ms: 0.104662
  type: 'test'
  ...
# Subtest: Companion Mood Indicators - MOOD_STATES constants - should have all required mood states
ok 27 - Companion Mood Indicators - MOOD_STATES constants - should have all required mood states
  ---
  duration_ms: 0.138426
  type: 'test'
  ...
# Subtest: Companion Mood Indicators - MOOD_STATES constants - should have proper structure for each mood
ok 28 - Companion Mood Indicators - MOOD_STATES constants - should have proper structure for each mood
  ---
  duration_ms: 0.261273
  type: 'test'
  ...
1..28
# tests 28
# suites 0
# pass 28
# fail 0
# cancelled 0
# skipped 0
# todo 0
# duration_ms 36.612904

=== tests/companions-auto-act-test.mjs ===
✅ companionAutoAct returns the state object directly

=== tests/companions-test.mjs ===

--- createCompanionState ---
  ✅ returns object with companions array and maxCompanions=2

--- recruitCompanion ---
  ✅ recruits companion_fenris successfully
  ✅ recruits companion_lyra
  ✅ rejects recruiting when party full
  ✅ rejects unknown companion ID
  ✅ rejects duplicate recruitment

--- dismissCompanion ---
  ✅ dismisses recruited companion
  ✅ handles missing companion gracefully

--- getCompanionById ---
  ✅ returns companion when found
  ✅ returns null when not found

--- companionAttack ---
  ✅ deals damage to enemy
  ✅ returns updated seed
  ✅ does nothing if companion is not alive

--- companionTakeDamage ---
  ✅ reduces companion hp
  ✅ sets alive=false when hp reaches 0
  ✅ adds fallen message to log

--- healCompanion ---
  ✅ restores hp up to maxHp
  ✅ does not exceed maxHp

--- adjustLoyalty ---
  ✅ increases loyalty
  ✅ decreases loyalty
  ✅ clamps loyalty to 0-100 range

--- getCompanionBonuses ---
  ✅ returns {attackBonus: 0, defenseBonus: 0} with no companions
  ✅ returns {attackBonus: 2, defenseBonus: 1} with 1 alive companion
  ✅ returns {attackBonus: 4, defenseBonus: 2} with 2 alive companions
  ✅ dead companions do not count

--- companionAutoAct ---
  ✅ all alive companions attack enemy
  ✅ skips dead companions

--- Companion UI ---
  ✅ renderCompanionPanel returns HTML with companion-panel class
  ✅ renderCompanionHUD returns empty string with no companions
  ✅ renderCompanionBadge returns empty string with no companions
  ✅ renderCompanionBadge shows count with recruited companions

--- Forbidden Motifs Check ---
  ✅ source files do not contain forbidden words

Passed: 32, Failed: 0

=== tests/companions-ui-test.mjs ===
Running companions-ui.js tests...

  ✅ renderCompanionPanel: should render panel with empty companions array
  ✅ renderCompanionPanel: should render recruited companion with correct data
  ✅ renderCompanionPanel: should render HP bar with correct percentage
  ✅ renderCompanionPanel: should handle zero HP correctly
  ✅ renderCompanionPanel: should handle full HP correctly
  ✅ renderCompanionPanel: should handle missing HP/maxHp values gracefully
  ✅ renderCompanionPanel: should render multiple companions
  ✅ renderCompanionPanel: should handle negative HP values (clamping)
  ✅ renderCompanionPanel: should handle HP exceeding maxHp (clamping)
  ✅ renderCompanionPanel: should handle zero maxHp gracefully
  ✅ renderCompanionHUD: should return empty string when no companions
  ✅ renderCompanionHUD: should return empty string for null/undefined state
  ✅ renderCompanionHUD: should render HUD when companions exist
  ✅ renderCompanionHUD: should render multiple companions in HUD
  ✅ renderCompanionHUD: should handle fallen companions
  ✅ renderCompanionBadge: should return empty string when no companions
  ✅ renderCompanionBadge: should return empty string for null/undefined state
  ✅ renderCompanionBadge: should render badge when companions exist
  ✅ renderCompanionBadge: should show correct companion count
  ✅ renderCompanionBadge: should use default maxCompanions when not provided
  ✅ renderCompanionBadge: should handle companions at max capacity
  ✅ Edge case: large companion array
  ✅ Edge case: special characters in companion names

Tests passed: 23
Tests failed: 0

=== tests/continue-after-flee-test.mjs ===
--- Continue After Flee Tests ---
  PASS: CONTINUE_AFTER_FLEE returns a new state
  PASS: phase set to exploration after fleeing
  PASS: player defending flag reset
  PASS: battle flee recorded in stats
========================================
Results: 4 passed, 0 failed

=== tests/crafting-integration-test.mjs ===
TAP version 13
# Subtest: Crafting Integration
    # Subtest: applyCraftingMaterialDrops
        # Subtest: returns empty drops when no enemies
        ok 1 - returns empty drops when no enemies
          ---
          duration_ms: 2.359389
          type: 'test'
          ...
        # Subtest: level-1 enemy only draws from basic pool
        ok 2 - level-1 enemy only draws from basic pool
          ---
          duration_ms: 0.727078
          type: 'test'
          ...
        # Subtest: level-4 enemy can draw arcaneEssence, enchantedThread, crystalLens
        ok 3 - level-4 enemy can draw arcaneEssence, enchantedThread, crystalLens
          ---
          duration_ms: 0.408587
          type: 'test'
          ...
        # Subtest: level-7 enemy can draw dragonScale, shadowShard
        ok 4 - level-7 enemy can draw dragonScale, shadowShard
          ---
          duration_ms: 0.287974
          type: 'test'
          ...
        # Subtest: level-10 enemy can draw ancientRune, phoenixFeather
        ok 5 - level-10 enemy can draw ancientRune, phoenixFeather
          ---
          duration_ms: 0.357919
          type: 'test'
          ...
        # Subtest: adds materials to player inventory
        ok 6 - adds materials to player inventory
          ---
          duration_ms: 0.273125
          type: 'test'
          ...
        # Subtest: uses highest enemy level when multiple enemies
        ok 7 - uses highest enemy level when multiple enemies
          ---
          duration_ms: 1.447265
          type: 'test'
          ...
        # Subtest: deterministic rng returning 0 drops all materials
        ok 8 - deterministic rng returning 0 drops all materials
          ---
          duration_ms: 0.213722
          type: 'test'
          ...
        # Subtest: deterministic rng returning 1 drops nothing
        ok 9 - deterministic rng returning 1 drops nothing
          ---
          duration_ms: 0.516815
          type: 'test'
          ...
        # Subtest: returns correct messages
        ok 10 - returns correct messages
          ---
          duration_ms: 0.541372
          type: 'test'
          ...
        # Subtest: handles missing inventory gracefully
        ok 11 - handles missing inventory gracefully
          ---
          duration_ms: 0.171951
          type: 'test'
          ...
        # Subtest: returns drops with materialId, quantity, name
        ok 12 - returns drops with materialId, quantity, name
          ---
          duration_ms: 0.147904
          type: 'test'
          ...
        # Subtest: multiple calls accumulate inventory correctly
        ok 13 - multiple calls accumulate inventory correctly
          ---
          duration_ms: 0.127696
          type: 'test'
          ...
        1..13
    ok 1 - applyCraftingMaterialDrops
      ---
      duration_ms: 9.210779
      type: 'suite'
      ...
    # Subtest: getCraftingDropMessages
        # Subtest: returns proper message format
        ok 1 - returns proper message format
          ---
          duration_ms: 0.155269
          type: 'test'
          ...
        # Subtest: returns empty array for empty drops
        ok 2 - returns empty array for empty drops
          ---
          duration_ms: 0.100523
          type: 'test'
          ...
        1..2
    ok 2 - getCraftingDropMessages
      ---
      duration_ms: 0.371075
      type: 'suite'
      ...
    1..2
ok 1 - Crafting Integration
  ---
  duration_ms: 10.442619
  type: 'suite'
  ...
1..1
# tests 15
# suites 3
# pass 15
# fail 0
# cancelled 0
# skipped 0
# todo 0
# duration_ms 31.079019

=== tests/crafting-test.mjs ===

=== Crafting System Tests ===

-- createCraftingState --
  PASS: returns object with discoveredRecipes array
  PASS: returns object with empty craftCount
-- getAllItems --
  PASS: returns combined items from all sources
  PASS: includes base items
  PASS: includes crafting materials
  PASS: includes crafted items
-- lookupItem --
  PASS: looks up base items
  PASS: looks up crafting materials
  PASS: looks up crafted items
  PASS: returns null for unknown items
-- getRecipeById --
  PASS: finds recipe by full id
  PASS: returns null for nonexistent recipe
  PASS: all recipes have required fields
-- getRecipesByCategory --
  PASS: filters by weapon category
  PASS: filters by consumable category
  PASS: returns empty for unknown category
-- discoverRecipe --
  PASS: discovers a valid recipe
  PASS: prevents duplicate discovery
  PASS: fails for invalid recipe id
  PASS: fails for empty recipe id
  PASS: creates crafting state if missing
-- getAvailableRecipes --
  PASS: returns empty when nothing discovered
  PASS: returns discovered recipes with canCraft info
  PASS: canCraft is false when missing ingredients
-- canCraftRecipe --
  PASS: returns false for undiscovered recipe
  PASS: returns false for nonexistent recipe
  PASS: returns false when missing ingredients
  PASS: returns false when level too low
  PASS: returns true when all conditions met
-- craftItem --
  PASS: crafts item successfully
  PASS: removes ingredients after crafting
  PASS: adds result item to inventory
  PASS: increments craftCount
  PASS: fails when cannot craft
-- getCraftingMaterialDrops --
  PASS: returns array
  PASS: drops have materialId and quantity
  PASS: low-level enemies drop basic materials only
  PASS: mid-level enemies drop additional materials
  PASS: high-level enemies drop rare materials
  PASS: max-level enemies drop all materials
  PASS: no drops with high rng
  PASS: handles invalid enemy level gracefully
-- Data Integrity --
  PASS: all recipe ingredients reference valid items
  PASS: all recipe results reference valid crafted items
  PASS: recipe ids are unique
  PASS: crafting material ids are unique
  PASS: crafted item ids are unique
  PASS: no id collisions between item sources

=== Results: 48 passed, 0 failed ===


=== tests/crafting-ui-test.mjs ===

=== tests/creature-evolution-test.mjs ===
TAP version 13
# Subtest: Creature Evolution System (Spore-inspired)
    # Subtest: EVOLUTION_STAGES
        # Subtest: should have 5 evolution stages
        ok 1 - should have 5 evolution stages
          ---
          duration_ms: 1.834518
          type: 'test'
          ...
        # Subtest: each stage should have required properties
        ok 2 - each stage should have required properties
          ---
          duration_ms: 0.301559
          type: 'test'
          ...
        # Subtest: evolution points requirements should increase with each stage
        ok 3 - evolution points requirements should increase with each stage
          ---
          duration_ms: 0.196779
          type: 'test'
          ...
        1..3
    ok 1 - EVOLUTION_STAGES
      ---
      duration_ms: 3.258068
      type: 'suite'
      ...
    # Subtest: EVOLUTION_TRAITS
        # Subtest: should have at least 9 traits across 3 categories
        ok 1 - should have at least 9 traits across 3 categories
          ---
          duration_ms: 0.236616
          type: 'test'
          ...
        # Subtest: each trait should have required properties
        ok 2 - each trait should have required properties
          ---
          duration_ms: 0.259079
          type: 'test'
          ...
        1..2
    ok 2 - EVOLUTION_TRAITS
      ---
      duration_ms: 0.731137
      type: 'suite'
      ...
    # Subtest: createSporeling
        # Subtest: should create a sporeling with default name
        ok 1 - should create a sporeling with default name
          ---
          duration_ms: 0.389349
          type: 'test'
          ...
        # Subtest: should create a sporeling with custom name
        ok 2 - should create a sporeling with custom name
          ---
          duration_ms: 0.381444
          type: 'test'
          ...
        # Subtest: should initialize stats from CELL stage
        ok 3 - should initialize stats from CELL stage
          ---
          duration_ms: 0.172431
          type: 'test'
          ...
        1..3
    ok 3 - createSporeling
      ---
      duration_ms: 1.391577
      type: 'suite'
      ...
    # Subtest: canEvolve
        # Subtest: should return false for CELL stage with 0 points
        ok 1 - should return false for CELL stage with 0 points
          ---
          duration_ms: 0.356336
          type: 'test'
          ...
        # Subtest: should return true when enough points for next stage
        ok 2 - should return true when enough points for next stage
          ---
          duration_ms: 0.413305
          type: 'test'
          ...
        # Subtest: should return false for max stage
        ok 3 - should return false for max stage
          ---
          duration_ms: 0.191038
          type: 'test'
          ...
        1..3
    ok 4 - canEvolve
      ---
      duration_ms: 1.249684
      type: 'suite'
      ...
    # Subtest: getNextStage
        # Subtest: should return CREATURE for CELL stage
        ok 1 - should return CREATURE for CELL stage
          ---
          duration_ms: 0.296951
          type: 'test'
          ...
        # Subtest: should return null for COSMIC stage
        ok 2 - should return null for COSMIC stage
          ---
          duration_ms: 0.133336
          type: 'test'
          ...
        1..2
    ok 5 - getNextStage
      ---
      duration_ms: 0.641925
      type: 'suite'
      ...
    # Subtest: evolveSporeling
        # Subtest: should evolve sporeling with selected trait
        ok 1 - should evolve sporeling with selected trait
          ---
          duration_ms: 0.521694
          type: 'test'
          ...
        # Subtest: should reject evolution if cannot evolve
        ok 2 - should reject evolution if cannot evolve
          ---
          duration_ms: 0.135021
          type: 'test'
          ...
        # Subtest: should apply trait stat bonuses
        ok 3 - should apply trait stat bonuses
          ---
          duration_ms: 0.159457
          type: 'test'
          ...
        1..3
    ok 6 - evolveSporeling
      ---
      duration_ms: 2.150767
      type: 'suite'
      ...
    # Subtest: awardEvolutionPoints
        # Subtest: should add points to sporeling
        ok 1 - should add points to sporeling
          ---
          duration_ms: 0.18179
          type: 'test'
          ...
        1..1
    ok 7 - awardEvolutionPoints
      ---
      duration_ms: 0.264699
      type: 'suite'
      ...
    # Subtest: recruitSporeling
        # Subtest: should add sporeling to companions
        ok 1 - should add sporeling to companions
          ---
          duration_ms: 0.205164
          type: 'test'
          ...
        # Subtest: should reject if already have sporeling
        ok 2 - should reject if already have sporeling
          ---
          duration_ms: 0.128937
          type: 'test'
          ...
        1..2
    ok 8 - recruitSporeling
      ---
      duration_ms: 0.427533
      type: 'suite'
      ...
    # Subtest: getAvailableTraits
        # Subtest: should return all traits for fresh sporeling
        ok 1 - should return all traits for fresh sporeling
          ---
          duration_ms: 0.252917
          type: 'test'
          ...
        # Subtest: should exclude already selected traits
        ok 2 - should exclude already selected traits
          ---
          duration_ms: 0.157853
          type: 'test'
          ...
        1..2
    ok 9 - getAvailableTraits
      ---
      duration_ms: 0.528357
      type: 'suite'
      ...
    # Subtest: getEvolutionProgress
        # Subtest: should return progress info for sporeling
        ok 1 - should return progress info for sporeling
          ---
          duration_ms: 0.211406
          type: 'test'
          ...
        # Subtest: should indicate max stage for COSMIC
        ok 2 - should indicate max stage for COSMIC
          ---
          duration_ms: 0.168954
          type: 'test'
          ...
        1..2
    ok 10 - getEvolutionProgress
      ---
      duration_ms: 0.496324
      type: 'suite'
      ...
    1..10
ok 1 - Creature Evolution System (Spore-inspired)
  ---
  duration_ms: 13.072949
  type: 'suite'
  ...
1..1
# tests 23
# suites 11
# pass 23
# fail 0
# cancelled 0
# skipped 0
# todo 0
# duration_ms 46.839198

=== tests/daily-challenge-system-test.mjs ===
TAP version 13
# Subtest: Challenge Constants
    # Subtest: CHALLENGE_TYPE has all expected types
    ok 1 - CHALLENGE_TYPE has all expected types
      ---
      duration_ms: 0.859915
      type: 'test'
      ...
    # Subtest: CHALLENGE_DIFFICULTY has all expected levels
    ok 2 - CHALLENGE_DIFFICULTY has all expected levels
      ---
      duration_ms: 0.135001
      type: 'test'
      ...
    # Subtest: REWARD_MULTIPLIERS has correct values
    ok 3 - REWARD_MULTIPLIERS has correct values
      ---
      duration_ms: 0.167923
      type: 'test'
      ...
    # Subtest: BASE_REWARDS has xp and gold
    ok 4 - BASE_REWARDS has xp and gold
      ---
      duration_ms: 0.193151
      type: 'test'
      ...
    # Subtest: STREAK_BONUSES has increasing values
    ok 5 - STREAK_BONUSES has increasing values
      ---
      duration_ms: 0.178573
      type: 'test'
      ...
    1..5
ok 1 - Challenge Constants
  ---
  duration_ms: 2.692318
  type: 'suite'
  ...
# Subtest: Challenge Templates
    # Subtest: All templates have required fields
    ok 1 - All templates have required fields
      ---
      duration_ms: 0.379469
      type: 'test'
      ...
    # Subtest: All templates have valid types
    ok 2 - All templates have valid types
      ---
      duration_ms: 0.319624
      type: 'test'
      ...
    # Subtest: All templates have target ranges for all difficulties
    ok 3 - All templates have target ranges for all difficulties
      ---
      duration_ms: 0.53034
      type: 'test'
      ...
    # Subtest: Target ranges have min <= max
    ok 4 - Target ranges have min <= max
      ---
      duration_ms: 0.435247
      type: 'test'
      ...
    1..4
ok 2 - Challenge Templates
  ---
  duration_ms: 2.216074
  type: 'suite'
  ...
# Subtest: createDailyChallengeState
    # Subtest: Creates state with empty arrays
    ok 1 - Creates state with empty arrays
      ---
      duration_ms: 0.262173
      type: 'test'
      ...
    # Subtest: Creates state with zero streak
    ok 2 - Creates state with zero streak
      ---
      duration_ms: 0.106945
      type: 'test'
      ...
    # Subtest: Creates state with null lastCompletedDate
    ok 3 - Creates state with null lastCompletedDate
      ---
      duration_ms: 1.159851
      type: 'test'
      ...
    # Subtest: Creates state with empty dailyProgress
    ok 4 - Creates state with empty dailyProgress
      ---
      duration_ms: 0.135981
      type: 'test'
      ...
    1..4
ok 3 - createDailyChallengeState
  ---
  duration_ms: 1.848135
  type: 'suite'
  ...
# Subtest: generateDailyChallenges
    # Subtest: Generates specified number of challenges
    ok 1 - Generates specified number of challenges
      ---
      duration_ms: 1.085478
      type: 'test'
      ...
    # Subtest: Generates different challenges
    ok 2 - Generates different challenges
      ---
      duration_ms: 0.244971
      type: 'test'
      ...
    # Subtest: Same date generates same challenges
    ok 3 - Same date generates same challenges
      ---
      duration_ms: 0.62868
      type: 'test'
      ...
    # Subtest: Different dates generate different challenges
    ok 4 - Different dates generate different challenges
      ---
      duration_ms: 0.2392
      type: 'test'
      ...
    # Subtest: All generated challenges have required fields
    ok 5 - All generated challenges have required fields
      ---
      duration_ms: 0.279708
      type: 'test'
      ...
    1..5
ok 4 - generateDailyChallenges
  ---
  duration_ms: 2.708811
  type: 'suite'
  ...
# Subtest: createChallenge
    # Subtest: Creates challenge from template
    ok 1 - Creates challenge from template
      ---
      duration_ms: 0.300106
      type: 'test'
      ...
    # Subtest: Returns null for invalid template
    ok 2 - Returns null for invalid template
      ---
      duration_ms: 0.154116
      type: 'test'
      ...
    # Subtest: Challenge target is within range
    ok 3 - Challenge target is within range
      ---
      duration_ms: 0.217197
      type: 'test'
      ...
    # Subtest: Challenge rewards scale with difficulty
    ok 4 - Challenge rewards scale with difficulty
      ---
      duration_ms: 0.121834
      type: 'test'
      ...
    # Subtest: Hard difficulty gives bonus item
    ok 5 - Hard difficulty gives bonus item
      ---
      duration_ms: 0.136252
      type: 'test'
      ...
    # Subtest: Expert difficulty gives rare bonus item
    ok 6 - Expert difficulty gives rare bonus item
      ---
      duration_ms: 0.145279
      type: 'test'
      ...
    1..6
ok 5 - createChallenge
  ---
  duration_ms: 1.405474
  type: 'suite'
  ...
# Subtest: initializeDailyChallenges
    # Subtest: Generates challenges for empty state
    ok 1 - Generates challenges for empty state
      ---
      duration_ms: 0.2496
      type: 'test'
      ...
    # Subtest: Does not regenerate on same day
    ok 2 - Does not regenerate on same day
      ---
      duration_ms: 0.607809
      type: 'test'
      ...
    # Subtest: Maintains streak when completing on consecutive days
    ok 3 - Maintains streak when completing on consecutive days
      ---
      duration_ms: 0.243609
      type: 'test'
      ...
    1..3
ok 6 - initializeDailyChallenges
  ---
  duration_ms: 1.25202
  type: 'suite'
  ...
# Subtest: updateChallengeProgress
    # Subtest: Updates progress for matching stat
    ok 1 - Updates progress for matching stat
      ---
      duration_ms: 0.45758
      type: 'test'
      ...
    # Subtest: Does not update progress for non-matching stat
    ok 2 - Does not update progress for non-matching stat
      ---
      duration_ms: 0.185887
      type: 'test'
      ...
    # Subtest: Marks challenge complete when target reached
    ok 3 - Marks challenge complete when target reached
      ---
      duration_ms: 0.168814
      type: 'test'
      ...
    # Subtest: Does not exceed target
    ok 4 - Does not exceed target
      ---
      duration_ms: 0.158385
      type: 'test'
      ...
    # Subtest: Tracks daily progress
    ok 5 - Tracks daily progress
      ---
      duration_ms: 0.126543
      type: 'test'
      ...
    1..5
ok 7 - updateChallengeProgress
  ---
  duration_ms: 1.339617
  type: 'suite'
  ...
# Subtest: claimChallengeReward
    # Subtest: Claims reward for completed challenge
    ok 1 - Claims reward for completed challenge
      ---
      duration_ms: 0.489893
      type: 'test'
      ...
    # Subtest: Returns error for non-existent challenge
    ok 2 - Returns error for non-existent challenge
      ---
      duration_ms: 0.150258
      type: 'test'
      ...
    # Subtest: Returns error for incomplete challenge
    ok 3 - Returns error for incomplete challenge
      ---
      duration_ms: 0.224782
      type: 'test'
      ...
    # Subtest: Returns error for already claimed
    ok 4 - Returns error for already claimed
      ---
      duration_ms: 0.158575
      type: 'test'
      ...
    # Subtest: Applies streak bonus to rewards
    ok 5 - Applies streak bonus to rewards
      ---
      duration_ms: 0.162933
      type: 'test'
      ...
    # Subtest: Updates completion tracking
    ok 6 - Updates completion tracking
      ---
      duration_ms: 0.180387
      type: 'test'
      ...
    # Subtest: Adds to history
    ok 7 - Adds to history
      ---
      duration_ms: 0.172452
      type: 'test'
      ...
    1..7
ok 8 - claimChallengeReward
  ---
  duration_ms: 1.791175
  type: 'suite'
  ...
# Subtest: getStreakBonus
    # Subtest: Returns 0 for no streak
    ok 1 - Returns 0 for no streak
      ---
      duration_ms: 0.174546
      type: 'test'
      ...
    # Subtest: Returns 0 for streak below threshold
    ok 2 - Returns 0 for streak below threshold
      ---
      duration_ms: 0.113838
      type: 'test'
      ...
    # Subtest: Returns correct bonus at thresholds
    ok 3 - Returns correct bonus at thresholds
      ---
      duration_ms: 0.152703
      type: 'test'
      ...
    # Subtest: Returns highest applicable bonus
    ok 4 - Returns highest applicable bonus
      ---
      duration_ms: 0.140671
      type: 'test'
      ...
    1..4
ok 9 - getStreakBonus
  ---
  duration_ms: 0.77985
  type: 'suite'
  ...
# Subtest: Challenge Queries
    # Subtest: getChallenge returns challenge by ID
    ok 1 - getChallenge returns challenge by ID
      ---
      duration_ms: 0.330716
      type: 'test'
      ...
    # Subtest: getChallenge returns null for unknown ID
    ok 2 - getChallenge returns null for unknown ID
      ---
      duration_ms: 0.115892
      type: 'test'
      ...
    # Subtest: getAllChallenges returns all challenges
    ok 3 - getAllChallenges returns all challenges
      ---
      duration_ms: 0.153866
      type: 'test'
      ...
    # Subtest: getActiveChallenges returns incomplete challenges
    ok 4 - getActiveChallenges returns incomplete challenges
      ---
      duration_ms: 0.166309
      type: 'test'
      ...
    # Subtest: getCompletedChallenges returns completed challenges
    ok 5 - getCompletedChallenges returns completed challenges
      ---
      duration_ms: 0.161481
      type: 'test'
      ...
    # Subtest: getClaimableChallenges returns completed but unclaimed
    ok 6 - getClaimableChallenges returns completed but unclaimed
      ---
      duration_ms: 0.21266
      type: 'test'
      ...
    1..6
ok 10 - Challenge Queries
  ---
  duration_ms: 1.48695
  type: 'suite'
  ...
# Subtest: getChallengeProgress
    # Subtest: Returns 0 for no progress
    ok 1 - Returns 0 for no progress
      ---
      duration_ms: 0.229051
      type: 'test'
      ...
    # Subtest: Returns correct percentage
    ok 2 - Returns correct percentage
      ---
      duration_ms: 0.138486
      type: 'test'
      ...
    # Subtest: Caps at 100%
    ok 3 - Caps at 100%
      ---
      duration_ms: 0.125471
      type: 'test'
      ...
    # Subtest: Returns 0 for null challenge
    ok 4 - Returns 0 for null challenge
      ---
      duration_ms: 0.096266
      type: 'test'
      ...
    1..4
ok 11 - getChallengeProgress
  ---
  duration_ms: 0.761645
  type: 'suite'
  ...
# Subtest: Filter Functions
    # Subtest: getChallengesByType filters by type
    ok 1 - getChallengesByType filters by type
      ---
      duration_ms: 0.257887
      type: 'test'
      ...
    # Subtest: getChallengesByDifficulty filters by difficulty
    ok 2 - getChallengesByDifficulty filters by difficulty
      ---
      duration_ms: 0.176229
      type: 'test'
      ...
    1..2
ok 12 - Filter Functions
  ---
  duration_ms: 0.551872
  type: 'suite'
  ...
# Subtest: Completion Tracking
    # Subtest: getDailyCompletionCount returns completed today count
    ok 1 - getDailyCompletionCount returns completed today count
      ---
      duration_ms: 0.292061
      type: 'test'
      ...
    # Subtest: getTotalChallenges returns challenge count
    ok 2 - getTotalChallenges returns challenge count
      ---
      duration_ms: 0.290629
      type: 'test'
      ...
    # Subtest: getDailyCompletionPercentage calculates correctly
    ok 3 - getDailyCompletionPercentage calculates correctly
      ---
      duration_ms: 0.272083
      type: 'test'
      ...
    # Subtest: areAllChallengesComplete returns true when all complete
    ok 4 - areAllChallengesComplete returns true when all complete
      ---
      duration_ms: 0.2126
      type: 'test'
      ...
    # Subtest: areAllChallengesComplete returns false when not all complete
    ok 5 - areAllChallengesComplete returns false when not all complete
      ---
      duration_ms: 0.224562
      type: 'test'
      ...
    1..5
ok 13 - Completion Tracking
  ---
  duration_ms: 1.567265
  type: 'suite'
  ...
# Subtest: getTimeUntilReset
    # Subtest: Returns hours and minutes
    ok 1 - Returns hours and minutes
      ---
      duration_ms: 0.297672
      type: 'test'
      ...
    1..1
ok 14 - getTimeUntilReset
  ---
  duration_ms: 0.422122
  type: 'suite'
  ...
# Subtest: Template Functions
    # Subtest: getAllChallengeTypes returns all types
    ok 1 - getAllChallengeTypes returns all types
      ---
      duration_ms: 0.352758
      type: 'test'
      ...
    # Subtest: getAllDifficulties returns all difficulties
    ok 2 - getAllDifficulties returns all difficulties
      ---
      duration_ms: 0.195767
      type: 'test'
      ...
    # Subtest: getChallengeTemplate returns template by ID
    ok 3 - getChallengeTemplate returns template by ID
      ---
      duration_ms: 0.171019
      type: 'test'
      ...
    # Subtest: getChallengeTemplate returns null for invalid ID
    ok 4 - getChallengeTemplate returns null for invalid ID
      ---
      duration_ms: 0.143045
      type: 'test'
      ...
    # Subtest: getAllChallengeTemplates returns all templates
    ok 5 - getAllChallengeTemplates returns all templates
      ---
      duration_ms: 0.164487
      type: 'test'
      ...
    # Subtest: getTemplatesByType filters templates
    ok 6 - getTemplatesByType filters templates
      ---
      duration_ms: 0.216546
      type: 'test'
      ...
    1..6
ok 15 - Template Functions
  ---
  duration_ms: 1.595719
  type: 'suite'
  ...
# Subtest: getDailyChallengeStyles
    # Subtest: Returns CSS string
    ok 1 - Returns CSS string
      ---
      duration_ms: 0.263056
      type: 'test'
      ...
    # Subtest: Includes difficulty colors
    ok 2 - Includes difficulty colors
      ---
      duration_ms: 0.312792
      type: 'test'
      ...
    1..2
ok 16 - getDailyChallengeStyles
  ---
  duration_ms: 3.736618
  type: 'suite'
  ...
# Subtest: renderDailyChallengePanel
    # Subtest: Renders panel with header
    ok 1 - Renders panel with header
      ---
      duration_ms: 2.032981
      type: 'test'
      ...
    # Subtest: Shows reset timer
    ok 2 - Shows reset timer
      ---
      duration_ms: 0.179595
      type: 'test'
      ...
    # Subtest: Renders challenge cards
    ok 3 - Renders challenge cards
      ---
      duration_ms: 0.278635
      type: 'test'
      ...
    1..3
ok 17 - renderDailyChallengePanel
  ---
  duration_ms: 2.632794
  type: 'suite'
  ...
# Subtest: renderStreakDisplay
    # Subtest: Shows no streak message when streak is 0
    ok 1 - Shows no streak message when streak is 0
      ---
      duration_ms: 0.109851
      type: 'test'
      ...
    # Subtest: Shows streak count
    ok 2 - Shows streak count
      ---
      duration_ms: 0.098349
      type: 'test'
      ...
    # Subtest: Shows bonus percentage
    ok 3 - Shows bonus percentage
      ---
      duration_ms: 0.090654
      type: 'test'
      ...
    1..3
ok 18 - renderStreakDisplay
  ---
  duration_ms: 0.435749
  type: 'suite'
  ...
# Subtest: renderCompletionSummary
    # Subtest: Shows completion percentage
    ok 1 - Shows completion percentage
      ---
      duration_ms: 0.120251
      type: 'test'
      ...
    1..1
ok 19 - renderCompletionSummary
  ---
  duration_ms: 0.181188
  type: 'suite'
  ...
# Subtest: renderChallengeCard
    # Subtest: Renders challenge info
    ok 1 - Renders challenge info
      ---
      duration_ms: 0.159818
      type: 'test'
      ...
    # Subtest: Shows progress bar
    ok 2 - Shows progress bar
      ---
      duration_ms: 0.105242
      type: 'test'
      ...
    # Subtest: Shows claim button when completed
    ok 3 - Shows claim button when completed
      ---
      duration_ms: 0.115903
      type: 'test'
      ...
    # Subtest: Shows claimed status
    ok 4 - Shows claimed status
      ---
      duration_ms: 0.14536
      type: 'test'
      ...
    # Subtest: Shows streak bonus
    ok 5 - Shows streak bonus
      ---
      duration_ms: 0.111004
      type: 'test'
      ...
    1..5
ok 20 - renderChallengeCard
  ---
  duration_ms: 0.783988
  type: 'suite'
  ...
# Subtest: renderChallengeNotification
    # Subtest: Shows completion message
    ok 1 - Shows completion message
      ---
      duration_ms: 0.178613
      type: 'test'
      ...
    # Subtest: Shows challenge name
    ok 2 - Shows challenge name
      ---
      duration_ms: 0.097758
      type: 'test'
      ...
    # Subtest: Shows rewards
    ok 3 - Shows rewards
      ---
      duration_ms: 0.104431
      type: 'test'
      ...
    1..3
ok 21 - renderChallengeNotification
  ---
  duration_ms: 0.496255
  type: 'suite'
  ...
# Subtest: renderChallengeHud
    # Subtest: Shows active challenges
    ok 1 - Shows active challenges
      ---
      duration_ms: 0.316289
      type: 'test'
      ...
    # Subtest: Shows all complete message
    ok 2 - Shows all complete message
      ---
      duration_ms: 0.128598
      type: 'test'
      ...
    # Subtest: Shows claimable notification
    ok 3 - Shows claimable notification
      ---
      duration_ms: 0.10407
      type: 'test'
      ...
    1..3
ok 22 - renderChallengeHud
  ---
  duration_ms: 0.680519
  type: 'suite'
  ...
# Subtest: renderDailyStats
    # Subtest: Shows completion count
    ok 1 - Shows completion count
      ---
      duration_ms: 0.200126
      type: 'test'
      ...
    # Subtest: Shows streak count
    ok 2 - Shows streak count
      ---
      duration_ms: 0.108368
      type: 'test'
      ...
    1..2
ok 23 - renderDailyStats
  ---
  duration_ms: 0.427162
  type: 'suite'
  ...
# Subtest: renderAllCompleteMessage
    # Subtest: Shows celebration message
    ok 1 - Shows celebration message
      ---
      duration_ms: 0.269438
      type: 'test'
      ...
    # Subtest: Shows reset timer
    ok 2 - Shows reset timer
      ---
      duration_ms: 0.173343
      type: 'test'
      ...
    # Subtest: Shows streak info
    ok 3 - Shows streak info
      ---
      duration_ms: 0.180468
      type: 'test'
      ...
    1..3
ok 24 - renderAllCompleteMessage
  ---
  duration_ms: 0.93054
  type: 'suite'
  ...
# Subtest: XSS Prevention
    # Subtest: renderChallengeCard escapes challenge name
    ok 1 - renderChallengeCard escapes challenge name
      ---
      duration_ms: 0.294477
      type: 'test'
      ...
    # Subtest: renderChallengeCard escapes description
    ok 2 - renderChallengeCard escapes description
      ---
      duration_ms: 2.867296
      type: 'test'
      ...
    # Subtest: renderChallengeNotification escapes content
    ok 3 - renderChallengeNotification escapes content
      ---
      duration_ms: 0.313763
      type: 'test'
      ...
    1..3
ok 25 - XSS Prevention
  ---
  duration_ms: 3.734895
  type: 'suite'
  ...
# Subtest: Banned Words Security Scan
    # Subtest: No banned words in template names
    ok 1 - No banned words in template names
      ---
      duration_ms: 2.561938
      type: 'test'
      ...
    # Subtest: No banned words in template descriptions
    ok 2 - No banned words in template descriptions
      ---
      duration_ms: 0.302993
      type: 'test'
      ...
    # Subtest: No banned words in template IDs
    ok 3 - No banned words in template IDs
      ---
      duration_ms: 0.385562
      type: 'test'
      ...
    # Subtest: No banned words in challenge types
    ok 4 - No banned words in challenge types
      ---
      duration_ms: 0.222147
      type: 'test'
      ...
    # Subtest: No banned words in difficulty names
    ok 5 - No banned words in difficulty names
      ---
      duration_ms: 0.337921
      type: 'test'
      ...
    # Subtest: No banned words in stat names
    ok 6 - No banned words in stat names
      ---
      duration_ms: 3.156191
      type: 'test'
      ...
    1..6
ok 26 - Banned Words Security Scan
  ---
  duration_ms: 7.348607
  type: 'suite'
  ...
# Subtest: Immutability
    # Subtest: updateChallengeProgress does not mutate original state
    ok 1 - updateChallengeProgress does not mutate original state
      ---
      duration_ms: 0.293695
      type: 'test'
      ...
    # Subtest: claimChallengeReward does not mutate original state
    ok 2 - claimChallengeReward does not mutate original state
      ---
      duration_ms: 0.221877
      type: 'test'
      ...
    # Subtest: initializeDailyChallenges does not mutate original state
    ok 3 - initializeDailyChallenges does not mutate original state
      ---
      duration_ms: 0.285198
      type: 'test'
      ...
    1..3
ok 27 - Immutability
  ---
  duration_ms: 1.047565
  type: 'suite'
  ...
1..27
# tests 104
# suites 27
# pass 104
# fail 0
# cancelled 0
# skipped 0
# todo 0
# duration_ms 118.934553

=== tests/damage-preview-test.mjs ===
All damage preview tests passed!
TAP version 13
# Subtest: Damage Preview Module
    # Subtest: getEffectivenessLabel
        # Subtest: should return Immune for 0.0 multiplier
        ok 1 - should return Immune for 0.0 multiplier
          ---
          duration_ms: 1.283278
          type: 'test'
          ...
        # Subtest: should return Resist for 0.5 multiplier
        ok 2 - should return Resist for 0.5 multiplier
          ---
          duration_ms: 0.370553
          type: 'test'
          ...
        # Subtest: should return Normal for 1.0 multiplier
        ok 3 - should return Normal for 1.0 multiplier
          ---
          duration_ms: 0.293404
          type: 'test'
          ...
        # Subtest: should return Strong for 1.5 multiplier
        ok 4 - should return Strong for 1.5 multiplier
          ---
          duration_ms: 0.420769
          type: 'test'
          ...
        # Subtest: should return Super for 2.0 multiplier
        ok 5 - should return Super for 2.0 multiplier
          ---
          duration_ms: 0.563533
          type: 'test'
          ...
        # Subtest: should default to Normal for unknown multipliers
        ok 6 - should default to Normal for unknown multipliers
          ---
          duration_ms: 0.246624
          type: 'test'
          ...
        1..6
    ok 1 - getEffectivenessLabel
      ---
      duration_ms: 4.28828
      type: 'suite'
      ...
    # Subtest: calculateDamageRange
        # Subtest: should calculate basic damage range
        ok 1 - should calculate basic damage range
          ---
          duration_ms: 2.261852
          type: 'test'
          ...
        # Subtest: should apply element multiplier for super effective
        ok 2 - should apply element multiplier for super effective
          ---
          duration_ms: 0.367577
          type: 'test'
          ...
        # Subtest: should apply element multiplier for resist
        ok 3 - should apply element multiplier for resist
          ---
          duration_ms: 0.419799
          type: 'test'
          ...
        # Subtest: should return 0 damage for immune elements
        ok 4 - should return 0 damage for immune elements
          ---
          duration_ms: 0.291752
          type: 'test'
          ...
        # Subtest: should apply defending bonus (2x DEF)
        ok 5 - should apply defending bonus (2x DEF)
          ---
          duration_ms: 0.228871
          type: 'test'
          ...
        # Subtest: should apply break multiplier (1.5x)
        ok 6 - should apply break multiplier (1.5x)
          ---
          duration_ms: 0.207378
          type: 'test'
          ...
        # Subtest: should apply ability power multiplier
        ok 7 - should apply ability power multiplier
          ---
          duration_ms: 0.330345
          type: 'test'
          ...
        # Subtest: should calculate crit damage range
        ok 8 - should calculate crit damage range
          ---
          duration_ms: 0.193772
          type: 'test'
          ...
        # Subtest: should enforce minimum damage of 1
        ok 9 - should enforce minimum damage of 1
          ---
          duration_ms: 0.180458
          type: 'test'
          ...
        # Subtest: should handle negative raw damage
        ok 10 - should handle negative raw damage
          ---
          duration_ms: 0.160569
          type: 'test'
          ...
        1..10
    ok 2 - calculateDamageRange
      ---
      duration_ms: 5.134809
      type: 'suite'
      ...
    # Subtest: formatDamageRange
        # Subtest: should format range with different min/max
        ok 1 - should format range with different min/max
          ---
          duration_ms: 0.2496
          type: 'test'
          ...
        # Subtest: should format single value when min equals max
        ok 2 - should format single value when min equals max
          ---
          duration_ms: 0.151962
          type: 'test'
          ...
        1..2
    ok 3 - formatDamageRange
      ---
      duration_ms: 0.517315
      type: 'suite'
      ...
    # Subtest: formatCritRange
        # Subtest: should format crit range with different min/max
        ok 1 - should format crit range with different min/max
          ---
          duration_ms: 0.189344
          type: 'test'
          ...
        # Subtest: should format single value when min equals max
        ok 2 - should format single value when min equals max
          ---
          duration_ms: 0.190726
          type: 'test'
          ...
        1..2
    ok 4 - formatCritRange
      ---
      duration_ms: 0.482038
      type: 'suite'
      ...
    # Subtest: formatCritChance
        # Subtest: should format 10% crit chance
        ok 1 - should format 10% crit chance
          ---
          duration_ms: 0.231284
          type: 'test'
          ...
        # Subtest: should format 25% crit chance
        ok 2 - should format 25% crit chance
          ---
          duration_ms: 0.156129
          type: 'test'
          ...
        # Subtest: should format 100% crit chance
        ok 3 - should format 100% crit chance
          ---
          duration_ms: 0.150629
          type: 'test'
          ...
        # Subtest: should handle 0% crit chance
        ok 4 - should handle 0% crit chance
          ---
          duration_ms: 0.533196
          type: 'test'
          ...
        1..4
    ok 5 - formatCritChance
      ---
      duration_ms: 2.325213
      type: 'suite'
      ...
    # Subtest: Integration scenarios
        # Subtest: should handle warrior basic attack scenario
        ok 1 - should handle warrior basic attack scenario
          ---
          duration_ms: 0.492618
          type: 'test'
          ...
        # Subtest: should handle mage fireball vs ice enemy
        ok 2 - should handle mage fireball vs ice enemy
          ---
          duration_ms: 0.250552
          type: 'test'
          ...
        # Subtest: should handle broken enemy scenario
        ok 3 - should handle broken enemy scenario
          ---
          duration_ms: 0.240704
          type: 'test'
          ...
        # Subtest: should handle defending target scenario
        ok 4 - should handle defending target scenario
          ---
          duration_ms: 0.196347
          type: 'test'
          ...
        1..4
    ok 6 - Integration scenarios
      ---
      duration_ms: 1.358143
      type: 'suite'
      ...
    1..6
ok 1 - Damage Preview Module
  ---
  duration_ms: 15.192978
  type: 'suite'
  ...
1..1
# tests 28
# suites 7
# pass 28
# fail 0
# cancelled 0
# skipped 0
# todo 0
# duration_ms 64.421802

=== tests/defeat-screen-ui-test.mjs ===

Defeat Screen UI Tests: 34 passed, 0 failed

=== tests/defensive-tests-presence-test.mjs ===

=== Defensive Tests Presence Guard ===
  ✅ tests/whitespace-guard-test.mjs exists
  ✅ tests/forbidden-motifs-test.mjs exists
  ✅ tests/zero-width-guard-test.mjs exists
  ✅ tests/boss-data-integrity-test.mjs exists
  ✅ tests/item-catalog-integrity-test.mjs exists
  ✅ tests/quest-data-integrity-test.mjs exists
  ✅ tests/npc-data-integrity-test.mjs exists

========================================
Defensive tests presence: 7 passed, 0 failed
========================================

=== tests/dev-menu-test.mjs ===
TAP version 13
# Subtest: isDevMode
    # Subtest: returns false by default when no storage or flag exists
    ok 1 - returns false by default when no storage or flag exists
      ---
      duration_ms: 3.405402
      type: 'test'
      ...
    1..1
ok 1 - isDevMode
  ---
  duration_ms: 4.920978
  type: 'suite'
  ...
# Subtest: setDevMode
    # Subtest: returns true when enabling and sets the global flag
    ok 1 - returns true when enabling and sets the global flag
      ---
      duration_ms: 0.428775
      type: 'test'
      ...
    # Subtest: returns false when disabling and updates the global flag
    ok 2 - returns false when disabling and updates the global flag
      ---
      duration_ms: 0.247687
      type: 'test'
      ...
    1..2
ok 2 - setDevMode
  ---
  duration_ms: 0.861437
  type: 'suite'
  ...
# Subtest: setPlayerLevel
    # Subtest: sets player to level 1 with base warrior stats
    ok 1 - sets player to level 1 with base warrior stats
      ---
      duration_ms: 1.772611
      type: 'test'
      ...
    # Subtest: raises player to level 5 and recalculates stats and xp
    ok 2 - raises player to level 5 and recalculates stats and xp
      ---
      duration_ms: 0.568674
      type: 'test'
      ...
    # Subtest: handles level 99 with extrapolated stats and xp floor
    ok 3 - handles level 99 with extrapolated stats and xp floor
      ---
      duration_ms: 0.432011
      type: 'test'
      ...
    # Subtest: throws when level is below 1
    ok 4 - throws when level is below 1
      ---
      duration_ms: 0.694667
      type: 'test'
      ...
    # Subtest: throws when level is above 99
    ok 5 - throws when level is above 99
      ---
      duration_ms: 0.300739
      type: 'test'
      ...
    # Subtest: throws when level is not an integer
    ok 6 - throws when level is not an integer
      ---
      duration_ms: 0.385011
      type: 'test'
      ...
    1..6
ok 3 - setPlayerLevel
  ---
  duration_ms: 5.188602
  type: 'suite'
  ...
# Subtest: setPlayerGold
    # Subtest: sets gold to zero
    ok 1 - sets gold to zero
      ---
      duration_ms: 0.552964
      type: 'test'
      ...
    # Subtest: sets gold to a positive value
    ok 2 - sets gold to a positive value
      ---
      duration_ms: 0.267315
      type: 'test'
      ...
    # Subtest: throws when setting gold to negative
    ok 3 - throws when setting gold to negative
      ---
      duration_ms: 0.295809
      type: 'test'
      ...
    1..3
ok 4 - setPlayerGold
  ---
  duration_ms: 1.343565
  type: 'suite'
  ...
# Subtest: addGold
    # Subtest: adds positive gold amounts
    ok 1 - adds positive gold amounts
      ---
      duration_ms: 0.362928
      type: 'test'
      ...
    # Subtest: subtracts gold when adding negative amounts
    ok 2 - subtracts gold when adding negative amounts
      ---
      duration_ms: 0.228831
      type: 'test'
      ...
    # Subtest: clamps gold to zero when subtraction would go negative
    ok 3 - clamps gold to zero when subtraction would go negative
      ---
      duration_ms: 0.175068
      type: 'test'
      ...
    1..3
ok 5 - addGold
  ---
  duration_ms: 0.993792
  type: 'suite'
  ...
# Subtest: addItem
    # Subtest: adds one potion by default
    ok 1 - adds one potion by default
      ---
      duration_ms: 0.380122
      type: 'test'
      ...
    # Subtest: adds a custom quantity of potion
    ok 2 - adds a custom quantity of potion
      ---
      duration_ms: 1.566353
      type: 'test'
      ...
    # Subtest: throws for unknown items
    ok 3 - throws for unknown items
      ---
      duration_ms: 0.293163
      type: 'test'
      ...
    # Subtest: throws when quantity is zero
    ok 4 - throws when quantity is zero
      ---
      duration_ms: 0.200917
      type: 'test'
      ...
    1..4
ok 6 - addItem
  ---
  duration_ms: 2.634639
  type: 'suite'
  ...
# Subtest: teleportToRoom
    # Subtest: teleports to the northwest room and resets position
    not ok 1 - teleports to the northwest room and resets position
      ---
      duration_ms: 1.607783
      type: 'test'
      location: '/home/computeruse/rpg-game/tests/dev-menu-test.mjs:247:3'
      failureType: 'testCodeFailure'
      error: |-
        Expected values to be strictly equal:
        
        3 !== 6
        
      code: 'ERR_ASSERTION'
      name: 'AssertionError'
      expected: 6
      actual: 3
      operator: 'strictEqual'
      stack: |-
        TestContext.<anonymous> (file:///home/computeruse/rpg-game/tests/dev-menu-test.mjs:253:12)
        Test.runInAsyncScope (node:async_hooks:214:14)
        Test.run (node:internal/test_runner/test:1047:25)
        Test.start (node:internal/test_runner/test:944:17)
        node:internal/test_runner/test:1440:71
        node:internal/per_context/primordials:466:82
        new Promise (<anonymous>)
        new SafePromise (node:internal/per_context/primordials:435:3)
        node:internal/per_context/primordials:466:9
        Array.map (<anonymous>)
      ...
    # Subtest: teleports back to center room from another position
    not ok 2 - teleports back to center room from another position
      ---
      duration_ms: 0.591218
      type: 'test'
      location: '/home/computeruse/rpg-game/tests/dev-menu-test.mjs:256:3'
      failureType: 'testCodeFailure'
      error: |-
        Expected values to be strictly equal:
        
        3 !== 6
        
      code: 'ERR_ASSERTION'
      name: 'AssertionError'
      expected: 6
      actual: 3
      operator: 'strictEqual'
      stack: |-
        TestContext.<anonymous> (file:///home/computeruse/rpg-game/tests/dev-menu-test.mjs:263:12)
        Test.runInAsyncScope (node:async_hooks:214:14)
        Test.run (node:internal/test_runner/test:1047:25)
        Suite.processPendingSubtests (node:internal/test_runner/test:744:18)
        Test.postRun (node:internal/test_runner/test:1173:19)
        Test.run (node:internal/test_runner/test:1101:12)
        async Promise.all (index 0)
        async Suite.run (node:internal/test_runner/test:1442:7)
        async Test.processPendingSubtests (node:internal/test_runner/test:744:7)
      ...
    # Subtest: throws for invalid room id
    ok 3 - throws for invalid room id
      ---
      duration_ms: 0.953664
      type: 'test'
      ...
    1..3
not ok 7 - teleportToRoom
  ---
  duration_ms: 3.375874
  type: 'suite'
  location: '/home/computeruse/rpg-game/tests/dev-menu-test.mjs:246:1'
  failureType: 'subtestsFailed'
  error: '2 subtests failed'
  code: 'ERR_TEST_FAILURE'
  ...
# Subtest: triggerWorldEvent
    # Subtest: triggers the merchant caravan event with deterministic duration
    ok 1 - triggers the merchant caravan event with deterministic duration
      ---
      duration_ms: 0.391503
      type: 'test'
      ...
    # Subtest: throws for unknown world events
    ok 2 - throws for unknown world events
      ---
      duration_ms: 0.189836
      type: 'test'
      ...
    1..2
ok 8 - triggerWorldEvent
  ---
  duration_ms: 0.687072
  type: 'suite'
  ...
# Subtest: clearWorldEvent
    # Subtest: clears the current world event without touching player data
    ok 1 - clears the current world event without touching player data
      ---
      duration_ms: 0.242457
      type: 'test'
      ...
    1..1
ok 9 - clearWorldEvent
  ---
  duration_ms: 0.380842
  type: 'suite'
  ...
# Subtest: toggleGodMode
    # Subtest: enables god mode and caps stats to 9999
    ok 1 - enables god mode and caps stats to 9999
      ---
      duration_ms: 0.487198
      type: 'test'
      ...
    # Subtest: restores previous stats when disabling god mode
    ok 2 - restores previous stats when disabling god mode
      ---
      duration_ms: 0.248157
      type: 'test'
      ...
    1..2
ok 10 - toggleGodMode
  ---
  duration_ms: 0.853842
  type: 'suite'
  ...
# Subtest: fullRestore
    # Subtest: restores hp and mp to their maximum values
    ok 1 - restores hp and mp to their maximum values
      ---
      duration_ms: 0.235253
      type: 'test'
      ...
    1..1
ok 11 - fullRestore
  ---
  duration_ms: 0.30164
  type: 'suite'
  ...
1..11
# tests 28
# suites 11
# pass 26
# fail 2
# cancelled 0
# skipped 0
# todo 0
# duration_ms 74.435717
